07-03 16:31:17.071  2361  2361 E miui_face: start face unlock  fail:;isSupportFaceUnlock=true;isFaceFeatureEnabled=true;hasEnrolledFaces=false;isFaceUnlockApplyForKeyguard=false;isOwnerUser=true
07-03 16:31:17.766  2361  2361 E miui_face: start face unlock  fail:;isSupportFaceUnlock=true;isFaceFeatureEnabled=true;hasEnrolledFaces=false;isFaceUnlockApplyForKeyguard=false;isOwnerUser=true
07-03 16:33:16.119  2361  2813 E IWirelessSwitch: getWirelessChargingStatus transact failed. java.util.NoSuchElementException
07-03 16:33:16.119  2361  2813 E IWirelessSwitch: Failed calling getWirelessChargingStatus!
07-03 16:33:16.165  2361  2813 E IWirelessSwitch: getWirelessChargingStatus transact failed. java.util.NoSuchElementException
07-03 16:33:16.165  2361  2813 E IWirelessSwitch: Failed calling getWirelessChargingStatus!
07-03 16:33:16.166  2361  2813 E IWirelessSwitch: getWirelessChargingStatus transact failed. java.util.NoSuchElementException
07-03 16:33:16.166  2361  2813 E IWirelessSwitch: Failed calling getWirelessChargingStatus!
07-03 16:33:16.167  2361  2813 E IWirelessSwitch: getWirelessChargingStatus transact failed. java.util.NoSuchElementException
07-03 16:33:16.167  2361  2813 E IWirelessSwitch: Failed calling getWirelessChargingStatus!
07-03 16:33:21.631  2361  2361 E miui_face: start face unlock  fail:;isSupportFaceUnlock=true;isFaceFeatureEnabled=true;hasEnrolledFaces=false;isFaceUnlockApplyForKeyguard=false;isOwnerUser=true
07-03 16:33:23.270  2361  2361 E miui_face: start face unlock  fail:;isSupportFaceUnlock=true;isFaceFeatureEnabled=true;hasEnrolledFaces=false;isFaceUnlockApplyForKeyguard=false;isOwnerUser=true
07-03 16:34:23.328  2361  2361 E miui_face: start face unlock  fail:;isSupportFaceUnlock=true;isFaceFeatureEnabled=true;hasEnrolledFaces=false;isFaceUnlockApplyForKeyguard=false;isOwnerUser=true
07-03 16:35:32.629  2361  2813 E IWirelessSwitch: getWirelessChargingStatus transact failed. java.util.NoSuchElementException
07-03 16:35:32.629  2361  2813 E IWirelessSwitch: Failed calling getWirelessChargingStatus!
07-03 16:35:32.632  2361  2813 E IWirelessSwitch: getWirelessChargingStatus transact failed. java.util.NoSuchElementException
07-03 16:35:32.632  2361  2813 E IWirelessSwitch: Failed calling getWirelessChargingStatus!
07-03 16:35:32.635  2361  2813 E IWirelessSwitch: getWirelessChargingStatus transact failed. java.util.NoSuchElementException
07-03 16:35:32.635  2361  2813 E IWirelessSwitch: Failed calling getWirelessChargingStatus!
07-03 16:35:32.636  2361  2813 E IWirelessSwitch: getWirelessChargingStatus transact failed. java.util.NoSuchElementException
07-03 16:35:32.636  2361  2813 E IWirelessSwitch: Failed calling getWirelessChargingStatus!
07-03 16:35:33.389  2361  2813 E IWirelessSwitch: getWirelessChargingStatus transact failed. java.util.NoSuchElementException
07-03 16:35:33.389  2361  2813 E IWirelessSwitch: Failed calling getWirelessChargingStatus!
07-03 16:35:33.391  2361  2813 E IWirelessSwitch: getWirelessChargingStatus transact failed. java.util.NoSuchElementException
07-03 16:35:33.391  2361  2813 E IWirelessSwitch: Failed calling getWirelessChargingStatus!
07-03 16:35:33.394  2361  2813 E IWirelessSwitch: getWirelessChargingStatus transact failed. java.util.NoSuchElementException
07-03 16:35:33.394  2361  2813 E IWirelessSwitch: Failed calling getWirelessChargingStatus!
07-03 16:35:33.396  2361  2813 E IWirelessSwitch: getWirelessChargingStatus transact failed. java.util.NoSuchElementException
07-03 16:35:33.396  2361  2813 E IWirelessSwitch: Failed calling getWirelessChargingStatus!
07-03 16:41:38.694 18972 18972 E LoadedApk: Unable to instantiate appComponentFactory
07-03 16:41:38.694 18972 18972 E LoadedApk: java.lang.ClassNotFoundException: Didn't find class "androidx.core.app.CoreComponentFactory" on path: DexPathList[[zip file "/data/app/com.miui.cloudservice-DyMAaNPllEQLEzp1mMyBiw==/base.apk"],nativeLibraryDirectories=[/data/app/com.miui.cloudservice-DyMAaNPllEQLEzp1mMyBiw==/lib/arm64, /data/app/com.miui.cloudservice-DyMAaNPllEQLEzp1mMyBiw==/base.apk!/lib/arm64-v8a, /system/priv-app/RtMiCloudSDK/RtMiCloudSDK.apk!/lib/arm64-v8a, /system/lib64, /product/lib64]]
07-03 16:41:38.694 18972 18972 E LoadedApk: 	at dalvik.system.BaseDexClassLoader.findClass(BaseDexClassLoader.java:230)
07-03 16:41:38.694 18972 18972 E LoadedApk: 	at java.lang.ClassLoader.loadClass(ClassLoader.java:379)
07-03 16:41:38.694 18972 18972 E LoadedApk: 	at java.lang.ClassLoader.loadClass(ClassLoader.java:312)
07-03 16:41:38.694 18972 18972 E LoadedApk: 	at android.app.LoadedApk.createAppFactory(LoadedApk.java:258)
07-03 16:41:38.694 18972 18972 E LoadedApk: 	at android.app.LoadedApk.createOrUpdateClassLoaderLocked(LoadedApk.java:857)
07-03 16:41:38.694 18972 18972 E LoadedApk: 	at android.app.LoadedApk.getClassLoader(LoadedApk.java:952)
07-03 16:41:38.694 18972 18972 E LoadedApk: 	at android.app.LoadedApk.getResources(LoadedApk.java:1190)
07-03 16:41:38.694 18972 18972 E LoadedApk: 	at android.app.ContextImpl.createAppContext(ContextImpl.java:2474)
07-03 16:41:38.694 18972 18972 E LoadedApk: 	at android.app.ContextImpl.createAppContext(ContextImpl.java:2466)
07-03 16:41:38.694 18972 18972 E LoadedApk: 	at android.app.ActivityThread.handleBindApplication(ActivityThread.java:6454)
07-03 16:41:38.694 18972 18972 E LoadedApk: 	at android.app.ActivityThread.access$1400(ActivityThread.java:229)
07-03 16:41:38.694 18972 18972 E LoadedApk: 	at android.app.ActivityThread$H.handleMessage(ActivityThread.java:1892)
07-03 16:41:38.694 18972 18972 E LoadedApk: 	at android.os.Handler.dispatchMessage(Handler.java:107)
07-03 16:41:38.694 18972 18972 E LoadedApk: 	at android.os.Looper.loop(Looper.java:224)
07-03 16:41:38.694 18972 18972 E LoadedApk: 	at android.app.ActivityThread.main(ActivityThread.java:7565)
07-03 16:41:38.694 18972 18972 E LoadedApk: 	at java.lang.reflect.Method.invoke(Native Method)
07-03 16:41:38.694 18972 18972 E LoadedApk: 	at com.android.internal.os.RuntimeInit$MethodAndArgsCaller.run(RuntimeInit.java:539)
07-03 16:41:38.694 18972 18972 E LoadedApk: 	at com.android.internal.os.ZygoteInit.main(ZygoteInit.java:950)
07-03 16:43:16.313  2361  2813 E IWirelessSwitch: getWirelessChargingStatus transact failed. java.util.NoSuchElementException
07-03 16:43:16.313  2361  2813 E IWirelessSwitch: Failed calling getWirelessChargingStatus!
07-03 16:43:16.375  2361  2813 E IWirelessSwitch: getWirelessChargingStatus transact failed. java.util.NoSuchElementException
07-03 16:43:16.375  2361  2813 E IWirelessSwitch: Failed calling getWirelessChargingStatus!
07-03 16:43:16.376  2361  2813 E IWirelessSwitch: getWirelessChargingStatus transact failed. java.util.NoSuchElementException
07-03 16:43:16.376  2361  2813 E IWirelessSwitch: Failed calling getWirelessChargingStatus!
07-03 16:43:16.378  2361  2813 E IWirelessSwitch: getWirelessChargingStatus transact failed. java.util.NoSuchElementException
07-03 16:43:16.378  2361  2813 E IWirelessSwitch: Failed calling getWirelessChargingStatus!
07-03 16:45:32.647  2361  2813 E IWirelessSwitch: getWirelessChargingStatus transact failed. java.util.NoSuchElementException
07-03 16:45:32.647  2361  2813 E IWirelessSwitch: Failed calling getWirelessChargingStatus!
07-03 16:45:32.649  2361  2813 E IWirelessSwitch: getWirelessChargingStatus transact failed. java.util.NoSuchElementException
07-03 16:45:32.649  2361  2813 E IWirelessSwitch: Failed calling getWirelessChargingStatus!
07-03 16:45:32.651  2361  2813 E IWirelessSwitch: getWirelessChargingStatus transact failed. java.util.NoSuchElementException
07-03 16:45:32.652  2361  2813 E IWirelessSwitch: Failed calling getWirelessChargingStatus!
07-03 16:45:32.653  2361  2813 E IWirelessSwitch: getWirelessChargingStatus transact failed. java.util.NoSuchElementException
07-03 16:45:32.653  2361  2813 E IWirelessSwitch: Failed calling getWirelessChargingStatus!
07-03 16:45:33.404  2361  2813 E IWirelessSwitch: getWirelessChargingStatus transact failed. java.util.NoSuchElementException
07-03 16:45:33.404  2361  2813 E IWirelessSwitch: Failed calling getWirelessChargingStatus!
07-03 16:45:33.406  2361  2813 E IWirelessSwitch: getWirelessChargingStatus transact failed. java.util.NoSuchElementException
07-03 16:45:33.406  2361  2813 E IWirelessSwitch: Failed calling getWirelessChargingStatus!
07-03 16:45:33.408  2361  2813 E IWirelessSwitch: getWirelessChargingStatus transact failed. java.util.NoSuchElementException
07-03 16:45:33.408  2361  2813 E IWirelessSwitch: Failed calling getWirelessChargingStatus!
07-03 16:45:33.409  2361  2813 E IWirelessSwitch: getWirelessChargingStatus transact failed. java.util.NoSuchElementException
07-03 16:45:33.409  2361  2813 E IWirelessSwitch: Failed calling getWirelessChargingStatus!
07-03 16:53:16.471  2361  2813 E IWirelessSwitch: getWirelessChargingStatus transact failed. java.util.NoSuchElementException
07-03 16:53:16.471  2361  2813 E IWirelessSwitch: Failed calling getWirelessChargingStatus!
07-03 16:53:16.515  2361  2813 E IWirelessSwitch: getWirelessChargingStatus transact failed. java.util.NoSuchElementException
07-03 16:53:16.515  2361  2813 E IWirelessSwitch: Failed calling getWirelessChargingStatus!
07-03 16:53:16.517  2361  2813 E IWirelessSwitch: getWirelessChargingStatus transact failed. java.util.NoSuchElementException
07-03 16:53:16.517  2361  2813 E IWirelessSwitch: Failed calling getWirelessChargingStatus!
07-03 16:53:16.518  2361  2813 E IWirelessSwitch: getWirelessChargingStatus transact failed. java.util.NoSuchElementException
07-03 16:53:16.518  2361  2813 E IWirelessSwitch: Failed calling getWirelessChargingStatus!
07-03 16:55:32.661  2361  2813 E IWirelessSwitch: getWirelessChargingStatus transact failed. java.util.NoSuchElementException
07-03 16:55:32.661  2361  2813 E IWirelessSwitch: Failed calling getWirelessChargingStatus!
07-03 16:55:32.663  2361  2813 E IWirelessSwitch: getWirelessChargingStatus transact failed. java.util.NoSuchElementException
07-03 16:55:32.663  2361  2813 E IWirelessSwitch: Failed calling getWirelessChargingStatus!
07-03 16:55:32.665  2361  2813 E IWirelessSwitch: getWirelessChargingStatus transact failed. java.util.NoSuchElementException
07-03 16:55:32.665  2361  2813 E IWirelessSwitch: Failed calling getWirelessChargingStatus!
07-03 16:55:32.666  2361  2813 E IWirelessSwitch: getWirelessChargingStatus transact failed. java.util.NoSuchElementException
07-03 16:55:32.666  2361  2813 E IWirelessSwitch: Failed calling getWirelessChargingStatus!
07-03 16:55:33.419  2361  2813 E IWirelessSwitch: getWirelessChargingStatus transact failed. java.util.NoSuchElementException
07-03 16:55:33.420  2361  2813 E IWirelessSwitch: Failed calling getWirelessChargingStatus!
07-03 16:55:33.422  2361  2813 E IWirelessSwitch: getWirelessChargingStatus transact failed. java.util.NoSuchElementException
07-03 16:55:33.422  2361  2813 E IWirelessSwitch: Failed calling getWirelessChargingStatus!
07-03 16:55:33.424  2361  2813 E IWirelessSwitch: getWirelessChargingStatus transact failed. java.util.NoSuchElementException
07-03 16:55:33.424  2361  2813 E IWirelessSwitch: Failed calling getWirelessChargingStatus!
07-03 16:55:33.428  2361  2813 E IWirelessSwitch: getWirelessChargingStatus transact failed. java.util.NoSuchElementException
07-03 16:55:33.428  2361  2813 E IWirelessSwitch: Failed calling getWirelessChargingStatus!
07-03 16:58:59.956  2361  2361 E miui_face: start face unlock  fail:;isSupportFaceUnlock=true;isFaceFeatureEnabled=true;hasEnrolledFaces=false;isFaceUnlockApplyForKeyguard=false;isOwnerUser=true
07-03 16:59:01.135  2361  2361 E miui_face: start face unlock  fail:;isSupportFaceUnlock=true;isFaceFeatureEnabled=true;hasEnrolledFaces=false;isFaceUnlockApplyForKeyguard=false;isOwnerUser=true
07-03 17:03:16.656  2361  2813 E IWirelessSwitch: getWirelessChargingStatus transact failed. java.util.NoSuchElementException
07-03 17:03:16.657  2361  2813 E IWirelessSwitch: Failed calling getWirelessChargingStatus!
07-03 17:03:16.718  2361  2813 E IWirelessSwitch: getWirelessChargingStatus transact failed. java.util.NoSuchElementException
07-03 17:03:16.718  2361  2813 E IWirelessSwitch: Failed calling getWirelessChargingStatus!
07-03 17:03:16.719  2361  2813 E IWirelessSwitch: getWirelessChargingStatus transact failed. java.util.NoSuchElementException
07-03 17:03:16.719  2361  2813 E IWirelessSwitch: Failed calling getWirelessChargingStatus!
07-03 17:03:16.720  2361  2813 E IWirelessSwitch: getWirelessChargingStatus transact failed. java.util.NoSuchElementException
07-03 17:03:16.720  2361  2813 E IWirelessSwitch: Failed calling getWirelessChargingStatus!
07-03 17:05:32.673  2361  2813 E IWirelessSwitch: getWirelessChargingStatus transact failed. java.util.NoSuchElementException
07-03 17:05:32.673  2361  2813 E IWirelessSwitch: Failed calling getWirelessChargingStatus!
07-03 17:05:32.676  2361  2813 E IWirelessSwitch: getWirelessChargingStatus transact failed. java.util.NoSuchElementException
07-03 17:05:32.676  2361  2813 E IWirelessSwitch: Failed calling getWirelessChargingStatus!
07-03 17:05:32.678  2361  2813 E IWirelessSwitch: getWirelessChargingStatus transact failed. java.util.NoSuchElementException
07-03 17:05:32.678  2361  2813 E IWirelessSwitch: Failed calling getWirelessChargingStatus!
07-03 17:05:32.679  2361  2813 E IWirelessSwitch: getWirelessChargingStatus transact failed. java.util.NoSuchElementException
07-03 17:05:32.679  2361  2813 E IWirelessSwitch: Failed calling getWirelessChargingStatus!
07-03 17:05:33.437  2361  2813 E IWirelessSwitch: getWirelessChargingStatus transact failed. java.util.NoSuchElementException
07-03 17:05:33.437  2361  2813 E IWirelessSwitch: Failed calling getWirelessChargingStatus!
07-03 17:05:33.438  2361  2813 E IWirelessSwitch: getWirelessChargingStatus transact failed. java.util.NoSuchElementException
07-03 17:05:33.439  2361  2813 E IWirelessSwitch: Failed calling getWirelessChargingStatus!
07-03 17:05:33.441  2361  2813 E IWirelessSwitch: getWirelessChargingStatus transact failed. java.util.NoSuchElementException
07-03 17:05:33.442  2361  2813 E IWirelessSwitch: Failed calling getWirelessChargingStatus!
07-03 17:05:33.444  2361  2813 E IWirelessSwitch: getWirelessChargingStatus transact failed. java.util.NoSuchElementException
07-03 17:05:33.444  2361  2813 E IWirelessSwitch: Failed calling getWirelessChargingStatus!
07-03 17:14:43.109  2361  2361 E miui_face: start face unlock  fail:;isSupportFaceUnlock=true;isFaceFeatureEnabled=true;hasEnrolledFaces=false;isFaceUnlockApplyForKeyguard=false;isOwnerUser=true
07-03 17:17:09.184  2361  2361 E miui_face: start face unlock  fail:;isSupportFaceUnlock=true;isFaceFeatureEnabled=true;hasEnrolledFaces=false;isFaceUnlockApplyForKeyguard=false;isOwnerUser=true
07-03 17:17:10.639  2361  2361 E miui_face: start face unlock  fail:;isSupportFaceUnlock=true;isFaceFeatureEnabled=true;hasEnrolledFaces=false;isFaceUnlockApplyForKeyguard=false;isOwnerUser=true
07-03 17:17:19.407 26278 26328 E ActivityThread: Failed to find provider info for media
07-03 17:17:19.451 26278 26328 E ActivityThread: Failed to find provider info for com.google.android.gsf.gservices
07-03 17:17:19.512 26278 26333 E ActivityThread: Failed to find provider info for com.google.android.gsf.gservices
07-03 17:17:22.730 26375 26375 E LoadedApk: Unable to instantiate appComponentFactory
07-03 17:17:22.730 26375 26375 E LoadedApk: java.lang.ClassNotFoundException: Didn't find class "androidx.core.app.CoreComponentFactory" on path: DexPathList[[zip file "/system/priv-app/MiuiGallery/MiuiGallery.apk"],nativeLibraryDirectories=[/system/priv-app/MiuiGallery/lib/arm64, /system/lib64, /product/lib64, /system/lib64, /product/lib64]]
07-03 17:17:22.730 26375 26375 E LoadedApk: 	at dalvik.system.BaseDexClassLoader.findClass(BaseDexClassLoader.java:230)
07-03 17:17:22.730 26375 26375 E LoadedApk: 	at java.lang.ClassLoader.loadClass(ClassLoader.java:379)
07-03 17:17:22.730 26375 26375 E LoadedApk: 	at java.lang.ClassLoader.loadClass(ClassLoader.java:312)
07-03 17:17:22.730 26375 26375 E LoadedApk: 	at android.app.LoadedApk.createAppFactory(LoadedApk.java:258)
07-03 17:17:22.730 26375 26375 E LoadedApk: 	at android.app.LoadedApk.createOrUpdateClassLoaderLocked(LoadedApk.java:857)
07-03 17:17:22.730 26375 26375 E LoadedApk: 	at android.app.LoadedApk.getClassLoader(LoadedApk.java:952)
07-03 17:17:22.730 26375 26375 E LoadedApk: 	at android.app.LoadedApk.getResources(LoadedApk.java:1190)
07-03 17:17:22.730 26375 26375 E LoadedApk: 	at android.app.ContextImpl.createAppContext(ContextImpl.java:2474)
07-03 17:17:22.730 26375 26375 E LoadedApk: 	at android.app.ContextImpl.createAppContext(ContextImpl.java:2466)
07-03 17:17:22.730 26375 26375 E LoadedApk: 	at android.app.ActivityThread.handleBindApplication(ActivityThread.java:6454)
07-03 17:17:22.730 26375 26375 E LoadedApk: 	at android.app.ActivityThread.access$1400(ActivityThread.java:229)
07-03 17:17:22.730 26375 26375 E LoadedApk: 	at android.app.ActivityThread$H.handleMessage(ActivityThread.java:1892)
07-03 17:17:22.730 26375 26375 E LoadedApk: 	at android.os.Handler.dispatchMessage(Handler.java:107)
07-03 17:17:22.730 26375 26375 E LoadedApk: 	at android.os.Looper.loop(Looper.java:224)
07-03 17:17:22.730 26375 26375 E LoadedApk: 	at android.app.ActivityThread.main(ActivityThread.java:7565)
07-03 17:17:22.730 26375 26375 E LoadedApk: 	at java.lang.reflect.Method.invoke(Native Method)
07-03 17:17:22.730 26375 26375 E LoadedApk: 	at com.android.internal.os.RuntimeInit$MethodAndArgsCaller.run(RuntimeInit.java:539)
07-03 17:17:22.730 26375 26375 E LoadedApk: 	at com.android.internal.os.ZygoteInit.main(ZygoteInit.java:950)
07-03 17:17:22.766  2361  2813 E IWirelessSwitch: getWirelessChargingStatus transact failed. java.util.NoSuchElementException
07-03 17:17:22.766  2361  2813 E IWirelessSwitch: Failed calling getWirelessChargingStatus!
07-03 17:17:22.798  2361  2813 E IWirelessSwitch: getWirelessChargingStatus transact failed. java.util.NoSuchElementException
07-03 17:17:22.798  2361  2813 E IWirelessSwitch: Failed calling getWirelessChargingStatus!
07-03 17:17:22.799  2361  2813 E IWirelessSwitch: getWirelessChargingStatus transact failed. java.util.NoSuchElementException
07-03 17:17:22.799  2361  2813 E IWirelessSwitch: Failed calling getWirelessChargingStatus!
07-03 17:17:22.800  2361  2813 E IWirelessSwitch: getWirelessChargingStatus transact failed. java.util.NoSuchElementException
07-03 17:17:22.800  2361  2813 E IWirelessSwitch: Failed calling getWirelessChargingStatus!
07-03 17:17:28.485 26642 26683 E ActivityThread: Failed to find provider info for com.yandex.passport.internal.provider.ru.yandex.searchplugin
07-03 17:17:28.488 26642 26683 E ActivityThread: Failed to find provider info for com.yandex.passport.internal.provider.ru.yandex.searchplugin
07-03 17:18:09.017 26375 26375 E ActivityThread: Activity com.miui.gallery.activity.InternalPhotoPageActivity has leaked IntentReceiver com.miui.mishare.app.view.MiShareGalleryTransferView$MiShareTaskStateReceiver@39ae5f6 that was originally registered here. Are you missing a call to unregisterReceiver()?
07-03 17:18:09.017 26375 26375 E ActivityThread: android.app.IntentReceiverLeaked: Activity com.miui.gallery.activity.InternalPhotoPageActivity has leaked IntentReceiver com.miui.mishare.app.view.MiShareGalleryTransferView$MiShareTaskStateReceiver@39ae5f6 that was originally registered here. Are you missing a call to unregisterReceiver()?
07-03 17:18:09.017 26375 26375 E ActivityThread: 	at android.app.LoadedApk$ReceiverDispatcher.<init>(LoadedApk.java:1596)
07-03 17:18:09.017 26375 26375 E ActivityThread: 	at android.app.LoadedApk.getReceiverDispatcher(LoadedApk.java:1372)
07-03 17:18:09.017 26375 26375 E ActivityThread: 	at android.app.ContextImpl.registerReceiverInternal(ContextImpl.java:1525)
07-03 17:18:09.017 26375 26375 E ActivityThread: 	at android.app.ContextImpl.registerReceiver(ContextImpl.java:1498)
07-03 17:18:09.017 26375 26375 E ActivityThread: 	at android.app.ContextImpl.registerReceiver(ContextImpl.java:1486)
07-03 17:18:09.017 26375 26375 E ActivityThread: 	at android.content.ContextWrapper.registerReceiver(ContextWrapper.java:637)
07-03 17:18:09.017 26375 26375 E ActivityThread: 	at com.miui.mishare.app.view.MiShareGalleryTransferView.registerStateReceiver(MiShareGalleryTransferView.java:175)
07-03 17:18:09.017 26375 26375 E ActivityThread: 	at com.miui.mishare.app.view.MiShareGalleryTransferView.bind(MiShareGalleryTransferView.java:339)
07-03 17:18:09.017 26375 26375 E ActivityThread: 	at com.miui.gallery.ui.ChooserFragment.bindMishare(ChooserFragment.java:302)
07-03 17:18:09.017 26375 26375 E ActivityThread: 	at com.miui.gallery.ui.PhotoPageFragment$ChoiceManager.onSlipEnd(PhotoPageFragment.java:3338)
07-03 17:18:09.017 26375 26375 E ActivityThread: 	at com.miui.gallery.widget.slip.VerticalSlipLayout$1.run(VerticalSlipLayout.java:308)
07-03 17:18:09.017 26375 26375 E ActivityThread: 	at android.os.Handler.handleCallback(Handler.java:883)
07-03 17:18:09.017 26375 26375 E ActivityThread: 	at android.os.Handler.dispatchMessage(Handler.java:100)
07-03 17:18:09.017 26375 26375 E ActivityThread: 	at android.os.Looper.loop(Looper.java:224)
07-03 17:18:09.017 26375 26375 E ActivityThread: 	at android.app.ActivityThread.main(ActivityThread.java:7565)
07-03 17:18:09.017 26375 26375 E ActivityThread: 	at java.lang.reflect.Method.invoke(Native Method)
07-03 17:18:09.017 26375 26375 E ActivityThread: 	at com.android.internal.os.RuntimeInit$MethodAndArgsCaller.run(RuntimeInit.java:539)
07-03 17:18:09.017 26375 26375 E ActivityThread: 	at com.android.internal.os.ZygoteInit.main(ZygoteInit.java:950)
07-03 17:18:09.018 26375 26375 E ActivityThread: Activity com.miui.gallery.activity.InternalPhotoPageActivity has leaked IntentReceiver com.miui.mishare.app.view.MiShareGalleryTransferView$MiShareTaskStateReceiver@6732531 that was originally registered here. Are you missing a call to unregisterReceiver()?
07-03 17:18:09.018 26375 26375 E ActivityThread: android.app.IntentReceiverLeaked: Activity com.miui.gallery.activity.InternalPhotoPageActivity has leaked IntentReceiver com.miui.mishare.app.view.MiShareGalleryTransferView$MiShareTaskStateReceiver@6732531 that was originally registered here. Are you missing a call to unregisterReceiver()?
07-03 17:18:09.018 26375 26375 E ActivityThread: 	at android.app.LoadedApk$ReceiverDispatcher.<init>(LoadedApk.java:1596)
07-03 17:18:09.018 26375 26375 E ActivityThread: 	at android.app.LoadedApk.getReceiverDispatcher(LoadedApk.java:1372)
07-03 17:18:09.018 26375 26375 E ActivityThread: 	at android.app.ContextImpl.registerReceiverInternal(ContextImpl.java:1525)
07-03 17:18:09.018 26375 26375 E ActivityThread: 	at android.app.ContextImpl.registerReceiver(ContextImpl.java:1498)
07-03 17:18:09.018 26375 26375 E ActivityThread: 	at android.app.ContextImpl.registerReceiver(ContextImpl.java:1486)
07-03 17:18:09.018 26375 26375 E ActivityThread: 	at android.content.ContextWrapper.registerReceiver(ContextWrapper.java:637)
07-03 17:18:09.018 26375 26375 E ActivityThread: 	at com.miui.mishare.app.view.MiShareGalleryTransferView.registerStateReceiver(MiShareGalleryTransferView.java:175)
07-03 17:18:09.018 26375 26375 E ActivityThread: 	at com.miui.mishare.app.view.MiShareGalleryTransferView.bind(MiShareGalleryTransferView.java:339)
07-03 17:18:09.018 26375 26375 E ActivityThread: 	at com.miui.gallery.ui.ChooserFragment.bindMishare(ChooserFragment.java:302)
07-03 17:18:09.018 26375 26375 E ActivityThread: 	at com.miui.gallery.ui.PhotoPageFragment$ChoiceManager.onSlipEnd(PhotoPageFragment.java:3338)
07-03 17:18:09.018 26375 26375 E ActivityThread: 	at com.miui.gallery.widget.slip.VerticalSlipLayout$1.run(VerticalSlipLayout.java:308)
07-03 17:18:09.018 26375 26375 E ActivityThread: 	at android.os.Handler.handleCallback(Handler.java:883)
07-03 17:18:09.018 26375 26375 E ActivityThread: 	at android.os.Handler.dispatchMessage(Handler.java:100)
07-03 17:18:09.018 26375 26375 E ActivityThread: 	at android.os.Looper.loop(Looper.java:224)
07-03 17:18:09.018 26375 26375 E ActivityThread: 	at android.app.ActivityThread.main(ActivityThread.java:7565)
07-03 17:18:09.018 26375 26375 E ActivityThread: 	at java.lang.reflect.Method.invoke(Native Method)
07-03 17:18:09.018 26375 26375 E ActivityThread: 	at com.android.internal.os.RuntimeInit$MethodAndArgsCaller.run(RuntimeInit.java:539)
07-03 17:18:09.018 26375 26375 E ActivityThread: 	at com.android.internal.os.ZygoteInit.main(ZygoteInit.java:950)
07-03 17:18:09.019 26375 26375 E ActivityThread: Activity com.miui.gallery.activity.InternalPhotoPageActivity has leaked IntentReceiver com.miui.mishare.app.view.MiShareGalleryTransferView$MiShareTaskStateReceiver@befab94 that was originally registered here. Are you missing a call to unregisterReceiver()?
07-03 17:18:09.019 26375 26375 E ActivityThread: android.app.IntentReceiverLeaked: Activity com.miui.gallery.activity.InternalPhotoPageActivity has leaked IntentReceiver com.miui.mishare.app.view.MiShareGalleryTransferView$MiShareTaskStateReceiver@befab94 that was originally registered here. Are you missing a call to unregisterReceiver()?
07-03 17:18:09.019 26375 26375 E ActivityThread: 	at android.app.LoadedApk$ReceiverDispatcher.<init>(LoadedApk.java:1596)
07-03 17:18:09.019 26375 26375 E ActivityThread: 	at android.app.LoadedApk.getReceiverDispatcher(LoadedApk.java:1372)
07-03 17:18:09.019 26375 26375 E ActivityThread: 	at android.app.ContextImpl.registerReceiverInternal(ContextImpl.java:1525)
07-03 17:18:09.019 26375 26375 E ActivityThread: 	at android.app.ContextImpl.registerReceiver(ContextImpl.java:1498)
07-03 17:18:09.019 26375 26375 E ActivityThread: 	at android.app.ContextImpl.registerReceiver(ContextImpl.java:1486)
07-03 17:18:09.019 26375 26375 E ActivityThread: 	at android.content.ContextWrapper.registerReceiver(ContextWrapper.java:637)
07-03 17:18:09.019 26375 26375 E ActivityThread: 	at com.miui.mishare.app.view.MiShareGalleryTransferView.registerStateReceiver(MiShareGalleryTransferView.java:175)
07-03 17:18:09.019 26375 26375 E ActivityThread: 	at com.miui.mishare.app.view.MiShareGalleryTransferView.bind(MiShareGalleryTransferView.java:339)
07-03 17:18:09.019 26375 26375 E ActivityThread: 	at com.miui.gallery.ui.ChooserFragment.bindMishare(ChooserFragment.java:302)
07-03 17:18:09.019 26375 26375 E ActivityThread: 	at com.miui.gallery.ui.PhotoPageFragment$ChoiceManager.onSlipEnd(PhotoPageFragment.java:3338)
07-03 17:18:09.019 26375 26375 E ActivityThread: 	at com.miui.gallery.widget.slip.VerticalSlipLayout$1.run(VerticalSlipLayout.java:308)
07-03 17:18:09.019 26375 26375 E ActivityThread: 	at android.os.Handler.handleCallback(Handler.java:883)
07-03 17:18:09.019 26375 26375 E ActivityThread: 	at android.os.Handler.dispatchMessage(Handler.java:100)
07-03 17:18:09.019 26375 26375 E ActivityThread: 	at android.os.Looper.loop(Looper.java:224)
07-03 17:18:09.019 26375 26375 E ActivityThread: 	at android.app.ActivityThread.main(ActivityThread.java:7565)
07-03 17:18:09.019 26375 26375 E ActivityThread: 	at java.lang.reflect.Method.invoke(Native Method)
07-03 17:18:09.019 26375 26375 E ActivityThread: 	at com.android.internal.os.RuntimeInit$MethodAndArgsCaller.run(RuntimeInit.java:539)
07-03 17:18:09.019 26375 26375 E ActivityThread: 	at com.android.internal.os.ZygoteInit.main(ZygoteInit.java:950)
07-03 17:19:57.427  2361  2361 E miui_face: start face unlock  fail:;isSupportFaceUnlock=true;isFaceFeatureEnabled=true;hasEnrolledFaces=false;isFaceUnlockApplyForKeyguard=false;isOwnerUser=true
07-03 17:19:58.008  2361  2361 E miui_face: start face unlock  fail:;isSupportFaceUnlock=true;isFaceFeatureEnabled=true;hasEnrolledFaces=false;isFaceUnlockApplyForKeyguard=false;isOwnerUser=true
07-03 17:20:08.565  2361  2361 E miui_face: start face unlock  fail:;isSupportFaceUnlock=true;isFaceFeatureEnabled=true;hasEnrolledFaces=false;isFaceUnlockApplyForKeyguard=false;isOwnerUser=true
07-03 17:20:37.943  2361  2361 E miui_face: start face unlock  fail:;isSupportFaceUnlock=true;isFaceFeatureEnabled=true;hasEnrolledFaces=false;isFaceUnlockApplyForKeyguard=false;isOwnerUser=true
07-03 17:21:16.292  2361  2361 E miui_face: start face unlock  fail:;isSupportFaceUnlock=true;isFaceFeatureEnabled=true;hasEnrolledFaces=false;isFaceUnlockApplyForKeyguard=false;isOwnerUser=true
07-03 17:22:30.275  2361  2813 E IWirelessSwitch: getWirelessChargingStatus transact failed. java.util.NoSuchElementException
07-03 17:22:30.275  2361  2813 E IWirelessSwitch: Failed calling getWirelessChargingStatus!
07-03 17:22:30.295  2361  2813 E IWirelessSwitch: getWirelessChargingStatus transact failed. java.util.NoSuchElementException
07-03 17:22:30.295  2361  2813 E IWirelessSwitch: Failed calling getWirelessChargingStatus!
07-03 17:22:30.298  2361  2813 E IWirelessSwitch: getWirelessChargingStatus transact failed. java.util.NoSuchElementException
07-03 17:22:30.298  2361  2813 E IWirelessSwitch: Failed calling getWirelessChargingStatus!
07-03 17:22:30.300  2361  2813 E IWirelessSwitch: getWirelessChargingStatus transact failed. java.util.NoSuchElementException
07-03 17:22:30.300  2361  2813 E IWirelessSwitch: Failed calling getWirelessChargingStatus!
07-03 17:22:31.070  2361  2813 E IWirelessSwitch: getWirelessChargingStatus transact failed. java.util.NoSuchElementException
07-03 17:22:31.070  2361  2813 E IWirelessSwitch: Failed calling getWirelessChargingStatus!
07-03 17:22:31.071  2361  2813 E IWirelessSwitch: getWirelessChargingStatus transact failed. java.util.NoSuchElementException
07-03 17:22:31.071  2361  2813 E IWirelessSwitch: Failed calling getWirelessChargingStatus!
07-03 17:22:31.074  2361  2813 E IWirelessSwitch: getWirelessChargingStatus transact failed. java.util.NoSuchElementException
07-03 17:22:31.074  2361  2813 E IWirelessSwitch: Failed calling getWirelessChargingStatus!
07-03 17:22:31.076  2361  2813 E IWirelessSwitch: getWirelessChargingStatus transact failed. java.util.NoSuchElementException
07-03 17:22:31.076  2361  2813 E IWirelessSwitch: Failed calling getWirelessChargingStatus!
07-03 17:29:02.619 29371 29371 E LoadedApk: Unable to instantiate appComponentFactory
07-03 17:29:02.619 29371 29371 E LoadedApk: java.lang.ClassNotFoundException: Didn't find class "androidx.core.app.CoreComponentFactory" on path: DexPathList[[zip file "/data/app/com.android.providers.downloads.ui-sH7slH0RBXD65W99zIUFEQ==/base.apk"],nativeLibraryDirectories=[/data/app/com.android.providers.downloads.ui-sH7slH0RBXD65W99zIUFEQ==/lib/arm64, /system/lib64, /product/lib64]]
07-03 17:29:02.619 29371 29371 E LoadedApk: 	at dalvik.system.BaseDexClassLoader.findClass(BaseDexClassLoader.java:230)
07-03 17:29:02.619 29371 29371 E LoadedApk: 	at java.lang.ClassLoader.loadClass(ClassLoader.java:379)
07-03 17:29:02.619 29371 29371 E LoadedApk: 	at java.lang.ClassLoader.loadClass(ClassLoader.java:312)
07-03 17:29:02.619 29371 29371 E LoadedApk: 	at android.app.LoadedApk.createAppFactory(LoadedApk.java:258)
07-03 17:29:02.619 29371 29371 E LoadedApk: 	at android.app.LoadedApk.createOrUpdateClassLoaderLocked(LoadedApk.java:857)
07-03 17:29:02.619 29371 29371 E LoadedApk: 	at android.app.LoadedApk.getClassLoader(LoadedApk.java:952)
07-03 17:29:02.619 29371 29371 E LoadedApk: 	at android.app.LoadedApk.getResources(LoadedApk.java:1190)
07-03 17:29:02.619 29371 29371 E LoadedApk: 	at android.app.ContextImpl.createAppContext(ContextImpl.java:2474)
07-03 17:29:02.619 29371 29371 E LoadedApk: 	at android.app.ContextImpl.createAppContext(ContextImpl.java:2466)
07-03 17:29:02.619 29371 29371 E LoadedApk: 	at android.app.ActivityThread.handleBindApplication(ActivityThread.java:6454)
07-03 17:29:02.619 29371 29371 E LoadedApk: 	at android.app.ActivityThread.access$1400(ActivityThread.java:229)
07-03 17:29:02.619 29371 29371 E LoadedApk: 	at android.app.ActivityThread$H.handleMessage(ActivityThread.java:1892)
07-03 17:29:02.619 29371 29371 E LoadedApk: 	at android.os.Handler.dispatchMessage(Handler.java:107)
07-03 17:29:02.619 29371 29371 E LoadedApk: 	at android.os.Looper.loop(Looper.java:224)
07-03 17:29:02.619 29371 29371 E LoadedApk: 	at android.app.ActivityThread.main(ActivityThread.java:7565)
07-03 17:29:02.619 29371 29371 E LoadedApk: 	at java.lang.reflect.Method.invoke(Native Method)
07-03 17:29:02.619 29371 29371 E LoadedApk: 	at com.android.internal.os.RuntimeInit$MethodAndArgsCaller.run(RuntimeInit.java:539)
07-03 17:29:02.619 29371 29371 E LoadedApk: 	at com.android.internal.os.ZygoteInit.main(ZygoteInit.java:950)
07-03 17:41:22.557 30052 30052 E ActivityThread: Failed to find provider info for com.google.android.gsf.gservices
07-03 17:41:22.559 30052 30093 E ActivityThread: Failed to find provider info for com.google.android.gsf.gservices
07-03 17:41:22.569 30052 30093 E ActivityThread: Failed to find provider info for com.google.android.gsf.gservices
07-03 17:41:22.586 30052 30103 E ActivityThread: Failed to find provider info for com.google.android.gsf.gservices
07-03 17:41:22.627 30068 30108 E ActivityThread: Failed to find provider info for com.google.android.gsf.gservices
07-03 17:41:22.628 30068 30109 E ActivityThread: Failed to find provider info for com.google.android.gsf.gservices
07-03 17:41:22.635 30052 30103 E ActivityThread: Failed to find provider info for com.google.android.gsf.gservices
07-03 17:41:22.642 30052 30103 E ActivityThread: Failed to find provider info for com.google.android.gsf.gservices
07-03 17:41:22.643 30068 30108 E ActivityThread: Failed to find provider info for com.google.android.gsf.gservices
07-03 17:41:22.644 30052 30103 E ActivityThread: Failed to find provider info for com.google.android.gsf.gservices
07-03 17:41:22.646 30052 30103 E ActivityThread: Failed to find provider info for com.google.android.gsf.gservices
07-03 17:41:22.646 30068 30117 E ActivityThread: Failed to find provider info for com.google.android.gsf.gservices
07-03 17:41:22.647 30068 30109 E ActivityThread: Failed to find provider info for com.google.android.gsf.gservices
07-03 17:41:22.648 30068 30117 E ActivityThread: Failed to find provider info for com.google.android.gsf.gservices
07-03 17:41:22.649 30068 30108 E ActivityThread: Failed to find provider info for com.google.android.gsf.gservices
07-03 17:41:22.650 30068 30110 E ActivityThread: Failed to find provider info for com.google.android.gsf.gservices
07-03 17:41:22.652 30068 30108 E ActivityThread: Failed to find provider info for com.google.android.gsf.gservices
07-03 17:41:22.653 30068 30109 E ActivityThread: Failed to find provider info for com.google.android.gsf.gservices
07-03 17:41:22.679 30068 30110 E ActivityThread: Failed to find provider info for com.google.android.gsf.gservices
07-03 17:41:22.727 30068 30110 E ActivityThread: Failed to find provider info for com.google.android.gsf.gservices
07-03 17:41:22.730 30068 30117 E ActivityThread: Failed to find provider info for com.google.android.gsf.gservices
07-03 17:41:22.731 30068 30110 E ActivityThread: Failed to find provider info for com.google.android.gsf.gservices
07-03 17:41:22.732 30068 30117 E ActivityThread: Failed to find provider info for com.google.android.gsf.gservices
07-03 17:41:22.738 30068 30110 E ActivityThread: Failed to find provider info for com.google.android.gsf.gservices
07-03 17:41:22.746 30068 30110 E ActivityThread: Failed to find provider info for com.google.android.gsf.gservices
07-03 17:41:22.750 30052 30103 E ActivityThread: Failed to find provider info for com.google.android.gsf.gservices
07-03 17:41:22.759 30052 30103 E ActivityThread: Failed to find provider info for com.google.android.gsf.gservices
07-03 17:41:22.763 30068 30110 E ActivityThread: Failed to find provider info for com.google.android.gsf.gservices
07-03 17:41:22.773 30068 30117 E ActivityThread: Failed to find provider info for com.google.android.gsf.gservices
07-03 17:41:22.777 30068 30117 E ActivityThread: Failed to find provider info for com.google.android.gsf.gservices
07-03 17:41:22.787 30052 30094 E ActivityThread: Failed to find provider info for com.google.android.gsf.gservices
07-03 17:41:22.793 30068 30110 E ActivityThread: Failed to find provider info for com.google.android.gsf.gservices
07-03 17:41:22.796 30068 30122 E ActivityThread: Failed to find provider info for com.google.android.gsf.gservices
07-03 17:41:22.797 30068 30122 E ActivityThread: Failed to find provider info for com.google.android.gsf.gservices
07-03 17:41:22.798 30068 30110 E ActivityThread: Failed to find provider info for com.google.android.gsf.gservices
07-03 17:41:22.799 30068 30122 E ActivityThread: Failed to find provider info for com.google.android.gsf.gservices
07-03 17:41:22.800 30068 30110 E ActivityThread: Failed to find provider info for com.google.android.gsf.gservices
07-03 17:41:22.801 30068 30122 E ActivityThread: Failed to find provider info for com.google.android.gsf.gservices
07-03 17:41:22.802 30068 30110 E ActivityThread: Failed to find provider info for com.google.android.gsf.gservices
07-03 17:41:22.802 30068 30122 E ActivityThread: Failed to find provider info for com.google.android.gsf.gservices
07-03 17:41:22.803 30068 30110 E ActivityThread: Failed to find provider info for com.google.android.gsf.gservices
07-03 17:41:22.804 30068 30122 E ActivityThread: Failed to find provider info for com.google.android.gsf.gservices
07-03 17:41:22.804 30068 30110 E ActivityThread: Failed to find provider info for com.google.android.gsf.gservices
07-03 17:41:22.805 30068 30122 E ActivityThread: Failed to find provider info for com.google.android.gsf.gservices
07-03 17:41:22.806 30068 30122 E ActivityThread: Failed to find provider info for com.google.android.gsf.gservices
07-03 17:41:22.807 30052 30113 E ActivityThread: Failed to find provider info for com.google.android.gsf.gservices
07-03 17:41:22.808 30068 30122 E ActivityThread: Failed to find provider info for com.google.android.gsf.gservices
07-03 17:41:22.825 30068 30122 E ActivityThread: Failed to find provider info for com.google.android.gsf.gservices
07-03 17:41:22.825 30052 30113 E ActivityThread: Failed to find provider info for com.google.android.gsf.gservices
07-03 17:41:22.826 30068 30122 E ActivityThread: Failed to find provider info for com.google.android.gsf.gservices
07-03 17:41:22.827 30068 30110 E ActivityThread: Failed to find provider info for com.google.android.gsf.gservices
07-03 17:41:22.828 30068 30122 E ActivityThread: Failed to find provider info for com.google.android.gsf.gservices
07-03 17:41:22.835 30068 30122 E ActivityThread: Failed to find provider info for com.google.android.gsf.gservices
07-03 17:41:22.836 30052 30103 E ActivityThread: Failed to find provider info for com.google.android.gsf.gservices
07-03 17:41:22.843 30068 30122 E ActivityThread: Failed to find provider info for com.google.android.gsf.gservices
07-03 17:41:22.844 30068 30110 E ActivityThread: Failed to find provider info for com.google.android.gsf.gservices
07-03 17:41:22.845 30068 30122 E ActivityThread: Failed to find provider info for com.google.android.gsf.gservices
07-03 17:41:22.851 30068 30110 E ActivityThread: Failed to find provider info for com.google.android.gsf.gservices
07-03 17:41:22.852 30068 30122 E ActivityThread: Failed to find provider info for com.google.android.gsf.gservices
07-03 17:41:22.855 30068 30110 E ActivityThread: Failed to find provider info for com.google.android.gsf.gservices
07-03 17:41:22.861 30068 30122 E ActivityThread: Failed to find provider info for com.google.android.gsf.gservices
07-03 17:55:49.998  2361  2361 E miui_face: start face unlock  fail:;isSupportFaceUnlock=true;isFaceFeatureEnabled=true;hasEnrolledFaces=false;isFaceUnlockApplyForKeyguard=false;isOwnerUser=true
07-03 17:55:51.399  2361  2361 E miui_face: start face unlock  fail:;isSupportFaceUnlock=true;isFaceFeatureEnabled=true;hasEnrolledFaces=false;isFaceUnlockApplyForKeyguard=false;isOwnerUser=true
07-03 17:58:27.952 31865 31865 E LoadedApk: Unable to instantiate appComponentFactory
07-03 17:58:27.952 31865 31865 E LoadedApk: java.lang.ClassNotFoundException: Didn't find class "androidx.core.app.CoreComponentFactory" on path: DexPathList[[zip file "/data/app/com.miui.cloudservice-DyMAaNPllEQLEzp1mMyBiw==/base.apk"],nativeLibraryDirectories=[/data/app/com.miui.cloudservice-DyMAaNPllEQLEzp1mMyBiw==/lib/arm64, /data/app/com.miui.cloudservice-DyMAaNPllEQLEzp1mMyBiw==/base.apk!/lib/arm64-v8a, /system/priv-app/RtMiCloudSDK/RtMiCloudSDK.apk!/lib/arm64-v8a, /system/lib64, /product/lib64]]
07-03 17:58:27.952 31865 31865 E LoadedApk: 	at dalvik.system.BaseDexClassLoader.findClass(BaseDexClassLoader.java:230)
07-03 17:58:27.952 31865 31865 E LoadedApk: 	at java.lang.ClassLoader.loadClass(ClassLoader.java:379)
07-03 17:58:27.952 31865 31865 E LoadedApk: 	at java.lang.ClassLoader.loadClass(ClassLoader.java:312)
07-03 17:58:27.952 31865 31865 E LoadedApk: 	at android.app.LoadedApk.createAppFactory(LoadedApk.java:258)
07-03 17:58:27.952 31865 31865 E LoadedApk: 	at android.app.LoadedApk.createOrUpdateClassLoaderLocked(LoadedApk.java:857)
07-03 17:58:27.952 31865 31865 E LoadedApk: 	at android.app.LoadedApk.getClassLoader(LoadedApk.java:952)
07-03 17:58:27.952 31865 31865 E LoadedApk: 	at android.app.LoadedApk.getResources(LoadedApk.java:1190)
07-03 17:58:27.952 31865 31865 E LoadedApk: 	at android.app.ContextImpl.createAppContext(ContextImpl.java:2474)
07-03 17:58:27.952 31865 31865 E LoadedApk: 	at android.app.ContextImpl.createAppContext(ContextImpl.java:2466)
07-03 17:58:27.952 31865 31865 E LoadedApk: 	at android.app.ActivityThread.handleBindApplication(ActivityThread.java:6454)
07-03 17:58:27.952 31865 31865 E LoadedApk: 	at android.app.ActivityThread.access$1400(ActivityThread.java:229)
07-03 17:58:27.952 31865 31865 E LoadedApk: 	at android.app.ActivityThread$H.handleMessage(ActivityThread.java:1892)
07-03 17:58:27.952 31865 31865 E LoadedApk: 	at android.os.Handler.dispatchMessage(Handler.java:107)
07-03 17:58:27.952 31865 31865 E LoadedApk: 	at android.os.Looper.loop(Looper.java:224)
07-03 17:58:27.952 31865 31865 E LoadedApk: 	at android.app.ActivityThread.main(ActivityThread.java:7565)
07-03 17:58:27.952 31865 31865 E LoadedApk: 	at java.lang.reflect.Method.invoke(Native Method)
07-03 17:58:27.952 31865 31865 E LoadedApk: 	at com.android.internal.os.RuntimeInit$MethodAndArgsCaller.run(RuntimeInit.java:539)
07-03 17:58:27.952 31865 31865 E LoadedApk: 	at com.android.internal.os.ZygoteInit.main(ZygoteInit.java:950)
07-03 18:02:22.977  2361  2361 E miui_face: start face unlock  fail:;isSupportFaceUnlock=true;isFaceFeatureEnabled=true;hasEnrolledFaces=false;isFaceUnlockApplyForKeyguard=false;isOwnerUser=true
07-03 18:08:50.781   696  1409 E NetlinkEvent: NetlinkEvent::FindParam(): Parameter 'INTERFACE' not found
07-03 18:08:50.781   696  1409 E NetlinkEvent: NetlinkEvent::FindParam(): Parameter 'STATE' not found
07-03 18:08:50.781   696  1409 E NetlinkEvent: NetlinkEvent::FindParam(): Parameter 'TIME_NS' not found
07-03 18:08:50.781   696  1409 E NetlinkEvent: NetlinkEvent::FindParam(): Parameter 'UID' not found
07-03 18:09:14.868   696  1409 E NetlinkEvent: NetlinkEvent::FindParam(): Parameter 'INTERFACE' not found
07-03 18:09:14.868   696  1409 E NetlinkEvent: NetlinkEvent::FindParam(): Parameter 'STATE' not found
07-03 18:09:14.868   696  1409 E NetlinkEvent: NetlinkEvent::FindParam(): Parameter 'TIME_NS' not found
07-03 18:09:14.868   696  1409 E NetlinkEvent: NetlinkEvent::FindParam(): Parameter 'UID' not found
07-03 18:12:34.368  2361  2361 E miui_face: start face unlock  fail:;isSupportFaceUnlock=true;isFaceFeatureEnabled=true;hasEnrolledFaces=false;isFaceUnlockApplyForKeyguard=false;isOwnerUser=true
07-03 18:12:35.083  2361  2361 E miui_face: start face unlock  fail:;isSupportFaceUnlock=true;isFaceFeatureEnabled=true;hasEnrolledFaces=false;isFaceUnlockApplyForKeyguard=false;isOwnerUser=true
07-03 18:12:50.049  2361  2361 E miui_face: start face unlock  fail:;isSupportFaceUnlock=true;isFaceFeatureEnabled=true;hasEnrolledFaces=false;isFaceUnlockApplyForKeyguard=false;isOwnerUser=true
07-03 18:21:48.898  2361  2361 E miui_face: start face unlock  fail:;isSupportFaceUnlock=true;isFaceFeatureEnabled=true;hasEnrolledFaces=false;isFaceUnlockApplyForKeyguard=false;isOwnerUser=true
07-03 18:21:49.453  2361  2361 E miui_face: start face unlock  fail:;isSupportFaceUnlock=true;isFaceFeatureEnabled=true;hasEnrolledFaces=false;isFaceUnlockApplyForKeyguard=false;isOwnerUser=true
07-03 18:23:06.814  2361  2813 E IWirelessSwitch: getWirelessChargingStatus transact failed. java.util.NoSuchElementException
07-03 18:23:06.814  2361  2813 E IWirelessSwitch: Failed calling getWirelessChargingStatus!
07-03 18:23:06.823  2361  2813 E IWirelessSwitch: getWirelessChargingStatus transact failed. java.util.NoSuchElementException
07-03 18:23:06.823  2361  2813 E IWirelessSwitch: Failed calling getWirelessChargingStatus!
07-03 18:23:06.824  2361  2813 E IWirelessSwitch: getWirelessChargingStatus transact failed. java.util.NoSuchElementException
07-03 18:23:06.824  2361  2813 E IWirelessSwitch: Failed calling getWirelessChargingStatus!
07-03 18:23:06.825  2361  2813 E IWirelessSwitch: getWirelessChargingStatus transact failed. java.util.NoSuchElementException
07-03 18:23:06.825  2361  2813 E IWirelessSwitch: Failed calling getWirelessChargingStatus!
07-03 18:25:22.872  2361  2813 E IWirelessSwitch: getWirelessChargingStatus transact failed. java.util.NoSuchElementException
07-03 18:25:22.872  2361  2813 E IWirelessSwitch: Failed calling getWirelessChargingStatus!
07-03 18:25:22.875  2361  2813 E IWirelessSwitch: getWirelessChargingStatus transact failed. java.util.NoSuchElementException
07-03 18:25:22.875  2361  2813 E IWirelessSwitch: Failed calling getWirelessChargingStatus!
07-03 18:25:22.878  2361  2813 E IWirelessSwitch: getWirelessChargingStatus transact failed. java.util.NoSuchElementException
07-03 18:25:22.878  2361  2813 E IWirelessSwitch: Failed calling getWirelessChargingStatus!
07-03 18:25:22.879  2361  2813 E IWirelessSwitch: getWirelessChargingStatus transact failed. java.util.NoSuchElementException
07-03 18:25:22.879  2361  2813 E IWirelessSwitch: Failed calling getWirelessChargingStatus!
07-03 18:25:23.427  2361  2813 E IWirelessSwitch: getWirelessChargingStatus transact failed. java.util.NoSuchElementException
07-03 18:25:23.427  2361  2813 E IWirelessSwitch: Failed calling getWirelessChargingStatus!
07-03 18:25:23.427  2361  2813 E IWirelessSwitch: getWirelessChargingStatus transact failed. java.util.NoSuchElementException
07-03 18:25:23.427  2361  2813 E IWirelessSwitch: Failed calling getWirelessChargingStatus!
07-03 18:25:23.428  2361  2813 E IWirelessSwitch: getWirelessChargingStatus transact failed. java.util.NoSuchElementException
07-03 18:25:23.428  2361  2813 E IWirelessSwitch: Failed calling getWirelessChargingStatus!
07-03 18:25:23.429  2361  2813 E IWirelessSwitch: getWirelessChargingStatus transact failed. java.util.NoSuchElementException
07-03 18:25:23.429  2361  2813 E IWirelessSwitch: Failed calling getWirelessChargingStatus!
07-03 18:31:40.226  2361  2361 E miui_face: start face unlock  fail:;isSupportFaceUnlock=true;isFaceFeatureEnabled=true;hasEnrolledFaces=false;isFaceUnlockApplyForKeyguard=false;isOwnerUser=true
07-03 18:31:54.364  2361  2361 E miui_face: start face unlock  fail:;isSupportFaceUnlock=true;isFaceFeatureEnabled=true;hasEnrolledFaces=false;isFaceUnlockApplyForKeyguard=false;isOwnerUser=true
07-03 18:47:06.258  5639  5874 E ActivityThread: Failed to find provider info for com.vk.im.providers.im
07-03 18:47:07.103  5639  5728 E ActivityThread: Failed to find provider info for com.vk.im.providers.im
07-03 18:47:07.307  5639  5728 E ActivityThread: Failed to find provider info for com.vk.im.providers.im
07-03 18:47:07.599  2361  2361 E miui_face: start face unlock  fail:;isSupportFaceUnlock=true;isFaceFeatureEnabled=true;hasEnrolledFaces=false;isFaceUnlockApplyForKeyguard=false;isOwnerUser=true
07-03 18:47:08.316  5639  5728 E ActivityThread: Failed to find provider info for com.vk.im.providers.im
07-03 18:47:08.528  5639  5874 E ActivityThread: Failed to find provider info for com.vk.im.providers.im
07-03 18:51:58.646  2361  2361 E miui_face: start face unlock  fail:;isSupportFaceUnlock=true;isFaceFeatureEnabled=true;hasEnrolledFaces=false;isFaceUnlockApplyForKeyguard=false;isOwnerUser=true
07-03 18:53:35.412  7844  7914 E ActivityThread: Failed to find provider info for com.vk.im.providers.im
07-03 18:53:36.166  7844  7914 E ActivityThread: Failed to find provider info for com.vk.im.providers.im
07-03 18:53:36.396  7844  7914 E ActivityThread: Failed to find provider info for com.vk.im.providers.im
07-03 18:53:37.457  7844  7914 E ActivityThread: Failed to find provider info for com.vk.im.providers.im
07-03 18:56:33.396  2361  2813 E IWirelessSwitch: getWirelessChargingStatus transact failed. java.util.NoSuchElementException
07-03 18:56:33.396  2361  2813 E IWirelessSwitch: Failed calling getWirelessChargingStatus!
07-03 18:56:33.408  2361  2813 E IWirelessSwitch: getWirelessChargingStatus transact failed. java.util.NoSuchElementException
07-03 18:56:33.408  2361  2813 E IWirelessSwitch: Failed calling getWirelessChargingStatus!
07-03 18:56:33.409  2361  2813 E IWirelessSwitch: getWirelessChargingStatus transact failed. java.util.NoSuchElementException
07-03 18:56:33.409  2361  2813 E IWirelessSwitch: Failed calling getWirelessChargingStatus!
07-03 18:56:33.410  2361  2813 E IWirelessSwitch: getWirelessChargingStatus transact failed. java.util.NoSuchElementException
07-03 18:56:33.410  2361  2813 E IWirelessSwitch: Failed calling getWirelessChargingStatus!
07-03 18:59:36.295  2361  2813 E IWirelessSwitch: getWirelessChargingStatus transact failed. java.util.NoSuchElementException
07-03 18:59:36.295  2361  2813 E IWirelessSwitch: Failed calling getWirelessChargingStatus!
