07-04 19:33:39.031  2361  2361 E miui_face: start face unlock  fail:;isSupportFaceUnlock=true;isFaceFeatureEnabled=true;hasEnrolledFaces=false;isFaceUnlockApplyForKeyguard=false;isOwnerUser=true
07-04 19:42:55.973  2361  2361 E miui_face: start face unlock  fail:;isSupportFaceUnlock=true;isFaceFeatureEnabled=true;hasEnrolledFaces=false;isFaceUnlockApplyForKeyguard=false;isOwnerUser=true
07-04 19:57:51.567  2361  2361 E miui_face: start face unlock  fail:;isSupportFaceUnlock=true;isFaceFeatureEnabled=true;hasEnrolledFaces=false;isFaceUnlockApplyForKeyguard=false;isOwnerUser=true
07-04 20:00:46.353  2361  2361 E miui_face: start face unlock  fail:;isSupportFaceUnlock=true;isFaceFeatureEnabled=true;hasEnrolledFaces=false;isFaceUnlockApplyForKeyguard=false;isOwnerUser=true
07-04 20:00:48.011  2361  2361 E miui_face: start face unlock  fail:;isSupportFaceUnlock=true;isFaceFeatureEnabled=true;hasEnrolledFaces=false;isFaceUnlockApplyForKeyguard=false;isOwnerUser=true
07-04 20:00:51.078 28503 28693 E ActivityThread: Failed to find provider info for com.facebook.katana.provider.AttributionIdProvider
07-04 20:04:21.120  2361  2361 E miui_face: start face unlock  fail:;isSupportFaceUnlock=true;isFaceFeatureEnabled=true;hasEnrolledFaces=false;isFaceUnlockApplyForKeyguard=false;isOwnerUser=true
07-04 20:06:50.654  2361  2361 E miui_face: start face unlock  fail:;isSupportFaceUnlock=true;isFaceFeatureEnabled=true;hasEnrolledFaces=false;isFaceUnlockApplyForKeyguard=false;isOwnerUser=true
07-04 20:06:51.321  2361  2361 E miui_face: start face unlock  fail:;isSupportFaceUnlock=true;isFaceFeatureEnabled=true;hasEnrolledFaces=false;isFaceUnlockApplyForKeyguard=false;isOwnerUser=true
07-04 20:07:28.663  2361  2361 E miui_face: start face unlock  fail:;isSupportFaceUnlock=true;isFaceFeatureEnabled=true;hasEnrolledFaces=false;isFaceUnlockApplyForKeyguard=false;isOwnerUser=true
07-04 20:07:29.886  2361  2813 E IWirelessSwitch: getWirelessChargingStatus transact failed. java.util.NoSuchElementException
07-04 20:07:29.886  2361  2813 E IWirelessSwitch: Failed calling getWirelessChargingStatus!
07-04 20:07:29.892  2361  2813 E IWirelessSwitch: getWirelessChargingStatus transact failed. java.util.NoSuchElementException
07-04 20:07:29.892  2361  2813 E IWirelessSwitch: Failed calling getWirelessChargingStatus!
07-04 20:07:29.893  2361  2813 E IWirelessSwitch: getWirelessChargingStatus transact failed. java.util.NoSuchElementException
07-04 20:07:29.893  2361  2813 E IWirelessSwitch: Failed calling getWirelessChargingStatus!
07-04 20:07:29.894  2361  2813 E IWirelessSwitch: getWirelessChargingStatus transact failed. java.util.NoSuchElementException
07-04 20:07:29.894  2361  2813 E IWirelessSwitch: Failed calling getWirelessChargingStatus!
07-04 20:53:48.807  2361  2813 E IWirelessSwitch: getWirelessChargingStatus transact failed. java.util.NoSuchElementException
07-04 20:53:48.807  2361  2813 E IWirelessSwitch: Failed calling getWirelessChargingStatus!
07-04 20:53:48.852  2361  2813 E IWirelessSwitch: getWirelessChargingStatus transact failed. java.util.NoSuchElementException
07-04 20:53:48.852  2361  2813 E IWirelessSwitch: Failed calling getWirelessChargingStatus!
07-04 20:53:48.860  2361  2813 E IWirelessSwitch: getWirelessChargingStatus transact failed. java.util.NoSuchElementException
07-04 20:53:48.861  2361  2813 E IWirelessSwitch: Failed calling getWirelessChargingStatus!
07-04 20:53:48.863  2361  2813 E IWirelessSwitch: getWirelessChargingStatus transact failed. java.util.NoSuchElementException
07-04 20:53:48.863  2361  2813 E IWirelessSwitch: Failed calling getWirelessChargingStatus!
07-04 20:53:48.962  2361  2813 E IWirelessSwitch: getWirelessChargingStatus transact failed. java.util.NoSuchElementException
07-04 20:53:48.962  2361  2813 E IWirelessSwitch: Failed calling getWirelessChargingStatus!
07-04 20:53:48.991  2361  2813 E IWirelessSwitch: getWirelessChargingStatus transact failed. java.util.NoSuchElementException
07-04 20:53:48.991  2361  2813 E IWirelessSwitch: Failed calling getWirelessChargingStatus!
07-04 20:53:48.992  2361  2813 E IWirelessSwitch: getWirelessChargingStatus transact failed. java.util.NoSuchElementException
07-04 20:53:48.992  2361  2813 E IWirelessSwitch: Failed calling getWirelessChargingStatus!
07-04 20:53:48.993  2361  2813 E IWirelessSwitch: getWirelessChargingStatus transact failed. java.util.NoSuchElementException
07-04 20:53:48.993  2361  2813 E IWirelessSwitch: Failed calling getWirelessChargingStatus!
07-04 20:57:51.202 31598 31819 E ActivityThread: Failed to find provider info for com.vk.im.providers.im
07-04 20:57:52.048 31598 31675 E ActivityThread: Failed to find provider info for com.vk.im.providers.im
07-04 20:57:53.556 31598 31819 E ActivityThread: Failed to find provider info for com.vk.im.providers.im
07-04 20:58:18.304 31598 31675 E ActivityThread: Failed to find provider info for com.vk.im.providers.im
07-04 20:58:43.262 31598 31675 E ActivityThread: Failed to find provider info for com.vk.im.providers.im
07-04 21:00:47.191  2361  2361 E miui_face: start face unlock  fail:;isSupportFaceUnlock=true;isFaceFeatureEnabled=true;hasEnrolledFaces=false;isFaceUnlockApplyForKeyguard=false;isOwnerUser=true
07-04 21:16:53.603  2361  2361 E miui_face: start face unlock  fail:;isSupportFaceUnlock=true;isFaceFeatureEnabled=true;hasEnrolledFaces=false;isFaceUnlockApplyForKeyguard=false;isOwnerUser=true
07-04 21:19:29.540  2361  2361 E miui_face: start face unlock  fail:;isSupportFaceUnlock=true;isFaceFeatureEnabled=true;hasEnrolledFaces=false;isFaceUnlockApplyForKeyguard=false;isOwnerUser=true
07-04 21:22:02.969  2361  2361 E miui_face: start face unlock  fail:;isSupportFaceUnlock=true;isFaceFeatureEnabled=true;hasEnrolledFaces=false;isFaceUnlockApplyForKeyguard=false;isOwnerUser=true
07-04 21:22:05.224  4587  5006 E ActivityThread: Failed to find provider info for com.facebook.katana.provider.AttributionIdProvider
07-04 21:22:15.125  2361  2361 E miui_face: start face unlock  fail:;isSupportFaceUnlock=true;isFaceFeatureEnabled=true;hasEnrolledFaces=false;isFaceUnlockApplyForKeyguard=false;isOwnerUser=true
07-04 21:35:24.178  2361  2361 E miui_face: start face unlock  fail:;isSupportFaceUnlock=true;isFaceFeatureEnabled=true;hasEnrolledFaces=false;isFaceUnlockApplyForKeyguard=false;isOwnerUser=true
07-04 21:35:31.474  2361  2361 E miui_face: start face unlock  fail:;isSupportFaceUnlock=true;isFaceFeatureEnabled=true;hasEnrolledFaces=false;isFaceUnlockApplyForKeyguard=false;isOwnerUser=true
07-04 21:36:31.171  2361  2361 E miui_face: start face unlock  fail:;isSupportFaceUnlock=true;isFaceFeatureEnabled=true;hasEnrolledFaces=false;isFaceUnlockApplyForKeyguard=false;isOwnerUser=true
07-04 21:36:33.783  2361  2361 E miui_face: start face unlock  fail:;isSupportFaceUnlock=true;isFaceFeatureEnabled=true;hasEnrolledFaces=false;isFaceUnlockApplyForKeyguard=false;isOwnerUser=true
07-04 21:36:35.377  2361  2361 E miui_face: start face unlock  fail:;isSupportFaceUnlock=true;isFaceFeatureEnabled=true;hasEnrolledFaces=false;isFaceUnlockApplyForKeyguard=false;isOwnerUser=true
07-04 21:36:44.042  6649  6829 E ActivityThread: Failed to find provider info for com.vk.im.providers.im
07-04 21:36:44.883  6649  6829 E ActivityThread: Failed to find provider info for com.vk.im.providers.im
07-04 21:36:45.905  6649  6829 E ActivityThread: Failed to find provider info for com.vk.im.providers.im
07-04 21:36:51.766  2361  2813 E IWirelessSwitch: getWirelessChargingStatus transact failed. java.util.NoSuchElementException
07-04 21:36:51.766  2361  2813 E IWirelessSwitch: Failed calling getWirelessChargingStatus!
07-04 21:36:51.789  2361  2813 E IWirelessSwitch: getWirelessChargingStatus transact failed. java.util.NoSuchElementException
07-04 21:36:51.789  2361  2813 E IWirelessSwitch: Failed calling getWirelessChargingStatus!
07-04 21:36:51.793  2361  2813 E IWirelessSwitch: getWirelessChargingStatus transact failed. java.util.NoSuchElementException
07-04 21:36:51.793  2361  2813 E IWirelessSwitch: Failed calling getWirelessChargingStatus!
07-04 21:36:51.795  2361  2813 E IWirelessSwitch: getWirelessChargingStatus transact failed. java.util.NoSuchElementException
07-04 21:36:51.795  2361  2813 E IWirelessSwitch: Failed calling getWirelessChargingStatus!
07-04 21:37:03.122  2361  2361 E miui_face: start face unlock  fail:;isSupportFaceUnlock=true;isFaceFeatureEnabled=true;hasEnrolledFaces=false;isFaceUnlockApplyForKeyguard=false;isOwnerUser=true
07-04 21:37:04.012  2361  2361 E miui_face: start face unlock  fail:;isSupportFaceUnlock=true;isFaceFeatureEnabled=true;hasEnrolledFaces=false;isFaceUnlockApplyForKeyguard=false;isOwnerUser=true
07-04 21:38:43.198  9383  9383 E LoadedApk: Unable to instantiate appComponentFactory
07-04 21:38:43.198  9383  9383 E LoadedApk: java.lang.ClassNotFoundException: Didn't find class "androidx.core.app.CoreComponentFactory" on path: DexPathList[[zip file "/data/app/com.miui.cloudservice-DyMAaNPllEQLEzp1mMyBiw==/base.apk"],nativeLibraryDirectories=[/data/app/com.miui.cloudservice-DyMAaNPllEQLEzp1mMyBiw==/lib/arm64, /data/app/com.miui.cloudservice-DyMAaNPllEQLEzp1mMyBiw==/base.apk!/lib/arm64-v8a, /system/priv-app/RtMiCloudSDK/RtMiCloudSDK.apk!/lib/arm64-v8a, /system/lib64, /product/lib64]]
07-04 21:38:43.198  9383  9383 E LoadedApk: 	at dalvik.system.BaseDexClassLoader.findClass(BaseDexClassLoader.java:230)
07-04 21:38:43.198  9383  9383 E LoadedApk: 	at java.lang.ClassLoader.loadClass(ClassLoader.java:379)
07-04 21:38:43.198  9383  9383 E LoadedApk: 	at java.lang.ClassLoader.loadClass(ClassLoader.java:312)
07-04 21:38:43.198  9383  9383 E LoadedApk: 	at android.app.LoadedApk.createAppFactory(LoadedApk.java:258)
07-04 21:38:43.198  9383  9383 E LoadedApk: 	at android.app.LoadedApk.createOrUpdateClassLoaderLocked(LoadedApk.java:857)
07-04 21:38:43.198  9383  9383 E LoadedApk: 	at android.app.LoadedApk.getClassLoader(LoadedApk.java:952)
07-04 21:38:43.198  9383  9383 E LoadedApk: 	at android.app.LoadedApk.getResources(LoadedApk.java:1190)
07-04 21:38:43.198  9383  9383 E LoadedApk: 	at android.app.ContextImpl.createAppContext(ContextImpl.java:2474)
07-04 21:38:43.198  9383  9383 E LoadedApk: 	at android.app.ContextImpl.createAppContext(ContextImpl.java:2466)
07-04 21:38:43.198  9383  9383 E LoadedApk: 	at android.app.ActivityThread.handleBindApplication(ActivityThread.java:6454)
07-04 21:38:43.198  9383  9383 E LoadedApk: 	at android.app.ActivityThread.access$1400(ActivityThread.java:229)
07-04 21:38:43.198  9383  9383 E LoadedApk: 	at android.app.ActivityThread$H.handleMessage(ActivityThread.java:1892)
07-04 21:38:43.198  9383  9383 E LoadedApk: 	at android.os.Handler.dispatchMessage(Handler.java:107)
07-04 21:38:43.198  9383  9383 E LoadedApk: 	at android.os.Looper.loop(Looper.java:224)
07-04 21:38:43.198  9383  9383 E LoadedApk: 	at android.app.ActivityThread.main(ActivityThread.java:7565)
07-04 21:38:43.198  9383  9383 E LoadedApk: 	at java.lang.reflect.Method.invoke(Native Method)
07-04 21:38:43.198  9383  9383 E LoadedApk: 	at com.android.internal.os.RuntimeInit$MethodAndArgsCaller.run(RuntimeInit.java:539)
07-04 21:38:43.198  9383  9383 E LoadedApk: 	at com.android.internal.os.ZygoteInit.main(ZygoteInit.java:950)
07-04 21:38:58.391  7838  7838 E LoadedApk: Unable to instantiate appComponentFactory
07-04 21:38:58.391  7838  7838 E LoadedApk: java.lang.ClassNotFoundException: Didn't find class "androidx.core.app.CoreComponentFactory" on path: DexPathList[[],nativeLibraryDirectories=[/data/app/com.adobe.scan.android-0YXgdK7Ea7U1onMH_pFpqg==/lib/arm64, /data/app/com.adobe.scan.android-0YXgdK7Ea7U1onMH_pFpqg==/base.apk!/lib/arm64-v8a, /data/app/com.adobe.scan.android-0YXgdK7Ea7U1onMH_pFpqg==/split_config.arm64_v8a.apk!/lib/arm64-v8a, /data/app/com.adobe.scan.android-0YXgdK7Ea7U1onMH_pFpqg==/split_config.ru.apk!/lib/arm64-v8a, /data/app/com.adobe.scan.android-0YXgdK7Ea7U1onMH_pFpqg==/split_config.xxhdpi.apk!/lib/arm64-v8a, /system/lib64, /product/lib64]]
07-04 21:38:58.391  7838  7838 E LoadedApk: 	at dalvik.system.BaseDexClassLoader.findClass(BaseDexClassLoader.java:230)
07-04 21:38:58.391  7838  7838 E LoadedApk: 	at java.lang.ClassLoader.loadClass(ClassLoader.java:379)
07-04 21:38:58.391  7838  7838 E LoadedApk: 	at java.lang.ClassLoader.loadClass(ClassLoader.java:312)
07-04 21:38:58.391  7838  7838 E LoadedApk: 	at android.app.LoadedApk.createAppFactory(LoadedApk.java:258)
07-04 21:38:58.391  7838  7838 E LoadedApk: 	at android.app.LoadedApk.updateApplicationInfo(LoadedApk.java:372)
07-04 21:38:58.391  7838  7838 E LoadedApk: 	at android.app.ActivityThread.handleDispatchPackageBroadcast(ActivityThread.java:6053)
07-04 21:38:58.391  7838  7838 E LoadedApk: 	at android.app.ActivityThread$H.handleMessage(ActivityThread.java:1974)
07-04 21:38:58.391  7838  7838 E LoadedApk: 	at android.os.Handler.dispatchMessage(Handler.java:107)
07-04 21:38:58.391  7838  7838 E LoadedApk: 	at android.os.Looper.loop(Looper.java:224)
07-04 21:38:58.391  7838  7838 E LoadedApk: 	at android.app.ActivityThread.main(ActivityThread.java:7565)
07-04 21:38:58.391  7838  7838 E LoadedApk: 	at java.lang.reflect.Method.invoke(Native Method)
07-04 21:38:58.391  7838  7838 E LoadedApk: 	at com.android.internal.os.RuntimeInit$MethodAndArgsCaller.run(RuntimeInit.java:539)
07-04 21:38:58.391  7838  7838 E LoadedApk: 	at com.android.internal.os.ZygoteInit.main(ZygoteInit.java:950)
07-04 21:38:58.443  7838  7838 E LoadedApk: Unable to instantiate appComponentFactory
07-04 21:38:58.443  7838  7838 E LoadedApk: java.lang.ClassNotFoundException: Didn't find class "androidx.core.app.CoreComponentFactory" on path: DexPathList[[],nativeLibraryDirectories=[/data/app/com.adobe.scan.android-0YXgdK7Ea7U1onMH_pFpqg==/lib/arm64, /data/app/com.adobe.scan.android-0YXgdK7Ea7U1onMH_pFpqg==/base.apk!/lib/arm64-v8a, /data/app/com.adobe.scan.android-0YXgdK7Ea7U1onMH_pFpqg==/split_config.arm64_v8a.apk!/lib/arm64-v8a, /data/app/com.adobe.scan.android-0YXgdK7Ea7U1onMH_pFpqg==/split_config.ru.apk!/lib/arm64-v8a, /data/app/com.adobe.scan.android-0YXgdK7Ea7U1onMH_pFpqg==/split_config.xxhdpi.apk!/lib/arm64-v8a, /system/lib64, /product/lib64]]
07-04 21:38:58.443  7838  7838 E LoadedApk: 	at dalvik.system.BaseDexClassLoader.findClass(BaseDexClassLoader.java:230)
07-04 21:38:58.443  7838  7838 E LoadedApk: 	at java.lang.ClassLoader.loadClass(ClassLoader.java:379)
07-04 21:38:58.443  7838  7838 E LoadedApk: 	at java.lang.ClassLoader.loadClass(ClassLoader.java:312)
07-04 21:38:58.443  7838  7838 E LoadedApk: 	at android.app.LoadedApk.createAppFactory(LoadedApk.java:258)
07-04 21:38:58.443  7838  7838 E LoadedApk: 	at android.app.LoadedApk.updateApplicationInfo(LoadedApk.java:372)
07-04 21:38:58.443  7838  7838 E LoadedApk: 	at android.app.ActivityThread.handleDispatchPackageBroadcast(ActivityThread.java:6053)
07-04 21:38:58.443  7838  7838 E LoadedApk: 	at android.app.ActivityThread$H.handleMessage(ActivityThread.java:1974)
07-04 21:38:58.443  7838  7838 E LoadedApk: 	at android.os.Handler.dispatchMessage(Handler.java:107)
07-04 21:38:58.443  7838  7838 E LoadedApk: 	at android.os.Looper.loop(Looper.java:224)
07-04 21:38:58.443  7838  7838 E LoadedApk: 	at android.app.ActivityThread.main(ActivityThread.java:7565)
07-04 21:38:58.443  7838  7838 E LoadedApk: 	at java.lang.reflect.Method.invoke(Native Method)
07-04 21:38:58.443  7838  7838 E LoadedApk: 	at com.android.internal.os.RuntimeInit$MethodAndArgsCaller.run(RuntimeInit.java:539)
07-04 21:38:58.443  7838  7838 E LoadedApk: 	at com.android.internal.os.ZygoteInit.main(ZygoteInit.java:950)
07-04 21:39:06.421  2361  2813 E IWirelessSwitch: getWirelessChargingStatus transact failed. java.util.NoSuchElementException
07-04 21:39:06.421  2361  2813 E IWirelessSwitch: Failed calling getWirelessChargingStatus!
07-04 21:39:06.455  2361  2813 E IWirelessSwitch: getWirelessChargingStatus transact failed. java.util.NoSuchElementException
07-04 21:39:06.455  2361  2813 E IWirelessSwitch: Failed calling getWirelessChargingStatus!
07-04 21:39:06.457  2361  2813 E IWirelessSwitch: getWirelessChargingStatus transact failed. java.util.NoSuchElementException
07-04 21:39:06.457  2361  2813 E IWirelessSwitch: Failed calling getWirelessChargingStatus!
07-04 21:39:06.459  2361  2813 E IWirelessSwitch: getWirelessChargingStatus transact failed. java.util.NoSuchElementException
07-04 21:39:06.459  2361  2813 E IWirelessSwitch: Failed calling getWirelessChargingStatus!
07-04 21:39:06.570  2361  2813 E IWirelessSwitch: getWirelessChargingStatus transact failed. java.util.NoSuchElementException
07-04 21:39:06.570  2361  2813 E IWirelessSwitch: Failed calling getWirelessChargingStatus!
07-04 21:39:06.592  2361  2813 E IWirelessSwitch: getWirelessChargingStatus transact failed. java.util.NoSuchElementException
07-04 21:39:06.592  2361  2813 E IWirelessSwitch: Failed calling getWirelessChargingStatus!
07-04 21:39:06.594  2361  2813 E IWirelessSwitch: getWirelessChargingStatus transact failed. java.util.NoSuchElementException
07-04 21:39:06.594  2361  2813 E IWirelessSwitch: Failed calling getWirelessChargingStatus!
07-04 21:39:06.596  2361  2813 E IWirelessSwitch: getWirelessChargingStatus transact failed. java.util.NoSuchElementException
07-04 21:39:06.596  2361  2813 E IWirelessSwitch: Failed calling getWirelessChargingStatus!
07-04 21:39:31.654  9769  9841 E ActivityThread: Failed to find provider info for com.vk.im.providers.im
07-04 21:39:32.802  9769  9841 E ActivityThread: Failed to find provider info for com.vk.im.providers.im
07-04 21:45:20.110  2361  2361 E miui_face: start face unlock  fail:;isSupportFaceUnlock=true;isFaceFeatureEnabled=true;hasEnrolledFaces=false;isFaceUnlockApplyForKeyguard=false;isOwnerUser=true
07-04 21:45:42.611  2361  2361 E miui_face: start face unlock  fail:;isSupportFaceUnlock=true;isFaceFeatureEnabled=true;hasEnrolledFaces=false;isFaceUnlockApplyForKeyguard=false;isOwnerUser=true
07-04 21:46:51.818  2361  2813 E IWirelessSwitch: getWirelessChargingStatus transact failed. java.util.NoSuchElementException
07-04 21:46:51.818  2361  2813 E IWirelessSwitch: Failed calling getWirelessChargingStatus!
07-04 21:46:51.834  2361  2813 E IWirelessSwitch: getWirelessChargingStatus transact failed. java.util.NoSuchElementException
07-04 21:46:51.834  2361  2813 E IWirelessSwitch: Failed calling getWirelessChargingStatus!
07-04 21:46:51.836  2361  2813 E IWirelessSwitch: getWirelessChargingStatus transact failed. java.util.NoSuchElementException
07-04 21:46:51.836  2361  2813 E IWirelessSwitch: Failed calling getWirelessChargingStatus!
07-04 21:46:51.836  2361  2813 E IWirelessSwitch: getWirelessChargingStatus transact failed. java.util.NoSuchElementException
07-04 21:46:51.836  2361  2813 E IWirelessSwitch: Failed calling getWirelessChargingStatus!
07-04 21:48:34.135  2361  2361 E miui_face: start face unlock  fail:;isSupportFaceUnlock=true;isFaceFeatureEnabled=true;hasEnrolledFaces=false;isFaceUnlockApplyForKeyguard=false;isOwnerUser=true
07-04 21:48:36.739  2361  2361 E miui_face: start face unlock  fail:;isSupportFaceUnlock=true;isFaceFeatureEnabled=true;hasEnrolledFaces=false;isFaceUnlockApplyForKeyguard=false;isOwnerUser=true
07-04 21:48:53.086 12989 12989 E LoadedApk: Unable to instantiate appComponentFactory
07-04 21:48:53.086 12989 12989 E LoadedApk: java.lang.ClassNotFoundException: Didn't find class "androidx.core.app.CoreComponentFactory" on path: DexPathList[[zip file "/system/priv-app/MiuiGallery/MiuiGallery.apk"],nativeLibraryDirectories=[/system/priv-app/MiuiGallery/lib/arm64, /system/lib64, /product/lib64, /system/lib64, /product/lib64]]
07-04 21:48:53.086 12989 12989 E LoadedApk: 	at dalvik.system.BaseDexClassLoader.findClass(BaseDexClassLoader.java:230)
07-04 21:48:53.086 12989 12989 E LoadedApk: 	at java.lang.ClassLoader.loadClass(ClassLoader.java:379)
07-04 21:48:53.086 12989 12989 E LoadedApk: 	at java.lang.ClassLoader.loadClass(ClassLoader.java:312)
07-04 21:48:53.086 12989 12989 E LoadedApk: 	at android.app.LoadedApk.createAppFactory(LoadedApk.java:258)
07-04 21:48:53.086 12989 12989 E LoadedApk: 	at android.app.LoadedApk.createOrUpdateClassLoaderLocked(LoadedApk.java:857)
07-04 21:48:53.086 12989 12989 E LoadedApk: 	at android.app.LoadedApk.getClassLoader(LoadedApk.java:952)
07-04 21:48:53.086 12989 12989 E LoadedApk: 	at android.app.LoadedApk.getResources(LoadedApk.java:1190)
07-04 21:48:53.086 12989 12989 E LoadedApk: 	at android.app.ContextImpl.createAppContext(ContextImpl.java:2474)
07-04 21:48:53.086 12989 12989 E LoadedApk: 	at android.app.ContextImpl.createAppContext(ContextImpl.java:2466)
07-04 21:48:53.086 12989 12989 E LoadedApk: 	at android.app.ActivityThread.handleBindApplication(ActivityThread.java:6454)
07-04 21:48:53.086 12989 12989 E LoadedApk: 	at android.app.ActivityThread.access$1400(ActivityThread.java:229)
07-04 21:48:53.086 12989 12989 E LoadedApk: 	at android.app.ActivityThread$H.handleMessage(ActivityThread.java:1892)
07-04 21:48:53.086 12989 12989 E LoadedApk: 	at android.os.Handler.dispatchMessage(Handler.java:107)
07-04 21:48:53.086 12989 12989 E LoadedApk: 	at android.os.Looper.loop(Looper.java:224)
07-04 21:48:53.086 12989 12989 E LoadedApk: 	at android.app.ActivityThread.main(ActivityThread.java:7565)
07-04 21:48:53.086 12989 12989 E LoadedApk: 	at java.lang.reflect.Method.invoke(Native Method)
07-04 21:48:53.086 12989 12989 E LoadedApk: 	at com.android.internal.os.RuntimeInit$MethodAndArgsCaller.run(RuntimeInit.java:539)
07-04 21:48:53.086 12989 12989 E LoadedApk: 	at com.android.internal.os.ZygoteInit.main(ZygoteInit.java:950)
07-04 21:48:53.771  2361  2361 E miui_face: start face unlock  fail:;isSupportFaceUnlock=true;isFaceFeatureEnabled=true;hasEnrolledFaces=false;isFaceUnlockApplyForKeyguard=false;isOwnerUser=true
07-04 21:48:56.246  2361  2361 E miui_face: start face unlock  fail:;isSupportFaceUnlock=true;isFaceFeatureEnabled=true;hasEnrolledFaces=false;isFaceUnlockApplyForKeyguard=false;isOwnerUser=true
07-04 21:48:57.155  2361  2361 E miui_face: start face unlock  fail:;isSupportFaceUnlock=true;isFaceFeatureEnabled=true;hasEnrolledFaces=false;isFaceUnlockApplyForKeyguard=false;isOwnerUser=true
07-04 21:49:06.464  2361  2813 E IWirelessSwitch: getWirelessChargingStatus transact failed. java.util.NoSuchElementException
07-04 21:49:06.464  2361  2813 E IWirelessSwitch: Failed calling getWirelessChargingStatus!
07-04 21:49:06.465  2361  2813 E IWirelessSwitch: getWirelessChargingStatus transact failed. java.util.NoSuchElementException
07-04 21:49:06.465  2361  2813 E IWirelessSwitch: Failed calling getWirelessChargingStatus!
07-04 21:49:06.467  2361  2813 E IWirelessSwitch: getWirelessChargingStatus transact failed. java.util.NoSuchElementException
07-04 21:49:06.467  2361  2813 E IWirelessSwitch: Failed calling getWirelessChargingStatus!
07-04 21:49:06.473  2361  2813 E IWirelessSwitch: getWirelessChargingStatus transact failed. java.util.NoSuchElementException
07-04 21:49:06.473  2361  2813 E IWirelessSwitch: Failed calling getWirelessChargingStatus!
07-04 21:49:06.652  2361  2813 E IWirelessSwitch: getWirelessChargingStatus transact failed. java.util.NoSuchElementException
07-04 21:49:06.652  2361  2813 E IWirelessSwitch: Failed calling getWirelessChargingStatus!
07-04 21:49:06.668  2361  2813 E IWirelessSwitch: getWirelessChargingStatus transact failed. java.util.NoSuchElementException
07-04 21:49:06.668  2361  2813 E IWirelessSwitch: Failed calling getWirelessChargingStatus!
07-04 21:49:06.670  2361  2813 E IWirelessSwitch: getWirelessChargingStatus transact failed. java.util.NoSuchElementException
07-04 21:49:06.670  2361  2813 E IWirelessSwitch: Failed calling getWirelessChargingStatus!
07-04 21:49:06.671  2361  2813 E IWirelessSwitch: getWirelessChargingStatus transact failed. java.util.NoSuchElementException
07-04 21:49:06.671  2361  2813 E IWirelessSwitch: Failed calling getWirelessChargingStatus!
07-04 21:50:42.306 13694 13819 E ActivityThread: Failed to find provider info for com.facebook.katana.provider.AttributionIdProvider
07-04 21:51:14.529  2361  2361 E miui_face: start face unlock  fail:;isSupportFaceUnlock=true;isFaceFeatureEnabled=true;hasEnrolledFaces=false;isFaceUnlockApplyForKeyguard=false;isOwnerUser=true
07-04 21:51:15.957  2361  2361 E miui_face: start face unlock  fail:;isSupportFaceUnlock=true;isFaceFeatureEnabled=true;hasEnrolledFaces=false;isFaceUnlockApplyForKeyguard=false;isOwnerUser=true
07-04 21:52:02.477  2361  2361 E miui_face: start face unlock  fail:;isSupportFaceUnlock=true;isFaceFeatureEnabled=true;hasEnrolledFaces=false;isFaceUnlockApplyForKeyguard=false;isOwnerUser=true
07-04 21:52:12.213  2361  2361 E miui_face: start face unlock  fail:;isSupportFaceUnlock=true;isFaceFeatureEnabled=true;hasEnrolledFaces=false;isFaceUnlockApplyForKeyguard=false;isOwnerUser=true
07-04 21:52:14.768  2361  2361 E miui_face: start face unlock  fail:;isSupportFaceUnlock=true;isFaceFeatureEnabled=true;hasEnrolledFaces=false;isFaceUnlockApplyForKeyguard=false;isOwnerUser=true
07-04 21:56:59.306  2361  2813 E IWirelessSwitch: getWirelessChargingStatus transact failed. java.util.NoSuchElementException
07-04 21:56:59.306  2361  2813 E IWirelessSwitch: Failed calling getWirelessChargingStatus!
07-04 21:56:59.344  2361  2813 E IWirelessSwitch: getWirelessChargingStatus transact failed. java.util.NoSuchElementException
07-04 21:56:59.344  2361  2813 E IWirelessSwitch: Failed calling getWirelessChargingStatus!
07-04 21:56:59.346  2361  2813 E IWirelessSwitch: getWirelessChargingStatus transact failed. java.util.NoSuchElementException
07-04 21:56:59.346  2361  2813 E IWirelessSwitch: Failed calling getWirelessChargingStatus!
07-04 21:56:59.349  2361  2813 E IWirelessSwitch: getWirelessChargingStatus transact failed. java.util.NoSuchElementException
07-04 21:56:59.349  2361  2813 E IWirelessSwitch: Failed calling getWirelessChargingStatus!
07-04 21:57:43.490 15732 15732 E LoadedApk: Unable to instantiate appComponentFactory
07-04 21:57:43.490 15732 15732 E LoadedApk: java.lang.ClassNotFoundException: Didn't find class "androidx.core.app.CoreComponentFactory" on path: DexPathList[[zip file "/data/app/com.miui.cloudservice-DyMAaNPllEQLEzp1mMyBiw==/base.apk"],nativeLibraryDirectories=[/data/app/com.miui.cloudservice-DyMAaNPllEQLEzp1mMyBiw==/lib/arm64, /data/app/com.miui.cloudservice-DyMAaNPllEQLEzp1mMyBiw==/base.apk!/lib/arm64-v8a, /system/priv-app/RtMiCloudSDK/RtMiCloudSDK.apk!/lib/arm64-v8a, /system/lib64, /product/lib64]]
07-04 21:57:43.490 15732 15732 E LoadedApk: 	at dalvik.system.BaseDexClassLoader.findClass(BaseDexClassLoader.java:230)
07-04 21:57:43.490 15732 15732 E LoadedApk: 	at java.lang.ClassLoader.loadClass(ClassLoader.java:379)
07-04 21:57:43.490 15732 15732 E LoadedApk: 	at java.lang.ClassLoader.loadClass(ClassLoader.java:312)
07-04 21:57:43.490 15732 15732 E LoadedApk: 	at android.app.LoadedApk.createAppFactory(LoadedApk.java:258)
07-04 21:57:43.490 15732 15732 E LoadedApk: 	at android.app.LoadedApk.createOrUpdateClassLoaderLocked(LoadedApk.java:857)
07-04 21:57:43.490 15732 15732 E LoadedApk: 	at android.app.LoadedApk.getClassLoader(LoadedApk.java:952)
07-04 21:57:43.490 15732 15732 E LoadedApk: 	at android.app.LoadedApk.getResources(LoadedApk.java:1190)
07-04 21:57:43.490 15732 15732 E LoadedApk: 	at android.app.ContextImpl.createAppContext(ContextImpl.java:2474)
07-04 21:57:43.490 15732 15732 E LoadedApk: 	at android.app.ContextImpl.createAppContext(ContextImpl.java:2466)
07-04 21:57:43.490 15732 15732 E LoadedApk: 	at android.app.ActivityThread.handleBindApplication(ActivityThread.java:6454)
07-04 21:57:43.490 15732 15732 E LoadedApk: 	at android.app.ActivityThread.access$1400(ActivityThread.java:229)
07-04 21:57:43.490 15732 15732 E LoadedApk: 	at android.app.ActivityThread$H.handleMessage(ActivityThread.java:1892)
07-04 21:57:43.490 15732 15732 E LoadedApk: 	at android.os.Handler.dispatchMessage(Handler.java:107)
07-04 21:57:43.490 15732 15732 E LoadedApk: 	at android.os.Looper.loop(Looper.java:224)
07-04 21:57:43.490 15732 15732 E LoadedApk: 	at android.app.ActivityThread.main(ActivityThread.java:7565)
07-04 21:57:43.490 15732 15732 E LoadedApk: 	at java.lang.reflect.Method.invoke(Native Method)
07-04 21:57:43.490 15732 15732 E LoadedApk: 	at com.android.internal.os.RuntimeInit$MethodAndArgsCaller.run(RuntimeInit.java:539)
07-04 21:57:43.490 15732 15732 E LoadedApk: 	at com.android.internal.os.ZygoteInit.main(ZygoteInit.java:950)
07-04 21:59:13.889  2361  2813 E IWirelessSwitch: getWirelessChargingStatus transact failed. java.util.NoSuchElementException
07-04 21:59:13.890  2361  2813 E IWirelessSwitch: Failed calling getWirelessChargingStatus!
07-04 21:59:13.891  2361  2813 E IWirelessSwitch: getWirelessChargingStatus transact failed. java.util.NoSuchElementException
07-04 21:59:13.891  2361  2813 E IWirelessSwitch: Failed calling getWirelessChargingStatus!
07-04 21:59:13.895  2361  2813 E IWirelessSwitch: getWirelessChargingStatus transact failed. java.util.NoSuchElementException
07-04 21:59:13.895  2361  2813 E IWirelessSwitch: Failed calling getWirelessChargingStatus!
07-04 21:59:13.898  2361  2813 E IWirelessSwitch: getWirelessChargingStatus transact failed. java.util.NoSuchElementException
07-04 21:59:13.898  2361  2813 E IWirelessSwitch: Failed calling getWirelessChargingStatus!
07-04 21:59:14.083  2361  2813 E IWirelessSwitch: getWirelessChargingStatus transact failed. java.util.NoSuchElementException
07-04 21:59:14.084  2361  2813 E IWirelessSwitch: Failed calling getWirelessChargingStatus!
07-04 21:59:14.086  2361  2813 E IWirelessSwitch: getWirelessChargingStatus transact failed. java.util.NoSuchElementException
07-04 21:59:14.086  2361  2813 E IWirelessSwitch: Failed calling getWirelessChargingStatus!
07-04 21:59:14.086  2361  2813 E IWirelessSwitch: getWirelessChargingStatus transact failed. java.util.NoSuchElementException
07-04 21:59:14.086  2361  2813 E IWirelessSwitch: Failed calling getWirelessChargingStatus!
07-04 21:59:14.088  2361  2813 E IWirelessSwitch: getWirelessChargingStatus transact failed. java.util.NoSuchElementException
07-04 21:59:14.088  2361  2813 E IWirelessSwitch: Failed calling getWirelessChargingStatus!
07-04 22:02:51.190 16922 17050 E ActivityThread: Failed to find provider info for com.vivo.vms.IdProvider
07-04 22:05:42.770 18142 18142 E LoadedApk: Unable to instantiate appComponentFactory
07-04 22:05:42.770 18142 18142 E LoadedApk: java.lang.ClassNotFoundException: Didn't find class "androidx.core.app.CoreComponentFactory" on path: DexPathList[[zip file "/data/app/com.miui.cloudbackup-oGgnglhx2lmvvwots2iXcg==/base.apk"],nativeLibraryDirectories=[/data/app/com.miui.cloudbackup-oGgnglhx2lmvvwots2iXcg==/lib/arm64, /system/lib64, /product/lib64]]
07-04 22:05:42.770 18142 18142 E LoadedApk: 	at dalvik.system.BaseDexClassLoader.findClass(BaseDexClassLoader.java:230)
07-04 22:05:42.770 18142 18142 E LoadedApk: 	at java.lang.ClassLoader.loadClass(ClassLoader.java:379)
07-04 22:05:42.770 18142 18142 E LoadedApk: 	at java.lang.ClassLoader.loadClass(ClassLoader.java:312)
07-04 22:05:42.770 18142 18142 E LoadedApk: 	at android.app.LoadedApk.createAppFactory(LoadedApk.java:258)
07-04 22:05:42.770 18142 18142 E LoadedApk: 	at android.app.LoadedApk.createOrUpdateClassLoaderLocked(LoadedApk.java:857)
07-04 22:05:42.770 18142 18142 E LoadedApk: 	at android.app.LoadedApk.getClassLoader(LoadedApk.java:952)
07-04 22:05:42.770 18142 18142 E LoadedApk: 	at android.app.LoadedApk.getResources(LoadedApk.java:1190)
07-04 22:05:42.770 18142 18142 E LoadedApk: 	at android.app.ContextImpl.createAppContext(ContextImpl.java:2474)
07-04 22:05:42.770 18142 18142 E LoadedApk: 	at android.app.ContextImpl.createAppContext(ContextImpl.java:2466)
07-04 22:05:42.770 18142 18142 E LoadedApk: 	at android.app.ActivityThread.handleBindApplication(ActivityThread.java:6454)
07-04 22:05:42.770 18142 18142 E LoadedApk: 	at android.app.ActivityThread.access$1400(ActivityThread.java:229)
07-04 22:05:42.770 18142 18142 E LoadedApk: 	at android.app.ActivityThread$H.handleMessage(ActivityThread.java:1892)
07-04 22:05:42.770 18142 18142 E LoadedApk: 	at android.os.Handler.dispatchMessage(Handler.java:107)
07-04 22:05:42.770 18142 18142 E LoadedApk: 	at android.os.Looper.loop(Looper.java:224)
07-04 22:05:42.770 18142 18142 E LoadedApk: 	at android.app.ActivityThread.main(ActivityThread.java:7565)
07-04 22:05:42.770 18142 18142 E LoadedApk: 	at java.lang.reflect.Method.invoke(Native Method)
07-04 22:05:42.770 18142 18142 E LoadedApk: 	at com.android.internal.os.RuntimeInit$MethodAndArgsCaller.run(RuntimeInit.java:539)
07-04 22:05:42.770 18142 18142 E LoadedApk: 	at com.android.internal.os.ZygoteInit.main(ZygoteInit.java:950)
07-04 22:14:27.422 18839 18904 E ActivityThread: Failed to find provider info for com.yandex.passport.internal.provider.ru.yandex.weatherplugin
07-04 22:15:01.537 18839 18904 E ActivityThread: Failed to find provider info for com.yandex.passport.internal.provider.ru.yandex.weatherplugin
07-04 22:44:34.677  2361  2361 E miui_face: start face unlock  fail:;isSupportFaceUnlock=true;isFaceFeatureEnabled=true;hasEnrolledFaces=false;isFaceUnlockApplyForKeyguard=false;isOwnerUser=true
07-04 22:44:52.263  2361  2813 E IWirelessSwitch: getWirelessChargingStatus transact failed. java.util.NoSuchElementException
07-04 22:44:52.263  2361  2813 E IWirelessSwitch: Failed calling getWirelessChargingStatus!
07-04 22:44:52.304  2361  2813 E IWirelessSwitch: getWirelessChargingStatus transact failed. java.util.NoSuchElementException
07-04 22:44:52.304  2361  2813 E IWirelessSwitch: Failed calling getWirelessChargingStatus!
07-04 22:44:52.306  2361  2813 E IWirelessSwitch: getWirelessChargingStatus transact failed. java.util.NoSuchElementException
07-04 22:44:52.306  2361  2813 E IWirelessSwitch: Failed calling getWirelessChargingStatus!
07-04 22:44:52.307  2361  2813 E IWirelessSwitch: getWirelessChargingStatus transact failed. java.util.NoSuchElementException
07-04 22:44:52.308  2361  2813 E IWirelessSwitch: Failed calling getWirelessChargingStatus!
07-04 22:57:34.424 21329 21485 E ActivityThread: Failed to find provider info for com.facebook.appmanager.nekodirect
07-04 23:27:59.651  2361  2361 E miui_face: start face unlock  fail:;isSupportFaceUnlock=true;isFaceFeatureEnabled=true;hasEnrolledFaces=false;isFaceUnlockApplyForKeyguard=false;isOwnerUser=true
07-04 23:28:02.435 22271 22360 E ActivityThread: Failed to find provider info for downloads
07-04 23:28:23.376  2361  2361 E miui_face: start face unlock  fail:;isSupportFaceUnlock=true;isFaceFeatureEnabled=true;hasEnrolledFaces=false;isFaceUnlockApplyForKeyguard=false;isOwnerUser=true
07-04 23:28:25.290  2361  2361 E miui_face: start face unlock  fail:;isSupportFaceUnlock=true;isFaceFeatureEnabled=true;hasEnrolledFaces=false;isFaceUnlockApplyForKeyguard=false;isOwnerUser=true
07-04 23:28:27.779 21012 22601 E ActivityThread: Failed to find provider info for com.android.contacts
07-04 23:28:27.820 21012 22573 E ActivityThread: Failed to find provider info for com.google.settings
07-04 23:28:29.612  2361  2813 E IWirelessSwitch: getWirelessChargingStatus transact failed. java.util.NoSuchElementException
07-04 23:28:29.612  2361  2813 E IWirelessSwitch: Failed calling getWirelessChargingStatus!
07-04 23:28:29.613  2361  2813 E IWirelessSwitch: getWirelessChargingStatus transact failed. java.util.NoSuchElementException
07-04 23:28:29.613  2361  2813 E IWirelessSwitch: Failed calling getWirelessChargingStatus!
07-04 23:28:29.614  2361  2813 E IWirelessSwitch: getWirelessChargingStatus transact failed. java.util.NoSuchElementException
07-04 23:28:29.614  2361  2813 E IWirelessSwitch: Failed calling getWirelessChargingStatus!
07-04 23:28:29.615  2361  2813 E IWirelessSwitch: getWirelessChargingStatus transact failed. java.util.NoSuchElementException
07-04 23:28:29.615  2361  2813 E IWirelessSwitch: Failed calling getWirelessChargingStatus!
07-04 23:28:29.804  2361  2813 E IWirelessSwitch: getWirelessChargingStatus transact failed. java.util.NoSuchElementException
07-04 23:28:29.804  2361  2813 E IWirelessSwitch: Failed calling getWirelessChargingStatus!
07-04 23:28:29.805  2361  2813 E IWirelessSwitch: getWirelessChargingStatus transact failed. java.util.NoSuchElementException
07-04 23:28:29.805  2361  2813 E IWirelessSwitch: Failed calling getWirelessChargingStatus!
07-04 23:28:29.806  2361  2813 E IWirelessSwitch: getWirelessChargingStatus transact failed. java.util.NoSuchElementException
07-04 23:28:29.806  2361  2813 E IWirelessSwitch: Failed calling getWirelessChargingStatus!
07-04 23:28:29.807  2361  2813 E IWirelessSwitch: getWirelessChargingStatus transact failed. java.util.NoSuchElementException
07-04 23:28:29.807  2361  2813 E IWirelessSwitch: Failed calling getWirelessChargingStatus!
07-04 23:28:30.885 23248 23248 E LoadedApk: Unable to instantiate appComponentFactory
07-04 23:28:30.885 23248 23248 E LoadedApk: java.lang.ClassNotFoundException: Didn't find class "androidx.core.app.CoreComponentFactory" on path: DexPathList[[zip file "/data/app/com.miui.cloudservice-DyMAaNPllEQLEzp1mMyBiw==/base.apk"],nativeLibraryDirectories=[/data/app/com.miui.cloudservice-DyMAaNPllEQLEzp1mMyBiw==/lib/arm64, /data/app/com.miui.cloudservice-DyMAaNPllEQLEzp1mMyBiw==/base.apk!/lib/arm64-v8a, /system/priv-app/RtMiCloudSDK/RtMiCloudSDK.apk!/lib/arm64-v8a, /system/lib64, /product/lib64]]
07-04 23:28:30.885 23248 23248 E LoadedApk: 	at dalvik.system.BaseDexClassLoader.findClass(BaseDexClassLoader.java:230)
07-04 23:28:30.885 23248 23248 E LoadedApk: 	at java.lang.ClassLoader.loadClass(ClassLoader.java:379)
07-04 23:28:30.885 23248 23248 E LoadedApk: 	at java.lang.ClassLoader.loadClass(ClassLoader.java:312)
07-04 23:28:30.885 23248 23248 E LoadedApk: 	at android.app.LoadedApk.createAppFactory(LoadedApk.java:258)
07-04 23:28:30.885 23248 23248 E LoadedApk: 	at android.app.LoadedApk.createOrUpdateClassLoaderLocked(LoadedApk.java:857)
07-04 23:28:30.885 23248 23248 E LoadedApk: 	at android.app.LoadedApk.getClassLoader(LoadedApk.java:952)
07-04 23:28:30.885 23248 23248 E LoadedApk: 	at android.app.LoadedApk.getResources(LoadedApk.java:1190)
07-04 23:28:30.885 23248 23248 E LoadedApk: 	at android.app.ContextImpl.createAppContext(ContextImpl.java:2474)
07-04 23:28:30.885 23248 23248 E LoadedApk: 	at android.app.ContextImpl.createAppContext(ContextImpl.java:2466)
07-04 23:28:30.885 23248 23248 E LoadedApk: 	at android.app.ActivityThread.handleBindApplication(ActivityThread.java:6454)
07-04 23:28:30.885 23248 23248 E LoadedApk: 	at android.app.ActivityThread.access$1400(ActivityThread.java:229)
07-04 23:28:30.885 23248 23248 E LoadedApk: 	at android.app.ActivityThread$H.handleMessage(ActivityThread.java:1892)
07-04 23:28:30.885 23248 23248 E LoadedApk: 	at android.os.Handler.dispatchMessage(Handler.java:107)
07-04 23:28:30.885 23248 23248 E LoadedApk: 	at android.os.Looper.loop(Looper.java:224)
07-04 23:28:30.885 23248 23248 E LoadedApk: 	at android.app.ActivityThread.main(ActivityThread.java:7565)
07-04 23:28:30.885 23248 23248 E LoadedApk: 	at java.lang.reflect.Method.invoke(Native Method)
07-04 23:28:30.885 23248 23248 E LoadedApk: 	at com.android.internal.os.RuntimeInit$MethodAndArgsCaller.run(RuntimeInit.java:539)
07-04 23:28:30.885 23248 23248 E LoadedApk: 	at com.android.internal.os.ZygoteInit.main(ZygoteInit.java:950)
07-04 23:28:32.222 23599 23599 E LoadedApk: Unable to instantiate appComponentFactory
07-04 23:28:32.222 23599 23599 E LoadedApk: java.lang.ClassNotFoundException: Didn't find class "androidx.core.app.CoreComponentFactory" on path: DexPathList[[zip file "/data/app/com.miui.cloudservice-DyMAaNPllEQLEzp1mMyBiw==/base.apk"],nativeLibraryDirectories=[/data/app/com.miui.cloudservice-DyMAaNPllEQLEzp1mMyBiw==/lib/arm64, /data/app/com.miui.cloudservice-DyMAaNPllEQLEzp1mMyBiw==/base.apk!/lib/arm64-v8a, /system/priv-app/RtMiCloudSDK/RtMiCloudSDK.apk!/lib/arm64-v8a, /system/lib64, /product/lib64]]
07-04 23:28:32.222 23599 23599 E LoadedApk: 	at dalvik.system.BaseDexClassLoader.findClass(BaseDexClassLoader.java:230)
07-04 23:28:32.222 23599 23599 E LoadedApk: 	at java.lang.ClassLoader.loadClass(ClassLoader.java:379)
07-04 23:28:32.222 23599 23599 E LoadedApk: 	at java.lang.ClassLoader.loadClass(ClassLoader.java:312)
07-04 23:28:32.222 23599 23599 E LoadedApk: 	at android.app.LoadedApk.createAppFactory(LoadedApk.java:258)
07-04 23:28:32.222 23599 23599 E LoadedApk: 	at android.app.LoadedApk.createOrUpdateClassLoaderLocked(LoadedApk.java:857)
07-04 23:28:32.222 23599 23599 E LoadedApk: 	at android.app.LoadedApk.getClassLoader(LoadedApk.java:952)
07-04 23:28:32.222 23599 23599 E LoadedApk: 	at android.app.LoadedApk.getResources(LoadedApk.java:1190)
07-04 23:28:32.222 23599 23599 E LoadedApk: 	at android.app.ContextImpl.createAppContext(ContextImpl.java:2474)
07-04 23:28:32.222 23599 23599 E LoadedApk: 	at android.app.ContextImpl.createAppContext(ContextImpl.java:2466)
07-04 23:28:32.222 23599 23599 E LoadedApk: 	at android.app.ActivityThread.handleBindApplication(ActivityThread.java:6454)
07-04 23:28:32.222 23599 23599 E LoadedApk: 	at android.app.ActivityThread.access$1400(ActivityThread.java:229)
07-04 23:28:32.222 23599 23599 E LoadedApk: 	at android.app.ActivityThread$H.handleMessage(ActivityThread.java:1892)
07-04 23:28:32.222 23599 23599 E LoadedApk: 	at android.os.Handler.dispatchMessage(Handler.java:107)
07-04 23:28:32.222 23599 23599 E LoadedApk: 	at android.os.Looper.loop(Looper.java:224)
07-04 23:28:32.222 23599 23599 E LoadedApk: 	at android.app.ActivityThread.main(ActivityThread.java:7565)
07-04 23:28:32.222 23599 23599 E LoadedApk: 	at java.lang.reflect.Method.invoke(Native Method)
07-04 23:28:32.222 23599 23599 E LoadedApk: 	at com.android.internal.os.RuntimeInit$MethodAndArgsCaller.run(RuntimeInit.java:539)
07-04 23:28:32.222 23599 23599 E LoadedApk: 	at com.android.internal.os.ZygoteInit.main(ZygoteInit.java:950)
07-04 23:29:06.009 24396 24396 E LoadedApk: Unable to instantiate appComponentFactory
07-04 23:29:06.009 24396 24396 E LoadedApk: java.lang.ClassNotFoundException: Didn't find class "androidx.core.app.CoreComponentFactory" on path: DexPathList[[zip file "/system/priv-app/MiuiGallery/MiuiGallery.apk"],nativeLibraryDirectories=[/system/priv-app/MiuiGallery/lib/arm64, /system/lib64, /product/lib64, /system/lib64, /product/lib64]]
07-04 23:29:06.009 24396 24396 E LoadedApk: 	at dalvik.system.BaseDexClassLoader.findClass(BaseDexClassLoader.java:230)
07-04 23:29:06.009 24396 24396 E LoadedApk: 	at java.lang.ClassLoader.loadClass(ClassLoader.java:379)
07-04 23:29:06.009 24396 24396 E LoadedApk: 	at java.lang.ClassLoader.loadClass(ClassLoader.java:312)
07-04 23:29:06.009 24396 24396 E LoadedApk: 	at android.app.LoadedApk.createAppFactory(LoadedApk.java:258)
07-04 23:29:06.009 24396 24396 E LoadedApk: 	at android.app.LoadedApk.createOrUpdateClassLoaderLocked(LoadedApk.java:857)
07-04 23:29:06.009 24396 24396 E LoadedApk: 	at android.app.LoadedApk.getClassLoader(LoadedApk.java:952)
07-04 23:29:06.009 24396 24396 E LoadedApk: 	at android.app.LoadedApk.getResources(LoadedApk.java:1190)
07-04 23:29:06.009 24396 24396 E LoadedApk: 	at android.app.ContextImpl.createAppContext(ContextImpl.java:2474)
07-04 23:29:06.009 24396 24396 E LoadedApk: 	at android.app.ContextImpl.createAppContext(ContextImpl.java:2466)
07-04 23:29:06.009 24396 24396 E LoadedApk: 	at android.app.ActivityThread.handleBindApplication(ActivityThread.java:6454)
07-04 23:29:06.009 24396 24396 E LoadedApk: 	at android.app.ActivityThread.access$1400(ActivityThread.java:229)
07-04 23:29:06.009 24396 24396 E LoadedApk: 	at android.app.ActivityThread$H.handleMessage(ActivityThread.java:1892)
07-04 23:29:06.009 24396 24396 E LoadedApk: 	at android.os.Handler.dispatchMessage(Handler.java:107)
07-04 23:29:06.009 24396 24396 E LoadedApk: 	at android.os.Looper.loop(Looper.java:224)
07-04 23:29:06.009 24396 24396 E LoadedApk: 	at android.app.ActivityThread.main(ActivityThread.java:7565)
07-04 23:29:06.009 24396 24396 E LoadedApk: 	at java.lang.reflect.Method.invoke(Native Method)
07-04 23:29:06.009 24396 24396 E LoadedApk: 	at com.android.internal.os.RuntimeInit$MethodAndArgsCaller.run(RuntimeInit.java:539)
07-04 23:29:06.009 24396 24396 E LoadedApk: 	at com.android.internal.os.ZygoteInit.main(ZygoteInit.java:950)
07-04 23:31:13.776 24973 25198 E ActivityThread: Failed to find provider info for com.vk.im.providers.im
07-04 23:31:14.541 24973 25048 E ActivityThread: Failed to find provider info for com.vk.im.providers.im
07-04 23:31:14.701 24973 25048 E ActivityThread: Failed to find provider info for com.vk.im.providers.im
07-04 23:31:15.699 24973 25048 E ActivityThread: Failed to find provider info for com.vk.im.providers.im
07-04 23:31:15.831 24973 25198 E ActivityThread: Failed to find provider info for com.vk.im.providers.im
07-04 23:31:44.283 24973 25048 E ActivityThread: Failed to find provider info for com.vk.im.providers.im
07-04 23:31:49.402 24973 25198 E ActivityThread: Failed to find provider info for com.vk.im.providers.im
07-04 23:31:50.282 24973 25198 E ActivityThread: Failed to find provider info for com.vk.im.providers.im
07-04 23:36:15.194  2361  2813 E IWirelessSwitch: getWirelessChargingStatus transact failed. java.util.NoSuchElementException
07-04 23:36:15.194  2361  2813 E IWirelessSwitch: Failed calling getWirelessChargingStatus!
07-04 23:36:15.216  2361  2813 E IWirelessSwitch: getWirelessChargingStatus transact failed. java.util.NoSuchElementException
07-04 23:36:15.216  2361  2813 E IWirelessSwitch: Failed calling getWirelessChargingStatus!
07-04 23:36:15.218  2361  2813 E IWirelessSwitch: getWirelessChargingStatus transact failed. java.util.NoSuchElementException
07-04 23:36:15.218  2361  2813 E IWirelessSwitch: Failed calling getWirelessChargingStatus!
07-04 23:36:15.219  2361  2813 E IWirelessSwitch: getWirelessChargingStatus transact failed. java.util.NoSuchElementException
07-04 23:36:15.219  2361  2813 E IWirelessSwitch: Failed calling getWirelessChargingStatus!
07-04 23:43:21.215  2361  2813 E IWirelessSwitch: getWirelessChargingStatus transact failed. java.util.NoSuchElementException
07-04 23:43:21.215  2361  2813 E IWirelessSwitch: Failed calling getWirelessChargingStatus!
07-04 23:43:21.246  2361  2813 E IWirelessSwitch: getWirelessChargingStatus transact failed. java.util.NoSuchElementException
07-04 23:43:21.246  2361  2813 E IWirelessSwitch: Failed calling getWirelessChargingStatus!
07-04 23:43:21.247  2361  2813 E IWirelessSwitch: getWirelessChargingStatus transact failed. java.util.NoSuchElementException
07-04 23:43:21.247  2361  2813 E IWirelessSwitch: Failed calling getWirelessChargingStatus!
07-04 23:43:21.248  2361  2813 E IWire