--------- beginning of crash
06-21 03:28:14.710  3498  3498 E AndroidRuntime: FATAL EXCEPTION: main
06-21 03:28:14.710  3498  3498 E AndroidRuntime: Process: com.xiaomi.misettings, PID: 3498
06-21 03:28:14.710  3498  3498 E AndroidRuntime: java.lang.RuntimeException: Unable to start receiver com.xiaomi.misettings.usagestats.AppTimerReceiver: java.lang.IllegalStateException: SharedPreferences in credential encrypted storage are not available until after user is unlocked
06-21 03:28:14.710  3498  3498 E AndroidRuntime: 	at android.app.ActivityThread.handleReceiver(ActivityThread.java:3860)
06-21 03:28:14.710  3498  3498 E AndroidRuntime: 	at android.app.ActivityThread.access$1500(ActivityThread.java:229)
06-21 03:28:14.710  3498  3498 E AndroidRuntime: 	at android.app.ActivityThread$H.handleMessage(ActivityThread.java:1903)
06-21 03:28:14.710  3498  3498 E AndroidRuntime: 	at android.os.Handler.dispatchMessage(Handler.java:107)
06-21 03:28:14.710  3498  3498 E AndroidRuntime: 	at android.os.Looper.loop(Looper.java:224)
06-21 03:28:14.710  3498  3498 E AndroidRuntime: 	at android.app.ActivityThread.main(ActivityThread.java:7565)
06-21 03:28:14.710  3498  3498 E AndroidRuntime: 	at java.lang.reflect.Method.invoke(Native Method)
06-21 03:28:14.710  3498  3498 E AndroidRuntime: 	at com.android.internal.os.RuntimeInit$MethodAndArgsCaller.run(RuntimeInit.java:539)
06-21 03:28:14.710  3498  3498 E AndroidRuntime: 	at com.android.internal.os.ZygoteInit.main(ZygoteInit.java:950)
06-21 03:28:14.710  3498  3498 E AndroidRuntime: Caused by: java.lang.IllegalStateException: SharedPreferences in credential encrypted storage are not available until after user is unlocked
06-21 03:28:14.710  3498  3498 E AndroidRuntime: 	at android.app.ContextImpl.getSharedPreferences(ContextImpl.java:468)
06-21 03:28:14.710  3498  3498 E AndroidRuntime: 	at android.app.ContextImpl.getSharedPreferences(ContextImpl.java:453)
06-21 03:28:14.710  3498  3498 E AndroidRuntime: 	at android.content.ContextWrapper.getSharedPreferences(ContextWrapper.java:188)
06-21 03:28:14.710  3498  3498 E AndroidRuntime: 	at android.content.ContextWrapper.getSharedPreferences(ContextWrapper.java:188)
06-21 03:28:14.710  3498  3498 E AndroidRuntime: 	at com.xiaomi.misettings.usagestats.i.e.f(AppInfoUtils.java:1)
06-21 03:28:14.710  3498  3498 E AndroidRuntime: 	at com.xiaomi.misettings.usagestats.i.e.a(AppInfoUtils.java:36)
06-21 03:28:14.710  3498  3498 E AndroidRuntime: 	at com.xiaomi.misettings.usagestats.AppTimerReceiver.a(AppTimerReceiver.java:8)
06-21 03:28:14.710  3498  3498 E AndroidRuntime: 	at com.xiaomi.misettings.usagestats.AppTimerReceiver.onReceive(AppTimerReceiver.java:19)
06-21 03:28:14.710  3498  3498 E AndroidRuntime: 	at android.app.ActivityThread.handleReceiver(ActivityThread.java:3851)
06-21 03:28:14.710  3498  3498 E AndroidRuntime: 	... 8 more
06-26 12:41:50.728   876  2305 F libc    : Fatal signal 6 (SIGABRT), code -1 (SI_QUEUE) in tid 2305 (TimeCheckThread), pid 876 (audioserver)
06-26 12:41:50.850  9225  9225 F DEBUG   : *** *** *** *** *** *** *** *** *** *** *** *** *** *** *** ***
06-26 12:41:50.851  9225  9225 F DEBUG   : Build fingerprint: 'POCO/surya_ru/surya:10/QKQ1.200512.002/V12.0.7.0.QJGRUXM:user/release-keys'
06-26 12:41:50.851  9225  9225 F DEBUG   : Revision: '0'
06-26 12:41:50.851  9225  9225 F DEBUG   : ABI: 'arm64'
06-26 12:41:50.871  9225  9225 F DEBUG   : Timestamp: 2021-06-26 12:41:50+0600
06-26 12:41:50.871  9225  9225 F DEBUG   : pid: 876, tid: 2305, name: TimeCheckThread  >>> /system/bin/audioserver <<<
06-26 12:41:50.871  9225  9225 F DEBUG   : uid: 1041
06-26 12:41:50.871  9225  9225 F DEBUG   : signal 6 (SIGABRT), code -1 (SI_QUEUE), fault addr --------
06-26 12:41:50.871  9225  9225 F DEBUG   : Abort message: 'TimeCheck timeout for IAudioFlinger command 1'
06-26 12:41:50.871  9225  9225 F DEBUG   :     x0  0000000000000000  x1  0000000000000901  x2  0000000000000006  x3  000000716ada4660
06-26 12:41:50.871  9225  9225 F DEBUG   :     x4  0080000000000000  x5  0080000000000000  x6  0080000000000000  x7  0000000000008000
06-26 12:41:50.871  9225  9225 F DEBUG   :     x8  00000000000000f0  x9  9498c8b50b44d26f  x10 0000000000000001  x11 0000000000000000
06-26 12:41:50.871  9225  9225 F DEBUG   :     x12 fffffff0ffffffdf  x13 0000000000000030  x14 ffffffffffffffff  x15 0000a20af369a12d
06-26 12:41:50.871  9225  9225 F DEBUG   :     x16 0000007200c438c0  x17 0000007200c1fa50  x18 000000716a532000  x19 000000000000036c
06-26 12:41:50.871  9225  9225 F DEBUG   :     x20 0000000000000901  x21 00000000ffffffff  x22 000000716ada5020  x23 0000000103ce446c
06-26 12:41:50.871  9225  9225 F DEBUG   :     x24 0000000000000000  x25 000000716ada4d50  x26 000000716ada5020  x27 00000072045ee020
06-26 12:41:50.871  9225  9225 F DEBUG   :     x28 0000000000000000  x29 000000716ada4700
06-26 12:41:50.871  9225  9225 F DEBUG   :     sp  000000716ada4640  lr  0000007200bd10c4  pc  0000007200bd10f0
06-26 12:41:50.874  9225  9225 F DEBUG   : 
06-26 12:41:50.874  9225  9225 F DEBUG   : backtrace:
06-26 12:41:50.874  9225  9225 F DEBUG   :       #00 pc 00000000000830f0  /apex/com.android.runtime/lib64/bionic/libc.so (abort+160) (BuildId: efe7913e9debfe2df8d421d91957bb90)
06-26 12:41:50.874  9225  9225 F DEBUG   :       #01 pc 0000000000008a14  /system/lib64/liblog.so (__android_log_assert+328) (BuildId: b0a676d291f62cc3b051ab65d26fb52d)
06-26 12:41:50.874  9225  9225 F DEBUG   :       #02 pc 00000000000102bc  /system/lib64/libmediautils.so (android::TimeCheck::TimeCheckThread::threadLoop()+368) (BuildId: 43c0d0f54ff22cd89a9395205794dee6)
06-26 12:41:50.874  9225  9225 F DEBUG   :       #03 pc 00000000000135ec  /system/lib64/libutils.so (android::Thread::_threadLoop(void*)+224) (BuildId: cb18cebe428bee97f3f1e1f1cc96cd5e)
06-26 12:41:50.874  9225  9225 F DEBUG   :       #04 pc 00000000000e69e0  /apex/com.android.runtime/lib64/bionic/libc.so (__pthread_start(void*)+36) (BuildId: efe7913e9debfe2df8d421d91957bb90)
06-26 12:41:50.874  9225  9225 F DEBUG   :       #05 pc 0000000000084b6c  /apex/com.android.runtime/lib64/bionic/libc.so (__start_thread+64) (BuildId: efe7913e9debfe2df8d421d91957bb90)
--------- beginning of system
07-03 14:07:06.703  2361  2813 E IWirelessSwitch: getWirelessChargingStatus transact failed. java.util.NoSuchElementException
07-03 14:07:06.703  2361  2813 E IWirelessSwitch: Failed calling getWirelessChargingStatus!
07-03 14:07:06.706  2361  2813 E IWirelessSwitch: getWirelessChargingStatus transact failed. java.util.NoSuchElementException
07-03 14:07:06.706  2361  2813 E IWirelessSwitch: Failed calling getWirelessChargingStatus!
07-03 14:07:06.708  2361  2813 E IWirelessSwitch: getWirelessChargingStatus transact failed. java.util.NoSuchElementException
07-03 14:07:06.708  2361  2813 E IWirelessSwitch: Failed calling getWirelessChargingStatus!
07-03 14:07:06.710  2361  2813 E IWirelessSwitch: getWirelessChargingStatus transact failed. java.util.NoSuchElementException
07-03 14:07:06.710  2361  2813 E IWirelessSwitch: Failed calling getWirelessChargingStatus!
07-03 14:07:07.467  2361  2813 E IWirelessSwitch: getWirelessChargingStatus transact failed. java.util.NoSuchElementException
07-03 14:07:07.467  2361  2813 E IWirelessSwitch: Failed calling getWirelessChargingStatus!
07-03 14:07:07.470  2361  2813 E IWirelessSwitch: getWirelessChargingStatus transact failed. java.util.NoSuchElementException
07-03 14:07:07.470  2361  2813 E IWirelessSwitch: Failed calling getWirelessChargingStatus!
07-03 14:07:07.472  2361  2813 E IWirelessSwitch: getWirelessChargingStatus transact failed. java.util.NoSuchElementException
07-03 14:07:07.472  2361  2813 E IWirelessSwitch: Failed calling getWirelessChargingStatus!
07-03 14:07:07.475  2361  2813 E IWirelessSwitch: getWirelessChargingStatus transact failed. java.util.NoSuchElementException
07-03 14:07:07.475  2361  2813 E IWirelessSwitch: Failed calling getWirelessChargingStatus!
07-03 14:07:48.067  2361  2361 E miui_face: start face unlock  fail:;isSupportFaceUnlock=true;isFaceFeatureEnabled=true;hasEnrolledFaces=false;isFaceUnlockApplyForKeyguard=false;isOwnerUser=true
07-03 14:08:49.554  2361  2361 E miui_face: start face unlock  fail:;isSupportFaceUnlock=true;isFaceFeatureEnabled=true;hasEnrolledFaces=false;isFaceUnlockApplyForKeyguard=false;isOwnerUser=true
07-03 14:14:49.790  2361  2813 E IWirelessSwitch: getWirelessChargingStatus transact failed. java.util.NoSuchElementException
07-03 14:14:49.790  2361  2813 E IWirelessSwitch: Failed calling getWirelessChargingStatus!
07-03 14:14:49.792  2361  2813 E IWirelessSwitch: getWirelessChargingStatus transact failed. java.util.NoSuchElementException
07-03 14:14:49.793  2361  2813 E IWirelessSwitch: Failed calling getWirelessChargingStatus!
07-03 14:14:49.798  2361  2813 E IWirelessSwitch: getWirelessChargingStatus transact failed. java.util.NoSuchElementException
07-03 14:14:49.798  2361  2813 E IWirelessSwitch: Failed calling getWirelessChargingStatus!
07-03 14:14:49.800  2361  2813 E IWirelessSwitch: getWirelessChargingStatus transact failed. java.util.NoSuchElementException
07-03 14:14:49.800  2361  2813 E IWirelessSwitch: Failed calling getWirelessChargingStatus!
07-03 14:17:06.718  2361  2813 E IWirelessSwitch: getWirelessChargingStatus transact failed. java.util.NoSuchElementException
07-03 14:17:06.718  2361  2813 E IWirelessSwitch: Failed calling getWirelessChargingStatus!
07-03 14:17:06.720  2361  2813 E IWirelessSwitch: getWirelessChargingStatus transact failed. java.util.NoSuchElementException
07-03 14:17:06.720  2361  2813 E IWirelessSwitch: Failed calling getWirelessChargingStatus!
07-03 14:17:06.722  2361  2813 E IWirelessSwitch: getWirelessChargingStatus transact failed. java.util.NoSuchElementException
07-03 14:17:06.722  2361  2813 E IWirelessSwitch: Failed calling getWirelessChargingStatus!
07-03 14:17:06.723  2361  2813 E IWirelessSwitch: getWirelessChargingStatus transact failed. java.util.NoSuchElementException
07-03 14:17:06.723  2361  2813 E IWirelessSwitch: Failed calling getWirelessChargingStatus!
07-03 14:17:07.484  2361  2813 E IWirelessSwitch: getWirelessChargingStatus transact failed. java.util.NoSuchElementException
07-03 14:17:07.485  2361  2813 E IWirelessSwitch: Failed calling getWirelessChargingStatus!
07-03 14:17:07.486  2361  2813 E IWirelessSwitch: getWirelessChargingStatus transact failed. java.util.NoSuchElementException
07-03 14:17:07.486  2361  2813 E IWirelessSwitch: Failed calling getWirelessChargingStatus!
07-03 14:17:07.488  2361  2813 E IWirelessSwitch: getWirelessChargingStatus transact failed. java.util.NoSuchElementException
07-03 14:17:07.488  2361  2813 E IWirelessSwitch: Failed calling getWirelessChargingStatus!
07-03 14:17:07.490  2361  2813 E IWirelessSwitch: getWirelessChargingStatus transact failed. java.util.NoSuchElementException
07-03 14:17:07.491  2361  2813 E IWirelessSwitch: Failed calling getWirelessChargingStatus!
07-03 14:24:00.087  2361  2361 E miui_face: start face unlock  fail:;isSupportFaceUnlock=true;isFaceFeatureEnabled=true;hasEnrolledFaces=false;isFaceUnlockApplyForKeyguard=false;isOwnerUser=true
07-03 14:24:49.810  2361  2813 E IWirelessSwitch: getWirelessChargingStatus transact failed. java.util.NoSuchElementException
07-03 14:24:49.810  2361  2813 E IWirelessSwitch: Failed calling getWirelessChargingStatus!
07-03 14:24:49.812  2361  2813 E IWirelessSwitch: getWirelessChargingStatus transact failed. java.util.NoSuchElementException
07-03 14:24:49.812  2361  2813 E IWirelessSwitch: Failed calling getWirelessChargingStatus!
07-03 14:24:49.814  2361  2813 E IWirelessSwitch: getWirelessChargingStatus transact failed. java.util.NoSuchElementException
07-03 14:24:49.814  2361  2813 E IWirelessSwitch: Failed calling getWirelessChargingStatus!
07-03 14:24:49.816  2361  2813 E IWirelessSwitch: getWirelessChargingStatus transact failed. java.util.NoSuchElementException
07-03 14:24:49.816  2361  2813 E IWirelessSwitch: Failed calling getWirelessChargingStatus!
07-03 14:25:01.434  2361  2361 E miui_face: start face unlock  fail:;isSupportFaceUnlock=true;isFaceFeatureEnabled=true;hasEnrolledFaces=false;isFaceUnlockApplyForKeyguard=false;isOwnerUser=true
07-03 14:25:02.306  2361  2361 E miui_face: start face unlock  fail:;isSupportFaceUnlock=true;isFaceFeatureEnabled=true;hasEnrolledFaces=false;isFaceUnlockApplyForKeyguard=false;isOwnerUser=true
07-03 14:26:26.372  2361  2361 E miui_face: start face unlock  fail:;isSupportFaceUnlock=true;isFaceFeatureEnabled=true;hasEnrolledFaces=false;isFaceUnlockApplyForKeyguard=false;isOwnerUser=true
07-03 14:26:27.298  2361  2361 E miui_face: start face unlock  fail:;isSupportFaceUnlock=true;isFaceFeatureEnabled=true;hasEnrolledFaces=false;isFaceUnlockApplyForKeyguard=false;isOwnerUser=true
07-03 14:27:06.732  2361  2813 E IWirelessSwitch: getWirelessChargingStatus transact failed. java.util.NoSuchElementException
07-03 14:27:06.732  2361  2813 E IWirelessSwitch: Failed calling getWirelessChargingStatus!
07-03 14:27:06.736  2361  2813 E IWirelessSwitch: getWirelessChargingStatus transact failed. java.util.NoSuchElementException
07-03 14:27:06.736  2361  2813 E IWirelessSwitch: Failed calling getWirelessChargingStatus!
07-03 14:27:06.739  2361  2813 E IWirelessSwitch: getWirelessChargingStatus transact failed. java.util.NoSuchElementException
07-03 14:27:06.739  2361  2813 E IWirelessSwitch: Failed calling getWirelessChargingStatus!
07-03 14:27:06.741  2361  2813 E IWirelessSwitch: getWirelessChargingStatus transact failed. java.util.NoSuchElementException
07-03 14:27:06.741  2361  2813 E IWirelessSwitch: Failed calling getWirelessChargingStatus!
07-03 14:27:07.496  2361  2813 E IWirelessSwitch: getWirelessChargingStatus transact failed. java.util.NoSuchElementException
07-03 14:27:07.497  2361  2813 E IWirelessSwitch: Failed calling getWirelessChargingStatus!
07-03 14:27:07.498  2361  2813 E IWirelessSwitch: getWirelessChargingStatus transact failed. java.util.NoSuchElementException
07-03 14:27:07.498  2361  2813 E IWirelessSwitch: Failed calling getWirelessChargingStatus!
07-03 14:27:07.500  2361  2813 E IWirelessSwitch: getWirelessChargingStatus transact failed. java.util.NoSuchElementException
07-03 14:27:07.501  2361  2813 E IWirelessSwitch: Failed calling getWirelessChargingStatus!
07-03 14:27:07.502  2361  2813 E IWirelessSwitch: getWirelessChargingStatus transact failed. java.util.NoSuchElementException
07-03 14:27:07.502  2361  2813 E IWirelessSwitch: Failed calling getWirelessChargingStatus!
07-03 14:27:37.452 16273 16495 E ActivityThread: Failed to find provider info for com.vk.im.providers.im
07-03 14:27:38.291 16273 16350 E ActivityThread: Failed to find provider info for com.vk.im.providers.im
07-03 14:27:38.492 16273 16350 E ActivityThread: Failed to find provider info for com.vk.im.providers.im
07-03 14:27:39.421  2361  2361 E miui_face: start face unlock  fail:;isSupportFaceUnlock=true;isFaceFeatureEnabled=true;hasEnrolledFaces=false;isFaceUnlockApplyForKeyguard=false;isOwnerUser=true
07-03 14:27:39.499 16273 16350 E ActivityThread: Failed to find provider info for com.vk.im.providers.im
07-03 14:27:39.535 16273 16495 E ActivityThread: Failed to find provider info for com.vk.im.providers.im
07-03 14:28:59.478  2361  2361 E miui_face: start face unlock  fail:;isSupportFaceUnlock=true;isFaceFeatureEnabled=true;hasEnrolledFaces=false;isFaceUnlockApplyForKeyguard=false;isOwnerUser=true
07-03 14:30:22.581  2361  2361 E miui_face: start face unlock  fail:;isSupportFaceUnlock=true;isFaceFeatureEnabled=true;hasEnrolledFaces=false;isFaceUnlockApplyForKeyguard=false;isOwnerUser=true
07-03 14:32:36.072  2361  2361 E miui_face: start face unlock  fail:;isSupportFaceUnlock=true;isFaceFeatureEnabled=true;hasEnrolledFaces=false;isFaceUnlockApplyForKeyguard=false;isOwnerUser=true
07-03 14:33:16.834  2361  2361 E miui_face: start face unlock  fail:;isSupportFaceUnlock=true;isFaceFeatureEnabled=true;hasEnrolledFaces=false;isFaceUnlockApplyForKeyguard=false;isOwnerUser=true
07-03 14:33:18.562  2361  2361 E miui_face: start face unlock  fail:;isSupportFaceUnlock=true;isFaceFeatureEnabled=true;hasEnrolledFaces=false;isFaceUnlockApplyForKeyguard=false;isOwnerUser=true
07-03 14:34:49.821  2361  2813 E IWirelessSwitch: getWirelessChargingStatus transact failed. java.util.NoSuchElementException
07-03 14:34:49.822  2361  2813 E IWirelessSwitch: Failed calling getWirelessChargingStatus!
07-03 14:34:49.825  2361  2813 E IWirelessSwitch: getWirelessChargingStatus transact failed. java.util.NoSuchElementException
07-03 14:34:49.825  2361  2813 E IWirelessSwitch: Failed calling getWirelessChargingStatus!
07-03 14:34:49.828  2361  2813 E IWirelessSwitch: getWirelessChargingStatus transact failed. java.util.NoSuchElementException
07-03 14:34:49.828  2361  2813 E IWirelessSwitch: Failed calling getWirelessChargingStatus!
07-03 14:34:49.830  2361  2813 E IWirelessSwitch: getWirelessChargingStatus transact failed. java.util.NoSuchElementException
07-03 14:34:49.830  2361  2813 E IWirelessSwitch: Failed calling getWirelessChargingStatus!
07-03 14:37:06.749  2361  2813 E IWirelessSwitch: getWirelessChargingStatus transact failed. java.util.NoSuchElementException
07-03 14:37:06.750  2361  2813 E IWirelessSwitch: Failed calling getWirelessChargingStatus!
07-03 14:37:06.752  2361  2813 E IWirelessSwitch: getWirelessChargingStatus transact failed. java.util.NoSuchElementException
07-03 14:37:06.753  2361  2813 E IWirelessSwitch: Failed calling getWirelessChargingStatus!
07-03 14:37:06.755  2361  2813 E IWirelessSwitch: getWirelessChargingStatus transact failed. java.util.NoSuchElementException
07-03 14:37:06.755  2361  2813 E IWirelessSwitch: Failed calling getWirelessChargingStatus!
07-03 14:37:06.757  2361  2813 E IWirelessSwitch: getWirelessChargingStatus transact failed. java.util.NoSuchElementException
07-03 14:37:06.758  2361  2813 E IWirelessSwitch: Failed calling getWirelessChargingStatus!
07-03 14:37:07.512  2361  2813 E IWirelessSwitch: getWirelessChargingStatus transact failed. java.util.NoSuchElementException
07-03 14:37:07.512  2361  2813 E IWirelessSwitch: Failed calling getWirelessChargingStatus!
07-03 14:37:07.515  2361  2813 E IWirelessSwitch: getWirelessChargingStatus transact failed. java.util.NoSuchElementException
07-03 14:37:07.515  2361  2813 E IWirelessSwitch: Failed calling getWirelessChargingStatus!
07-03 14:37:07.519  2361  2813 E IWirelessSwitch: getWirelessChargingStatus transact failed. java.util.NoSuchElementException
07-03 14:37:07.519  2361  2813 E IWirelessSwitch: Failed calling getWirelessChargingStatus!
07-03 14:37:07.521  2361  2813 E IWirelessSwitch: getWirelessChargingStatus transact failed. java.util.NoSuchElementException
07-03 14:37:07.521  2361  2813 E IWirelessSwitch: Failed calling getWirelessChargingStatus!
07-03 14:38:36.777 19882 20109 E ActivityThread: Failed to find provider info for com.vk.im.providers.im
07-03 14:38:37.644 19882 19959 E ActivityThread: Failed to find provider info for com.vk.im.providers.im
07-03 14:38:37.785 19882 19959 E ActivityThread: Failed to find provider info for com.vk.im.providers.im
07-03 14:38:38.788 19882 19959 E ActivityThread: Failed to find provider info for com.vk.im.providers.im
07-03 14:38:38.923 19882 20109 E ActivityThread: Failed to find provider info for com.vk.im.providers.im
07-03 14:38:38.960 19882 20109 E ActivityThread: Failed to find provider info for com.vk.im.providers.im
07-03 14:39:02.493 19882 20109 E ActivityThread: Failed to find provider info for com.vk.im.providers.im
07-03 14:41:15.513 19882 20109 E ActivityThread: Failed to find provider info for com.vk.im.providers.im
07-03 14:41:15.646 19882 20109 E ActivityThread: Failed to find provider info for com.vk.im.providers.im
07-03 14:42:01.141 19882 20109 E ActivityThread: Failed to find provider info for com.vk.im.providers.im
07-03 14:42:02.432 19882 20109 E ActivityThread: Failed to find provider info for com.vk.im.providers.im
07-03 14:42:02.449 19882 20109 E ActivityThread: Failed to find provider info for com.vk.im.providers.im
07-03 14:42:59.490  2361  2361 E miui_face: start face unlock  fail:;isSupportFaceUnlock=true;isFaceFeatureEnabled=true;hasEnrolledFaces=false;isFaceUnlockApplyForKeyguard=false;isOwnerUser=true
07-03 14:57:59.704 22124 22146 E ActivityThread: Failed to find provider info for com.google.android.instantapps.supervisor.SupervisorArchiveProvider
07-03 14:57:59.707 22124 22238 E ActivityThread: Failed to find provider info for com.google.android.instantapps.supervisor.SupervisorArchiveProvider
07-03 15:05:45.124  2361  2813 E IWirelessSwitch: getWirelessChargingStatus transact failed. java.util.NoSuchElementException
07-03 15:05:45.124  2361  2813 E IWirelessSwitch: Failed calling getWirelessChargingStatus!
07-03 15:05:45.130  2361  2813 E IWirelessSwitch: getWirelessChargingStatus transact failed. java.util.NoSuchElementException
07-03 15:05:45.130  2361  2813 E IWirelessSwitch: Failed calling getWirelessChargingStatus!
07-03 15:05:45.132  2361  2813 E IWirelessSwitch: getWirelessChargingStatus transact failed. java.util.NoSuchElementException
07-03 15:05:45.133  2361  2813 E IWirelessSwitch: Failed calling getWirelessChargingStatus!
07-03 15:05:45.135  2361  2813 E IWirelessSwitch: getWirelessChargingStatus transact failed. java.util.NoSuchElementException
07-03 15:05:45.135  2361  2813 E IWirelessSwitch: Failed calling getWirelessChargingStatus!
07-03 15:18:13.767  2361  2361 E miui_face: start face unlock  fail:;isSupportFaceUnlock=true;isFaceFeatureEnabled=true;hasEnrolledFaces=false;isFaceUnlockApplyForKeyguard=false;isOwnerUser=true
07-03 15:18:14.662  2361  2361 E miui_face: start face unlock  fail:;isSupportFaceUnlock=true;isFaceFeatureEnabled=true;hasEnrolledFaces=false;isFaceUnlockApplyForKeyguard=false;isOwnerUser=true
07-03 15:19:57.902  2361  2813 E IWirelessSwitch: getWirelessChargingStatus transact failed. java.util.NoSuchElementException
07-03 15:19:57.902  2361  2813 E IWirelessSwitch: Failed calling getWirelessChargingStatus!
07-03 15:19:57.904  2361  2813 E IWirelessSwitch: getWirelessChargingStatus transact failed. java.util.NoSuchElementException
07-03 15:19:57.904  2361  2813 E IWirelessSwitch: Failed calling getWirelessChargingStatus!
07-03 15:19:57.906  2361  2813 E IWirelessSwitch: getWirelessChargingStatus transact failed. java.util.NoSuchElementException
07-03 15:19:57.906  2361  2813 E IWirelessSwitch: Failed calling getWirelessChargingStatus!
07-03 15:19:57.908  2361  2813 E IWirelessSwitch: getWirelessChargingStatus transact failed. java.util.NoSuchElementException
07-03 15:19:57.908  2361  2813 E IWirelessSwitch: Failed calling getWirelessChargingStatus!
07-03 15:19:58.675  2361  2813 E IWirelessSwitch: getWirelessChargingStatus transact failed. java.util.NoSuchElementException
07-03 15:19:58.675  2361  2813 E IWirelessSwitch: Failed calling getWirelessChargingStatus!
07-03 15:19:58.676  2361  2813 E IWirelessSwitch: getWirelessChargingStatus transact failed. java.util.NoSuchElementException
07-03 15:19:58.676  2361  2813 E IWirelessSwitch: Failed calling getWirelessChargingStatus!
07-03 15:19:58.677  2361  2813 E IWirelessSwitch: getWirelessChargingStatus transact failed. java.util.NoSuchElementException
07-03 15:19:58.677  2361  2813 E IWirelessSwitch: Failed calling getWirelessChargingStatus!
07-03 15:19:58.679  2361  2813 E IWirelessSwitch: getWirelessChargingStatus transact failed. java.util.NoSuchElementException
07-03 15:19:58.679  2361  2813 E IWirelessSwitch: Failed calling getWirelessChargingStatus!
07-03 15:23:53.463  2361  2361 E miui_face: start face unlock  fail:;isSupportFaceUnlock=true;isFaceFeatureEnabled=true;hasEnrolledFaces=false;isFaceUnlockApplyForKeyguard=false;isOwnerUser=true
07-03 15:27:29.819  2361  2361 E miui_face: start face unlock  fail:;isSupportFaceUnlock=true;isFaceFeatureEnabled=true;hasEnrolledFaces=false;isFaceUnlockApplyForKeyguard=false;isOwnerUser=true
07-03 15:27:31.363  2361  2361 E miui_face: start face unlock  fail:;isSupportFaceUnlock=true;isFaceFeatureEnabled=true;hasEnrolledFaces=false;isFaceUnlockApplyForKeyguard=false;isOwnerUser=true
07-03 15:27:41.030  2361  2813 E IWirelessSwitch: getWirelessChargingStatus transact failed. java.util.NoSuchElementException
07-03 15:27:41.030  2361  2813 E IWirelessSwitch: Failed calling getWirelessChargingStatus!
07-03 15:27:41.032  2361  2813 E IWirelessSwitch: getWirelessChargingStatus transact failed. java.util.NoSuchElementException
07-03 15:27:41.032  2361  2813 E IWirelessSwitch: Failed calling getWirelessChargingStatus!
07-03 15:27:41.037  2361  2813 E IWirelessSwitch: getWirelessChargingStatus transact failed. java.util.NoSuchElementException
07-03 15:27:41.038  2361  2813 E IWirelessSwitch: Failed calling getWirelessChargingStatus!
07-03 15:27:41.039  2361  2813 E IWirelessSwitch: getWirelessChargingStatus transact failed. java.util.NoSuchElementException
07-03 15:27:41.039  2361  2813 E IWirelessSwitch: Failed calling getWirelessChargingStatus!
07-03 15:29:57.918  2361  2813 E IWirelessSwitch: getWirelessChargingStatus transact failed. java.util.NoSuchElementException
07-03 15:29:57.919  2361  2813 E IWirelessSwitch: Failed calling getWirelessChargingStatus!
07-03 15:29:57.921  2361  2813 E IWirelessSwitch: getWirelessChargingStatus transact failed. java.util.NoSuchElementException
07-03 15:29:57.921  2361  2813 E IWirelessSwitch: Failed calling getWirelessChargingStatus!
07-03 15:29:57.923  2361  2813 E IWirelessSwitch: getWirelessChargingStatus transact failed. java.util.NoSuchElementException
07-03 15:29:57.923  2361  2813 E IWirelessSwitch: Failed calling getWirelessChargingStatus!
07-03 15:29:57.924  2361  2813 E IWirelessSwitch: getWirelessChargingStatus transact failed. java.util.NoSuchElementException
07-03 15:29:57.924  2361  2813 E IWirelessSwitch: Failed calling getWirelessChargingStatus!
07-03 15:29:58.688  2361  2813 E IWirelessSwitch: getWirelessChargingStatus transact failed. java.util.NoSuchElementException
07-03 15:29:58.688  2361  2813 E IWirelessSwitch: Failed calling getWirelessChargingStatus!
07-03 15:29:58.691  2361  2813 E IWirelessSwitch: getWirelessChargingStatus transact failed. java.util.NoSuchElementException
07-03 15:29:58.691  2361  2813 E IWirelessSwitch: Failed calling getWirelessChargingStatus!
07-03 15:29:58.693  2361  2813 E IWirelessSwitch: getWirelessChargingStatus transact failed. java.util.NoSuchElementException
07-03 15:29:58.693  2361  2813 E IWirelessSwitch: Failed calling getWirelessChargingStatus!
07-03 15:29:58.696  2361  2813 E IWirelessSwitch: getWirelessChargingStatus transact failed. java.util.NoSuchElementException
07-03 15:29:58.696  2361  2813 E IWirelessSwitch: Failed calling getWirelessChargingStatus!
07-03 15:32:39.961  2361  2361 E miui_face: start face unlock  fail:;isSupportFaceUnlock=true;isFaceFeatureEnabled=true;hasEnrolledFaces=false;isFaceUnlockApplyForKeyguard=false;isOwnerUser=true
07-03 15:33:48.468  2361  2361 E miui_face: start face unlock  fail:;isSupportFaceUnlock=true;isFaceFeatureEnabled=true;hasEnrolledFaces=false;isFaceUnlockApplyForKeyguard=false;isOwnerUser=true
07-03 15:33:49.268  2361  2361 E miui_face: start face unlock  fail:;isSupportFaceUnlock=true;isFaceFeatureEnabled=true;hasEnrolledFaces=false;isFaceUnlockApplyForKeyguard=false;isOwnerUser=true
07-03 15:35:09.791 29554 29766 E ActivityThread: Failed to find provider info for com.vk.im.providers.im
07-03 15:35:10.659 29554 29622 E ActivityThread: Failed to find provider info for com.vk.im.providers.im
07-03 15:35:10.803 29554 29622 E ActivityThread: Failed to find provider info for com.vk.im.providers.im
07-03 15:35:11.839 29554 29622 E ActivityThread: Failed to find provider info for com.vk.im.providers.im
07-03 15:35:12.566 29554 29766 E ActivityThread: Failed to find provider info for com.vk.im.providers.im
07-03 15:35:43.983 29554 29766 E ActivityThread: Failed to find provider info for com.vk.im.providers.im
07-03 15:35:45.298 29554 29766 E ActivityThread: Failed to find provider info for com.vk.im.providers.im
07-03 15:37:41.107  2361  2813 E IWirelessSwitch: getWirelessChargingStatus transact failed. java.util.NoSuchElementException
07-03 15:37:41.107  2361  2813 E IWirelessSwitch: Failed calling getWirelessChargingStatus!
07-03 15:37:41.120  2361  2813 E IWirelessSwitch: getWirelessChargingStatus transact failed. java.util.NoSuchElementException
07-03 15:37:41.120  2361  2813 E IWirelessSwitch: Failed calling getWirelessChargingStatus!
07-03 15:37:41.121  2361  2813 E IWirelessSwitch: getWirelessChargingStatus transact failed. java.util.NoSuchElementException
07-03 15:37:41.121  2361  2813 E IWirelessSwitch: Failed calling getWirelessChargingStatus!
07-03 15:37:41.122  2361  2813 E IWirelessSwitch: getWirelessChargingStatus transact failed. java.util.NoSuchElementException
07-03 15:37:41.122  2361  2813 E IWirelessSwitch: Failed calling getWirelessChargingStatus!
07-03 15:39:57.935  2361  2813 E IWirelessSwitch: getWirelessChargingStatus transact failed. java.util.NoSuchElementException
07-03 15:39:57.935  2361  2813 E IWirelessSwitch: Failed calling getWirelessChargingStatus!
07-03 15:39:57.938  2361  2813 E IWirelessSwitch: getWirelessChargingStatus transact failed. java.util.NoSuchElementException
07-03 15:39:57.938  2361  2813 E IWirelessSwitch: Failed calling getWirelessChargingStatus!
07-03 15:39:57.941  2361  2813 E IWirelessSwitch: getWirelessChargingStatus transact failed. java.util.NoSuchElementException
07-03 15:39:57.941  2361  2813 E IWirelessSwitch: Failed calling getWirelessChargingStatus!
07-03 15:39:57.943  2361  2813 E IWirelessSwitch: getWirelessChargingStatus transact failed. java.util.NoSuchElementException
07-03 15:39:57.943  2361  2813 E IWirelessSwitch: Failed calling getWirelessChargingStatus!
07-03 15:39:58.705  2361  2813 E IWirelessSwitch: getWirelessChargingStatus transact failed. java.util.NoSuchElementException
07-03 15:39:58.705  2361  2813 E IWirelessSwitch: Failed calling getWirelessChargingStatus!
07-03 15:39:58.707  2361  2813 E IWirelessSwitch: getWirelessChargingStatus transact failed. java.util.NoSuchElementException
07-03 15:39:58.707  2361  2813 E IWirelessSwitch: Failed calling getWirelessChargingStatus!
07-03 15:39:58.709  2361  2813 E IWirelessSwitch: getWirelessChargingStatus transact failed. java.util.NoSuchElementException
07-03 15:39:58.709  2361  2813 E IWirelessSwitch: Failed calling getWirelessChargingStatus!
07-03 15:39:58.711  2361  2813 E IWirelessSwitch: getWirelessChargingStatus transact failed. java.util.NoSuchElementException
07-03 15:39:58.711  2361  2813 E IWirelessSwitch: Failed calling getWirelessChargingStatus!
07-03 15:47:41.159  2361  2813 E IWirelessSwitch: getWirelessChargingStatus transact failed. java.util.NoSuchElementException
07-03 15:47:41.159  2361  2813 E IWirelessSwitch: Failed calling getWirelessChargingStatus!
07-03 15:47:41.167  2361  2813 E IWirelessSwitch: getWirelessChargingStatus transact failed. java.util.NoSuchElementException
07-03 15:47:41.167  2361  2813 E IWirelessSwitch: Failed calling getWirelessChargingStatus!
07-03 15:47:41.168  2361  2813 E IWirelessSwitch: getWirelessChargingStatus transact failed. java.util.NoSuchElementException
07-03 15:47:41.168  2361  2813 E IWirelessSwitch: Failed calling getWirelessChargingStatus!
07-03 15:47:41.170  2361  2813 E IWirelessSwitch: getWirelessChargingStatus transact failed. java.util.NoSuchElementException
07-03 15:47:41.170  2361  2813 E IWirelessSwitch: Failed calling getWirelessChargingStatus!
07-03 15:49:08.982 29554 29766 E ActivityThread: Failed to find provider info for com.vk.im.providers.im
07-03 15:49:10.645 29554 29766 E ActivityThread: Failed to find provider info for com.vk.im.providers.im
07-03 15:49:57.952  2361  2813 E IWirelessSwitch: getWirelessChargingStatus transact failed. java.util.NoSuchElementException
07-03 15:49:57.953  2361  2813 E IWirelessSwitch: Failed calling getWirelessChargingStatus!
07-03 15:49:57.954  2361  2813 E IWirelessSwitch: getWirelessChargingStatus transact failed. java.util.NoSuchElementException
07-03 15:49:57.954  2361  2813 E IWirelessSwitch: Failed calling getWirelessChargingStatus!
07-03 15:49:57.956  2361  2813 E IWirelessSwitch: getWirelessChargingStatus transact failed. java.util.NoSuchElementException
07-03 15:49:57.956  2361  2813 E IWirelessSwitch: Failed calling getWirelessChargingStatus!
07-03 15:49:57.959  2361  2813 E IWirelessSwitch: getWirelessChargingStatus transact failed. java.util.NoSuchElementException
07-03 15:49:57.959  2361  2813 E IWirelessSwitch: Failed calling getWirelessChargingStatus!
07-03 15:49:58.720  2361  2813 E IWirelessSwitch: getWirelessChargingStatus transact failed. java.util.NoSuchElementException
07-03 15:49:58.721  2361  2813 E IWirelessSwitch: Failed calling getWirelessChargingStatus!
07-03 15:49:58.723  2361  2813 E IWirelessSwitch: getWirelessChargingStatus transact failed. java.util.NoSuchElementException
07-03 15:49:58.723  2361  2813 E IWirelessSwitch: Failed calling getWirelessChargingStatus!
07-03 15:49:58.724  2361  2813 E IWirelessSwitch: getWirelessChargingStatus transact failed. java.util.NoSuchElementException
07-03 15:49:58.724  2361  2813 E IWirelessSwitch: Failed calling getWirelessChargingStatus!
07-03 15:49:58.726  2361  2813 E IWirelessSwitch: getWirelessChargingStatus transact failed. java.util.NoSuchElementException
07-03 15:49:58.726  2361  2813 E IWirelessSwitch: Failed calling getWirelessChargingStatus!
07-03 15:50:02.298  2361  2361 E miui_face: start face unlock  fail:;isSupportFaceUnlock=true;isFaceFeatureEnabled=true;hasEnrolledFaces=false;isFaceUnlockApplyForKeyguard=false;isOwnerUser=true
07-03 15:50:22.409 29554 29766 E ActivityThread: Failed to find provider info for com.vk.im.providers.im
07-03 15:50:33.410  2361  2361 E miui_face: start face unlock  fail:;isSupportFaceUnlock=true;isFaceFeatureEnabled=true;hasEnrolledFaces=false;isFaceUnlockApplyForKeyguard=false;isOwnerUser=true
07-03 15:50:34.402 29554 29766 E ActivityThread: Failed to find provider info for com.vk.im.providers.im
07-03 15:50:35.320 29554 29766 E ActivityThread: Failed to find provider info for com.vk.im.providers.im
07-03 15:50:55.515  2361  2361 E miui_face: start face unlock  fail:;isSupportFaceUnlock=true;isFaceFeatureEnabled=true;hasEnrolledFaces=false;isFaceUnlockApplyForKeyguard=false;isOwnerUser=true
07-03 15:51:02.903  2361  2361 E miui_face: start face unlock  fail:;isSupportFaceUnlock=true;isFaceFeatureEnabled=true;hasEnrolledFaces=false;isFaceUnlockApplyForKeyguard=false;isOwnerUser=true
07-03 15:51:03.483  2361  2361 E miui_face: start face unlock  fail:;isSupportFaceUnlock=true;isFaceFeatureEnabled=true;hasEnrolledFaces=false;isFaceUnlockApplyForKeyguard=false;isOwnerUser=true
07-03 15:51:21.939 29554 29766 E ActivityThread: Failed to find provider info for com.vk.im.providers.im
07-03 15:51:23.228 29554 29766 E ActivityThread: Failed to find provider info for com.vk.im.providers.im
07-03 15:51:23.240 29554 29766 E ActivityThread: Failed to find provider info for com.vk.im.providers.im
07-03 15:58:35.045  2361  2361 E miui_face: start face unlock  fail:;isSupportFaceUnlock=true;isFaceFeatureEnabled=true;hasEnrolledFaces=false;isFaceUnlockApplyForKeyguard=false;isOwnerUser=true
07-03 15:58:35.619  2361  2361 E miui_face: start face unlock  fail:;isSupportFaceUnlock=true;isFaceFeatureEnabled=true;hasEnrolledFaces=false;isFaceUnlockApplyForKeyguard=false;isOwnerUser=true
07-03 16:01:06.979  5644 15224 E ActivityThread: Failed to find provider info for com.xiaomi.migameservice.provider
07-03 16:03:15.829  2361  2813 E IWirelessSwitch: getWirelessChargingStatus transact failed. java.util.NoSuchElementException
07-03 16:03:15.829  2361  2813 E IWirelessSwitch: Failed calling getWirelessChargingStatus!
07-03 16:03:15.845  2361  2813 E IWirelessSwitch: getWirelessChargingStatus transact failed. java.util.NoSuchElementException
07-03 16:03:15.845  2361  2813 E IWirelessSwitch: Failed calling getWirelessChargingStatus!
07-03 16:03:15.847  2361  2813 E IWirelessSwitch: getWirelessChargingStatus transact failed. java.util.NoSuchElementException
07-03 16:03:15.847  2361  2813 E IWirelessSwitch: Failed calling getWirelessChargingStatus!
07-03 16:03:15.849  2361  2813 E IWirelessSwitch: getWirelessChargingStatus transact failed. java.util.NoSuchElementException
07-03 16:03:15.849  2361  2813 E IWirelessSwitch: Failed calling getWirelessChargingStatus!
07-03 16:03:37.375  2361  2361 E miui_face: start face unlock  fail:;isSupportFaceUnlock=true;isFaceFeatureEnabled=true;hasEnrolledFaces=false;isFaceUnlockApplyForKeyguard=false;isOwnerUser=true
07-03 16:03:49.112  2361  2361 E miui_face: start face unlock  fail:;isSupportFaceUnlock=true;isFaceFeatureEnabled=true;hasEnrolledFaces=false;isFaceUnlockApplyForKeyguard=false;isOwnerUser=true
07-03 16:05:32.595  2361  2813 E IWirelessSwitch: getWirelessChargingStatus transact failed. java.util.NoSuchElementException
07-03 16:05:32.595  2361  2813 E IWirelessSwitch: Failed calling getWirelessChargingStatus!
07-03 16:05:32.597  2361  2813 E IWirelessSwitch: getWirelessChargingStatus transact failed. java.util.NoSuchElementException
07-03 16:05:32.597  2361  2813 E IWirelessSwitch: Failed calling getWirelessChargingStatus!
07-03 16:05:32.599  2361  2813 E IWirelessSwitch: getWirelessChargingStatus transact failed. java.util.NoSuchElementException
07-03 16:05:32.599  2361  2813 E IWirelessSwitch: Failed calling getWirelessChargingStatus!
07-03 16:05:32.600  2361  2813 E IWirelessSwitch: getWirelessChargingStatus transact failed. java.util.NoSuchElementException
07-03 16:05:32.600  2361  2813 E IWirelessSwitch: Failed calling getWirelessChargingStatus!
07-03 16:05:33.359  2361  2813 E IWirelessSwitch: getWirelessChargingStatus transact failed. java.util.NoSuchElementException
07-03 16:05:33.359  2361  2813 E IWirelessSwitch: Failed calling getWirelessChargingStatus!
07-03 16:05:33.362  2361  2813 E IWirelessSwitch: getWirelessChargingStatus transact failed. java.util.NoSuchElementException
07-03 16:05:33.362  2361  2813 E IWirelessSwitch: Failed calling getWirelessChargingStatus!
07-03 16:05:33.364  2361  2813 E IWirelessSwitch: getWirelessChargingStatus transact failed. java.util.NoSuchElementException
07-03 16:05:33.364  2361  2813 E IWirelessSwitch: Failed calling getWirelessChargingStatus!
07-03 16:05:33.365  2361  2813 E IWirelessSwitch: getWirelessChargingStatus transact failed. java.util.NoSuchElementException
07-03 16:05:33.365  2361  2813 E IWirelessSwitch: Failed calling getWirelessChargingStatus!
07-03 16:11:41.921  2361  2361 E miui_face: start face unlock  fail:;isSupportFaceUnlock=true;isFaceFeatureEnabled=true;hasEnrolledFaces=false;isFaceUnlockApplyForKeyguard=false;isOwnerUser=true
07-03 16:11:43.858  2361  2361 E miui_face: start face unlock  fail:;isSupportFaceUnlock=true;isFaceFeatureEnabled=true;hasEnrolledFaces=false;isFaceUnlockApplyForKeyguard=false;isOwnerUser=true
07-03 16:11:44.839  2361  2361 E miui_face: start face unlock  fail:;isSupportFaceUnlock=true;isFaceFeatureEnabled=true;hasEnrolledFaces=false;isFaceUnlockApplyForKeyguard=false;isOwnerUser=true
07-03 16:13:15.884  2361  2813 E IWirelessSwitch: getWirelessChargingStatus transact failed. java.util.NoSuchElementException
07-03 16:13:15.884  2361  2813 E IWirelessSwitch: Failed calling getWirelessChargingStatus!
07-03 16:13:15.904  2361  2813 E IWirelessSwitch: getWirelessChargingStatus transact failed. java.util.NoSuchElementException
07-03 16:13:15.904  2361  2813 E IWirelessSwitch: Failed calling getWirelessChargingStatus!
07-03 16:13:15.905  2361  2813 E IWirelessSwitch: getWirelessChargingStatus transact failed. java.util.NoSuchElementException
07-03 16:13:15.905  2361  2813 E IWirelessSwitch: Failed calling getWirelessChargingStatus!
07-03 16:13:15.905  2361  2813 E IWirelessSwitch: getWirelessChargingStatus transact failed. java.util.NoSuchElementException
07-03 16:13:15.905  2361  2813 E IWirelessSwitch: Failed calling getWirelessChargingStatus!
07-03 16:14:40.307  2361  2361 E miui_face: start face unlock  fail:;isSupportFaceUnlock=true;isFaceFeatureEnabled=true;hasEnrolledFaces=false;isFaceUnlockApplyForKeyguard=false;isOwnerUser=true
07-03 16:14:45.471  2361  2361 E miui_face: start face unlock  fail:;isSupportFaceUnlock=true;isFaceFeatureEnabled=true;hasEnrolledFaces=false;isFaceUnlockApplyForKeyguard=false;isOwnerUser=true
07-03 16:15:32.608  2361  2813 E IWirelessSwitch: getWirelessChargingStatus transact failed. java.util.NoSuchElementException
07-03 16:15:32.608  2361  2813 E IWirelessSwitch: Failed calling getWirelessChargingStatus!
07-03 16:15:32.609  2361  2813 E IWirelessSwitch: getWirelessChargingStatus transact failed. java.util.NoSuchElementException
07-03 16:15:32.609  2361  2813 E IWirelessSwitch: Failed calling getWirelessChargingStatus!
07-03 16:15:32.611  2361  2813 E IWirelessSwitch: getWirelessChargingStatus transact failed. java.util.NoSuchElementException
07-03 16:15:32.611  2361  2813 E IWirelessSwitch: Failed calling getWirelessChargingStatus!
07-03 16:15:32.612  2361  2813 E IWirelessSwitch: getWirelessChargingStatus transact failed. java.util.NoSuchElementException
07-03 16:15:32.612  2361  2813 E IWirelessSwitch: Failed calling getWirelessChargingStatus!
07-03 16:15:33.368  2361  2813 E IWirelessSwitch: getWirelessChargingStatus transact failed. java.util.NoSuchElementException
07-03 16:15:33.368  2361  2813 E IWirelessSwitch: Failed calling getWirelessChargingStatus!
07-03 16:15:33.369  2361  2813 E IWirelessSwitch: getWirelessChargingStatus transact failed. java.util.NoSuchElementException
07-03 16:15:33.369  2361  2813 E IWirelessSwitch: Failed calling getWirelessChargingStatus!
07-03 16:15:33.370  2361  2813 E IWirelessSwitch: getWirelessChargingStatus transact failed. java.util.NoSuchElementException
07-03 16:15:33.370  2361  2813 E IWirelessSwitch: Failed calling getWirelessChargingStatus!
07-03 16:15:33.371  2361  2813 E IWirelessSwitch: getWirelessChargingStatus transact failed. java.util.NoSuchElementException
07-03 16:15:33.371  2361  2813 E IWirelessSwitch: Failed calling getWirelessChargingStatus!
07-03 16:15:41.131  8531  8608 E ActivityThread: Failed to find provider info for com.vk.im.providers.im
07-03 16:15:41.753  8531  8608 E ActivityThread: Failed to find provider info for com.vk.im.providers.im
07-03 16:15:42.230  8531  8608 E ActivityThread: Failed to find provider info for com.vk.im.providers.im
07-03 16:15:43.255  8531  8608 E ActivityThread: Failed to find provider info for com.vk.im.providers.im
07-03 16:15:44.060  8531  8893 E ActivityThread: Failed to find provider info for com.vk.im.providers.im
07-03 16:15:44.093  8531  8893 E ActivityThread: Failed to find provider info for com.vk.im.providers.im
07-03 16:16:02.880  9154  9191 E ActivityThread: Failed to find provider info for com.facebook.appmanager.nekodirect
07-03 16:23:16.006  2361  2813 E IWirelessSwitch: getWirelessChargingStatus transact failed. java.util.NoSuchElementException
07-03 16:23:16.006  2361  2813 E IWirelessSwitch: Failed calling getWirelessChargingStatus!
07-03 16:23:16.048  2361  2813 E IWirelessSwitch: getWirelessChargingStatus transact failed. java.util.NoSuchElementException
07-03 16:23:16.048  2361  2813 E IWirelessSwitch: Failed calling getWirelessChargingStatus!
07-03 16:23:16.051  2361  2813 E IWirelessSwitch: getWirelessChargingStatus transact failed. java.util.NoSuchElementException
07-03 16:23:16.051  2361  2813 E IWirelessSwitch: Failed calling getWirelessChargingStatus!
07-03 16:23:16.053  2361  2813 E IWirelessSwitch: getWirelessChargingStatus transact failed. java.util.NoSuchElementException
07-03 16:23:16.053  2361  2813 E IWirelessSwitch: Failed calling getWirelessChargingStatus!
07-03 16:25:19.983  2361  2361 E miui_face: start face unlock  fail:;isSupportFaceUnlock=true;isFaceFeatureEnabled=true;hasEnrolledFaces=false;isFaceUnlockApplyForKeyguard=false;isOwnerUser=true
07-03 16:25:20.986  2361  2361 E miui_face: start face unlock  fail:;isSupportFaceUnlock=true;isFaceFeatureEnabled=true;hasEnrolledFaces=false;isFaceUnlockApplyForKeyguard=false;isOwnerUser=true
07-03 16:25:32.616  2361  2813 E IWirelessSwitch: getWirelessChargingStatus transact failed. java.util.NoSuchElementException
07-03 16:25:32.616  2361  2813 E IWirelessSwitch: Failed calling getWirelessChargingStatus!
07-03 16:25:32.617  2361  2813 E IWirelessSwitch: getWirelessChargingStatus transact failed. java.util.NoSuchElementException
07-03 16:25:32.617  2361  2813 E IWirelessSwitch: Failed calling getWirelessChargingStatus!
07-03 16:25:32.619  2361  2813 E IWirelessSwitch: getWirelessChargingStatus transact failed. java.util.NoSuchElementException
07-03 16:25:32.619  2361  2813 E IWirelessSwitch: Failed calling getWirelessChargingStatus!
07-03 16:25:32.620  2361  2813 E IWirelessSwitch: getWirelessChargingStatus transact failed. java.util.NoSuchElementException
07-03 16:25:32.620  2361  2813 E IWirelessSwitch: Failed calling getWirelessChargingStatus!
07-03 16:25:33.375  2361  2813 E IWirelessSwitch: getWirelessChargingStatus transact failed. java.util.NoSuchElementException
07-03 16:25:33.375  2361  2813 E IWirelessSwitch: Failed calling getWirelessChargingStatus!
07-03 16:25:33.377  2361  2813 E IWirelessSwitch: getWirelessChargingStatus transact failed. java.util.NoSuchElementException
07-03 16:25:33.377  2361  2813 E IWirelessSwitch: Failed calling getWirelessChargingStatus!
07-03 16:25:33.378  2361  2813 E IWirelessSwitch: getWirelessChargingStatus transact failed. java.util.NoSuchElementException
07-03 16:25:33.378  2361  2813 E IWirelessSwitch: Failed calling getWirelessChargingStatus!
07-03 16:25:33.379  2361  2813 E IWirelessSwitch: getWirelessChargingStatus transact failed. java.util.NoSuchElementException
07-03 16:25:33.379  2361  2813 E IWirelessSwitch: Failed calling getWirelessChargingStatus!
07-03 16:27:23.387  2361  2361 E miui_face: start face unlock  fail:;isSupportFaceUnlock=true;isFaceFeatureEnabled=true;hasEnrolledFaces=false;isFaceUnlockApplyForKeyguard=false;isOwnerUser=true
07-03 16:27:24.205  2361  2361 E miui_face: start face unlock  fail:;isSupportFaceUnlock=true;isFaceFeatureEnabled=true;hasEnrolledFaces=false;isFaceUnlockApplyForKeyguard=false;isOwnerUser=true
07-03 16:27:26.688  2361  2361 E miui_face: start face unlock  fail:;isSupportFaceUnlock=true;isFaceFeatureEnabled=true;hasEnrolledFaces=false;isFaceUnlockApplyForKeyguard=false;isOwnerUser=true
07-03 16:27:30.726 13783 13783 E LoadedApk: Unable to instantiate appComponentFactory
07-03 16:27:30.726 13783 13783 E LoadedApk: java.lang.ClassNotFoundException: Didn't find class "androidx.core.app.CoreComponentFactory" on path: DexPathList[[zip file "/system/priv-app/MiuiGallery/MiuiGallery.apk"],nativeLibraryDirectories=[/system/priv-app/MiuiGallery/lib/arm64, /system/lib64, /product/lib64, /system/lib64, /product/lib64]]
07-03 16:27:30.726 13783 13783 E LoadedApk: 	at dalvik.system.BaseDexClassLoader.findClass(BaseDexClassLoader.java:230)
07-03 16:27:30.726 13783 13783 E LoadedApk: 	at java.lang.ClassLoader.loadClass(ClassLoader.java:379)
07-03 16:27:30.726 13783 13783 E LoadedApk: 	at java.lang.ClassLoader.loadClass(ClassLoader.java:312)
07-03 16:27:30.726 13783 13783 E LoadedApk: 	at android.app.LoadedApk.createAppFactory(LoadedApk.java:258)
07-03 16:27:30.726 13783 13783 E LoadedApk: 	at android.app.LoadedApk.createOrUpdateClassLoaderLocked(LoadedApk.java:857)
07-03 16:27:30.726 13783 13783 E LoadedApk: 	at android.app.LoadedApk.getClassLoader(LoadedApk.java:952)
07-03 16:27:30.726 13783 13783 E LoadedApk: 	at android.app.LoadedApk.getResources(LoadedApk.java:1190)
07-03 16:27:30.726 13783 13783 E LoadedApk: 	at android.app.ContextImpl.createAppContext(ContextImpl.java:2474)
07-03 16:27:30.726 13783 13783 E LoadedApk: 	at android.app.ContextImpl.createAppContext(ContextImpl.java:2466)
07-03 16:27:30.726 13783 13783 E LoadedApk: 	at android.app.ActivityThread.handleBindApplication(ActivityThread.java:6454)
07-03 16:27:30.726 13783 13783 E LoadedApk: 	at android.app.ActivityThread.access$1400(ActivityThread.java:229)
07-03 16:27:30.726 13783 13783 E LoadedApk: 	at android.app.ActivityThread$H.handleMessage(ActivityThread.java:1892)
07-03 16:27:30.726 13783 13783 E LoadedApk: 	at android.os.Handler.dispatchMessage(Handler.java:107)
07-03 16:27:30.726 13783 13783 E LoadedApk: 	at android.os.Looper.loop(Looper.java:224)
07-03 16:27:30.726 13783 13783 E LoadedApk: 	at android.app.ActivityThread.main(ActivityThread.java:7565)
07-03 16:27:30.726 13783 13783 E LoadedApk: 	at java.lang.reflect.Method.invoke(Native Method)
07-03 16:27:30.726 13783 13783 E LoadedApk: 	at com.android.internal.os.RuntimeInit$MethodAndArgsCaller.run(RuntimeInit.java:539)
07-03 16:27:30.726 13783 13783 E LoadedApk: 	at com.android.internal.os.ZygoteInit.main(ZygoteInit.java:950)
07-03 16:28:39.784  2361  2361 E miui_face: start face unlock  fail:;isSupportFaceUnlock=true;isFaceFeatureEnabled=true;hasEnrolledFaces=false;isFaceUnlockApplyForKeyguard=false;isOwnerUser=true
07-03 16:28:54.099  2361  2361 E miui_face: start face unlock  fail:;isSupportFaceUnlock=true;isFaceFeatureEnabled=true;hasEnrolledFaces=false;isFaceUnlockApplyForKeyguard=false;isOwnerUser=true
07-03 16:28:55.055  2361  2361 E miui_face: start face unlock  fail:;isSupportFaceUnlock=true;isFaceFeatureEnabled=true;hasEnrolledFaces=false;isFaceUnlockApplyForKeyguard=false;isOwnerUser=true
07-03 16:29:21.998  2361  2361 E miui_face: start face unlock  fail:;isSupportFaceUnlock=true;isFaceFeatureEnabled=true;hasEnrolledFaces=false;isFaceUnlockApplyForKeyguard=false;isOwnerUser=true
07-03 16:29:54.376  2361  2361 E miui_face: start face unlock  fail:;isSupportFaceUnlock=true;isFaceFeatureEnabled=true;hasEnrolledFaces=false;isFaceUnlockApplyForKeyguard=false;isOwnerUser=true
