07-03 18:59:36.328  2361  2813 E IWirelessSwitch: getWirelessChargingStatus transact failed. java.util.NoSuchElementException
07-03 18:59:36.328  2361  2813 E IWirelessSwitch: Failed calling getWirelessChargingStatus!
07-03 18:59:36.330  2361  2813 E IWirelessSwitch: getWirelessChargingStatus transact failed. java.util.NoSuchElementException
07-03 18:59:36.330  2361  2813 E IWirelessSwitch: Failed calling getWirelessChargingStatus!
07-03 18:59:36.331  2361  2813 E IWirelessSwitch: getWirelessChargingStatus transact failed. java.util.NoSuchElementException
07-03 18:59:36.331  2361  2813 E IWirelessSwitch: Failed calling getWirelessChargingStatus!
07-03 18:59:40.504  2361  2813 E IWirelessSwitch: getWirelessChargingStatus transact failed. java.util.NoSuchElementException
07-03 18:59:40.504  2361  2813 E IWirelessSwitch: Failed calling getWirelessChargingStatus!
07-03 18:59:40.511  2361  2813 E IWirelessSwitch: getWirelessChargingStatus transact failed. java.util.NoSuchElementException
07-03 18:59:40.511  2361  2813 E IWirelessSwitch: Failed calling getWirelessChargingStatus!
07-03 18:59:40.512  2361  2813 E IWirelessSwitch: getWirelessChargingStatus transact failed. java.util.NoSuchElementException
07-03 18:59:40.512  2361  2813 E IWirelessSwitch: Failed calling getWirelessChargingStatus!
07-03 18:59:40.513  2361  2813 E IWirelessSwitch: getWirelessChargingStatus transact failed. java.util.NoSuchElementException
07-03 18:59:40.513  2361  2813 E IWirelessSwitch: Failed calling getWirelessChargingStatus!
07-03 19:03:22.202  2361  2361 E miui_face: start face unlock  fail:;isSupportFaceUnlock=true;isFaceFeatureEnabled=true;hasEnrolledFaces=false;isFaceUnlockApplyForKeyguard=false;isOwnerUser=true
07-03 19:11:02.135  2361  2361 E miui_face: start face unlock  fail:;isSupportFaceUnlock=true;isFaceFeatureEnabled=true;hasEnrolledFaces=false;isFaceUnlockApplyForKeyguard=false;isOwnerUser=true
07-03 19:11:03.873  2361  2361 E miui_face: start face unlock  fail:;isSupportFaceUnlock=true;isFaceFeatureEnabled=true;hasEnrolledFaces=false;isFaceUnlockApplyForKeyguard=false;isOwnerUser=true
07-03 19:11:05.501  7844  7914 E ActivityThread: Failed to find provider info for com.vk.im.providers.im
07-03 19:23:46.733  2361  2361 E miui_face: start face unlock  fail:;isSupportFaceUnlock=true;isFaceFeatureEnabled=true;hasEnrolledFaces=false;isFaceUnlockApplyForKeyguard=false;isOwnerUser=true
07-03 19:25:12.439  2361  2361 E miui_face: start face unlock  fail:;isSupportFaceUnlock=true;isFaceFeatureEnabled=true;hasEnrolledFaces=false;isFaceUnlockApplyForKeyguard=false;isOwnerUser=true
07-03 19:28:20.105  2361  2361 E miui_face: start face unlock  fail:;isSupportFaceUnlock=true;isFaceFeatureEnabled=true;hasEnrolledFaces=false;isFaceUnlockApplyForKeyguard=false;isOwnerUser=true
07-03 19:29:04.937  2361  2361 E miui_face: start face unlock  fail:;isSupportFaceUnlock=true;isFaceFeatureEnabled=true;hasEnrolledFaces=false;isFaceUnlockApplyForKeyguard=false;isOwnerUser=true
07-03 19:29:25.151  2361  2361 E miui_face: start face unlock  fail:;isSupportFaceUnlock=true;isFaceFeatureEnabled=true;hasEnrolledFaces=false;isFaceUnlockApplyForKeyguard=false;isOwnerUser=true
07-03 19:29:55.415  2361  2361 E miui_face: start face unlock  fail:;isSupportFaceUnlock=true;isFaceFeatureEnabled=true;hasEnrolledFaces=false;isFaceUnlockApplyForKeyguard=false;isOwnerUser=true
07-03 19:30:12.677  2361  2361 E miui_face: start face unlock  fail:;isSupportFaceUnlock=true;isFaceFeatureEnabled=true;hasEnrolledFaces=false;isFaceUnlockApplyForKeyguard=false;isOwnerUser=true
07-03 19:31:31.938  2361  2361 E miui_face: start face unlock  fail:;isSupportFaceUnlock=true;isFaceFeatureEnabled=true;hasEnrolledFaces=false;isFaceUnlockApplyForKeyguard=false;isOwnerUser=true
07-03 19:31:46.686  2361  2361 E miui_face: start face unlock  fail:;isSupportFaceUnlock=true;isFaceFeatureEnabled=true;hasEnrolledFaces=false;isFaceUnlockApplyForKeyguard=false;isOwnerUser=true
07-03 19:31:59.292  2361  2361 E miui_face: start face unlock  fail:;isSupportFaceUnlock=true;isFaceFeatureEnabled=true;hasEnrolledFaces=false;isFaceUnlockApplyForKeyguard=false;isOwnerUser=true
07-03 19:32:13.166  2361  2361 E miui_face: start face unlock  fail:;isSupportFaceUnlock=true;isFaceFeatureEnabled=true;hasEnrolledFaces=false;isFaceUnlockApplyForKeyguard=false;isOwnerUser=true
07-03 19:32:35.228  2361  2361 E miui_face: start face unlock  fail:;isSupportFaceUnlock=true;isFaceFeatureEnabled=true;hasEnrolledFaces=false;isFaceUnlockApplyForKeyguard=false;isOwnerUser=true
07-03 19:32:57.374  2361  2361 E miui_face: start face unlock  fail:;isSupportFaceUnlock=true;isFaceFeatureEnabled=true;hasEnrolledFaces=false;isFaceUnlockApplyForKeyguard=false;isOwnerUser=true
07-03 19:33:40.198  2361  2361 E miui_face: start face unlock  fail:;isSupportFaceUnlock=true;isFaceFeatureEnabled=true;hasEnrolledFaces=false;isFaceUnlockApplyForKeyguard=false;isOwnerUser=true
07-03 19:33:50.849  2361  2361 E miui_face: start face unlock  fail:;isSupportFaceUnlock=true;isFaceFeatureEnabled=true;hasEnrolledFaces=false;isFaceUnlockApplyForKeyguard=false;isOwnerUser=true
07-03 19:34:31.279  2361  2361 E miui_face: start face unlock  fail:;isSupportFaceUnlock=true;isFaceFeatureEnabled=true;hasEnrolledFaces=false;isFaceUnlockApplyForKeyguard=false;isOwnerUser=true
07-03 19:34:45.944  2361  2361 E miui_face: start face unlock  fail:;isSupportFaceUnlock=true;isFaceFeatureEnabled=true;hasEnrolledFaces=false;isFaceUnlockApplyForKeyguard=false;isOwnerUser=true
07-03 19:34:55.497  2361  2361 E miui_face: start face unlock  fail:;isSupportFaceUnlock=true;isFaceFeatureEnabled=true;hasEnrolledFaces=false;isFaceUnlockApplyForKeyguard=false;isOwnerUser=true
07-03 19:35:04.437  2361  2361 E miui_face: start face unlock  fail:;isSupportFaceUnlock=true;isFaceFeatureEnabled=true;hasEnrolledFaces=false;isFaceUnlockApplyForKeyguard=false;isOwnerUser=true
07-03 19:35:04.874  2361  2813 E IWirelessSwitch: getWirelessChargingStatus transact failed. java.util.NoSuchElementException
07-03 19:35:04.874  2361  2813 E IWirelessSwitch: Failed calling getWirelessChargingStatus!
07-03 19:35:04.881  2361  2813 E IWirelessSwitch: getWirelessChargingStatus transact failed. java.util.NoSuchElementException
07-03 19:35:04.881  2361  2813 E IWirelessSwitch: Failed calling getWirelessChargingStatus!
07-03 19:35:04.883  2361  2813 E IWirelessSwitch: getWirelessChargingStatus transact failed. java.util.NoSuchElementException
07-03 19:35:04.883  2361  2813 E IWirelessSwitch: Failed calling getWirelessChargingStatus!
07-03 19:35:04.883  2361  2813 E IWirelessSwitch: getWirelessChargingStatus transact failed. java.util.NoSuchElementException
07-03 19:35:04.883  2361  2813 E IWirelessSwitch: Failed calling getWirelessChargingStatus!
07-03 19:35:28.478  2361  2361 E miui_face: start face unlock  fail:;isSupportFaceUnlock=true;isFaceFeatureEnabled=true;hasEnrolledFaces=false;isFaceUnlockApplyForKeyguard=false;isOwnerUser=true
07-03 19:35:42.482  2361  2361 E miui_face: start face unlock  fail:;isSupportFaceUnlock=true;isFaceFeatureEnabled=true;hasEnrolledFaces=false;isFaceUnlockApplyForKeyguard=false;isOwnerUser=true
07-03 19:35:51.494  2361  2361 E miui_face: start face unlock  fail:;isSupportFaceUnlock=true;isFaceFeatureEnabled=true;hasEnrolledFaces=false;isFaceUnlockApplyForKeyguard=false;isOwnerUser=true
07-03 19:35:59.198  2361  2361 E miui_face: start face unlock  fail:;isSupportFaceUnlock=true;isFaceFeatureEnabled=true;hasEnrolledFaces=false;isFaceUnlockApplyForKeyguard=false;isOwnerUser=true
07-03 19:36:20.839  2361  2361 E miui_face: start face unlock  fail:;isSupportFaceUnlock=true;isFaceFeatureEnabled=true;hasEnrolledFaces=false;isFaceUnlockApplyForKeyguard=false;isOwnerUser=true
07-03 19:36:36.627  2361  2361 E miui_face: start face unlock  fail:;isSupportFaceUnlock=true;isFaceFeatureEnabled=true;hasEnrolledFaces=false;isFaceUnlockApplyForKeyguard=false;isOwnerUser=true
07-03 19:38:42.919  2361  2813 E IWirelessSwitch: getWirelessChargingStatus transact failed. java.util.NoSuchElementException
07-03 19:38:42.919  2361  2813 E IWirelessSwitch: Failed calling getWirelessChargingStatus!
07-03 19:38:42.927  2361  2813 E IWirelessSwitch: getWirelessChargingStatus transact failed. java.util.NoSuchElementException
07-03 19:38:42.927  2361  2813 E IWirelessSwitch: Failed calling getWirelessChargingStatus!
07-03 19:38:42.928  2361  2813 E IWirelessSwitch: getWirelessChargingStatus transact failed. java.util.NoSuchElementException
07-03 19:38:42.928  2361  2813 E IWirelessSwitch: Failed calling getWirelessChargingStatus!
07-03 19:38:42.930  2361  2813 E IWirelessSwitch: getWirelessChargingStatus transact failed. java.util.NoSuchElementException
07-03 19:38:42.930  2361  2813 E IWirelessSwitch: Failed calling getWirelessChargingStatus!
07-03 19:40:11.307  2361  2813 E IWirelessSwitch: getWirelessChargingStatus transact failed. java.util.NoSuchElementException
07-03 19:40:11.307  2361  2813 E IWirelessSwitch: Failed calling getWirelessChargingStatus!
07-03 19:40:11.324  2361  2813 E IWirelessSwitch: getWirelessChargingStatus transact failed. java.util.NoSuchElementException
07-03 19:40:11.324  2361  2813 E IWirelessSwitch: Failed calling getWirelessChargingStatus!
07-03 19:40:11.325  2361  2813 E IWirelessSwitch: getWirelessChargingStatus transact failed. java.util.NoSuchElementException
07-03 19:40:11.325  2361  2813 E IWirelessSwitch: Failed calling getWirelessChargingStatus!
07-03 19:40:11.326  2361  2813 E IWirelessSwitch: getWirelessChargingStatus transact failed. java.util.NoSuchElementException
07-03 19:40:11.326  2361  2813 E IWirelessSwitch: Failed calling getWirelessChargingStatus!
07-03 20:15:41.171  2361  2361 E miui_face: start face unlock  fail:;isSupportFaceUnlock=true;isFaceFeatureEnabled=true;hasEnrolledFaces=false;isFaceUnlockApplyForKeyguard=false;isOwnerUser=true
07-03 20:15:44.595   696  1409 E NetlinkEvent: NetlinkEvent::FindParam(): Parameter 'INTERFACE' not found
07-03 20:15:44.595   696  1409 E NetlinkEvent: NetlinkEvent::FindParam(): Parameter 'STATE' not found
07-03 20:15:44.595   696  1409 E NetlinkEvent: NetlinkEvent::FindParam(): Parameter 'TIME_NS' not found
07-03 20:15:44.595   696  1409 E NetlinkEvent: NetlinkEvent::FindParam(): Parameter 'UID' not found
07-03 20:15:47.337  2361  2361 E miui_face: start face unlock  fail:;isSupportFaceUnlock=true;isFaceFeatureEnabled=true;hasEnrolledFaces=false;isFaceUnlockApplyForKeyguard=false;isOwnerUser=true
07-03 20:15:53.051 16187 16551 E ActivityThread: Failed to find provider info for com.facebook.katana.provider.AttributionIdProvider
07-03 20:15:54.823 16168 16673 E ActivityThread: Failed to find provider info for com.vivo.vms.IdProvider
07-03 20:19:33.939   696  1409 E NetlinkEvent: NetlinkEvent::FindParam(): Parameter 'INTERFACE' not found
07-03 20:19:33.939   696  1409 E NetlinkEvent: NetlinkEvent::FindParam(): Parameter 'STATE' not found
07-03 20:19:33.939   696  1409 E NetlinkEvent: NetlinkEvent::FindParam(): Parameter 'TIME_NS' not found
07-03 20:19:33.939   696  1409 E NetlinkEvent: NetlinkEvent::FindParam(): Parameter 'UID' not found
07-03 20:19:51.299   696  1409 E NetlinkEvent: NetlinkEvent::FindParam(): Parameter 'INTERFACE' not found
07-03 20:19:51.300   696  1409 E NetlinkEvent: NetlinkEvent::FindParam(): Parameter 'STATE' not found
07-03 20:19:51.300   696  1409 E NetlinkEvent: NetlinkEvent::FindParam(): Parameter 'TIME_NS' not found
07-03 20:19:51.300   696  1409 E NetlinkEvent: NetlinkEvent::FindParam(): Parameter 'UID' not found
07-03 20:20:21.781   696  1409 E NetlinkEvent: NetlinkEvent::FindParam(): Parameter 'INTERFACE' not found
07-03 20:20:21.781   696  1409 E NetlinkEvent: NetlinkEvent::FindParam(): Parameter 'STATE' not found
07-03 20:20:21.781   696  1409 E NetlinkEvent: NetlinkEvent::FindParam(): Parameter 'TIME_NS' not found
07-03 20:20:21.781   696  1409 E NetlinkEvent: NetlinkEvent::FindParam(): Parameter 'UID' not found
07-03 20:20:27.629   696  1409 E NetlinkEvent: NetlinkEvent::FindParam(): Parameter 'INTERFACE' not found
07-03 20:20:27.630   696  1409 E NetlinkEvent: NetlinkEvent::FindParam(): Parameter 'STATE' not found
07-03 20:20:27.630   696  1409 E NetlinkEvent: NetlinkEvent::FindParam(): Parameter 'TIME_NS' not found
07-03 20:20:27.630   696  1409 E NetlinkEvent: NetlinkEvent::FindParam(): Parameter 'UID' not found
07-03 20:20:35.539   696  1409 E NetlinkEvent: NetlinkEvent::FindParam(): Parameter 'INTERFACE' not found
07-03 20:20:35.539   696  1409 E NetlinkEvent: NetlinkEvent::FindParam(): Parameter 'STATE' not found
07-03 20:20:35.539   696  1409 E NetlinkEvent: NetlinkEvent::FindParam(): Parameter 'TIME_NS' not found
07-03 20:20:35.539   696  1409 E NetlinkEvent: NetlinkEvent::FindParam(): Parameter 'UID' not found
07-03 20:23:09.972  2361  2813 E IWirelessSwitch: getWirelessChargingStatus transact failed. java.util.NoSuchElementException
07-03 20:23:09.972  2361  2813 E IWirelessSwitch: Failed calling getWirelessChargingStatus!
07-03 20:23:09.995  2361  2813 E IWirelessSwitch: getWirelessChargingStatus transact failed. java.util.NoSuchElementException
07-03 20:23:09.995  2361  2813 E IWirelessSwitch: Failed calling getWirelessChargingStatus!
07-03 20:23:09.997  2361  2813 E IWirelessSwitch: getWirelessChargingStatus transact failed. java.util.NoSuchElementException
07-03 20:23:09.997  2361  2813 E IWirelessSwitch: Failed calling getWirelessChargingStatus!
07-03 20:23:09.999  2361  2813 E IWirelessSwitch: getWirelessChargingStatus transact failed. java.util.NoSuchElementException
07-03 20:23:09.999  2361  2813 E IWirelessSwitch: Failed calling getWirelessChargingStatus!
07-03 20:25:26.172  2361  2813 E IWirelessSwitch: getWirelessChargingStatus transact failed. java.util.NoSuchElementException
07-03 20:25:26.172  2361  2813 E IWirelessSwitch: Failed calling getWirelessChargingStatus!
07-03 20:25:26.174  2361  2813 E IWirelessSwitch: getWirelessChargingStatus transact failed. java.util.NoSuchElementException
07-03 20:25:26.174  2361  2813 E IWirelessSwitch: Failed calling getWirelessChargingStatus!
07-03 20:25:26.176  2361  2813 E IWirelessSwitch: getWirelessChargingStatus transact failed. java.util.NoSuchElementException
07-03 20:25:26.176  2361  2813 E IWirelessSwitch: Failed calling getWirelessChargingStatus!
07-03 20:25:26.178  2361  2813 E IWirelessSwitch: getWirelessChargingStatus transact failed. java.util.NoSuchElementException
07-03 20:25:26.178  2361  2813 E IWirelessSwitch: Failed calling getWirelessChargingStatus!
07-03 20:25:26.836  2361  2813 E IWirelessSwitch: getWirelessChargingStatus transact failed. java.util.NoSuchElementException
07-03 20:25:26.836  2361  2813 E IWirelessSwitch: Failed calling getWirelessChargingStatus!
07-03 20:25:26.850  2361  2813 E IWirelessSwitch: getWirelessChargingStatus transact failed. java.util.NoSuchElementException
07-03 20:25:26.850  2361  2813 E IWirelessSwitch: Failed calling getWirelessChargingStatus!
07-03 20:25:26.853  2361  2813 E IWirelessSwitch: getWirelessChargingStatus transact failed. java.util.NoSuchElementException
07-03 20:25:26.853  2361  2813 E IWirelessSwitch: Failed calling getWirelessChargingStatus!
07-03 20:25:26.855  2361  2813 E IWirelessSwitch: getWirelessChargingStatus transact failed. java.util.NoSuchElementException
07-03 20:25:26.855  2361  2813 E IWirelessSwitch: Failed calling getWirelessChargingStatus!
07-03 20:26:55.793  2361  2361 E miui_face: start face unlock  fail:;isSupportFaceUnlock=true;isFaceFeatureEnabled=true;hasEnrolledFaces=false;isFaceUnlockApplyForKeyguard=false;isOwnerUser=true
07-03 20:33:10.094  2361  2813 E IWirelessSwitch: getWirelessChargingStatus transact failed. java.util.NoSuchElementException
07-03 20:33:10.094  2361  2813 E IWirelessSwitch: Failed calling getWirelessChargingStatus!
07-03 20:33:10.123  2361  2813 E IWirelessSwitch: getWirelessChargingStatus transact failed. java.util.NoSuchElementException
07-03 20:33:10.123  2361  2813 E IWirelessSwitch: Failed calling getWirelessChargingStatus!
07-03 20:33:10.125  2361  2813 E IWirelessSwitch: getWirelessChargingStatus transact failed. java.util.NoSuchElementException
07-03 20:33:10.125  2361  2813 E IWirelessSwitch: Failed calling getWirelessChargingStatus!
07-03 20:33:10.127  2361  2813 E IWirelessSwitch: getWirelessChargingStatus transact failed. java.util.NoSuchElementException
07-03 20:33:10.127  2361  2813 E IWirelessSwitch: Failed calling getWirelessChargingStatus!
07-03 20:33:17.939  2361  2361 E miui_face: start face unlock  fail:;isSupportFaceUnlock=true;isFaceFeatureEnabled=true;hasEnrolledFaces=false;isFaceUnlockApplyForKeyguard=false;isOwnerUser=true
07-03 20:34:33.061  2361  2361 E miui_face: start face unlock  fail:;isSupportFaceUnlock=true;isFaceFeatureEnabled=true;hasEnrolledFaces=false;isFaceUnlockApplyForKeyguard=false;isOwnerUser=true
07-03 20:47:00.026  2361  2361 E miui_face: start face unlock  fail:;isSupportFaceUnlock=true;isFaceFeatureEnabled=true;hasEnrolledFaces=false;isFaceUnlockApplyForKeyguard=false;isOwnerUser=true
07-03 20:50:22.101  2361  2813 E IWirelessSwitch: getWirelessChargingStatus transact failed. java.util.NoSuchElementException
07-03 20:50:22.101  2361  2813 E IWirelessSwitch: Failed calling getWirelessChargingStatus!
07-03 20:50:22.116  2361  2813 E IWirelessSwitch: getWirelessChargingStatus transact failed. java.util.NoSuchElementException
07-03 20:50:22.116  2361  2813 E IWirelessSwitch: Failed calling getWirelessChargingStatus!
07-03 20:50:22.117  2361  2813 E IWirelessSwitch: getWirelessChargingStatus transact failed. java.util.NoSuchElementException
07-03 20:50:22.117  2361  2813 E IWirelessSwitch: Failed calling getWirelessChargingStatus!
07-03 20:50:22.119  2361  2813 E IWirelessSwitch: getWirelessChargingStatus transact failed. java.util.NoSuchElementException
07-03 20:50:22.119  2361  2813 E IWirelessSwitch: Failed calling getWirelessChargingStatus!
07-03 20:51:00.293  2361  2813 E IWirelessSwitch: getWirelessChargingStatus transact failed. java.util.NoSuchElementException
07-03 20:51:00.293  2361  2813 E IWirelessSwitch: Failed calling getWirelessChargingStatus!
07-03 20:51:00.298  2361  2813 E IWirelessSwitch: getWirelessChargingStatus transact failed. java.util.NoSuchElementException
07-03 20:51:00.298  2361  2813 E IWirelessSwitch: Failed calling getWirelessChargingStatus!
07-03 20:51:00.299  2361  2813 E IWirelessSwitch: getWirelessChargingStatus transact failed. java.util.NoSuchElementException
07-03 20:51:00.299  2361  2813 E IWirelessSwitch: Failed calling getWirelessChargingStatus!
07-03 20:51:00.301  2361  2813 E IWirelessSwitch: getWirelessChargingStatus transact failed. java.util.NoSuchElementException
07-03 20:51:00.301  2361  2813 E IWirelessSwitch: Failed calling getWirelessChargingStatus!
07-03 20:51:15.331  2361  2361 E miui_face: start face unlock  fail:;isSupportFaceUnlock=true;isFaceFeatureEnabled=true;hasEnrolledFaces=false;isFaceUnlockApplyForKeyguard=false;isOwnerUser=true
07-03 20:54:51.411  2361  2361 E miui_face: start face unlock  fail:;isSupportFaceUnlock=true;isFaceFeatureEnabled=true;hasEnrolledFaces=false;isFaceUnlockApplyForKeyguard=false;isOwnerUser=true
07-03 20:59:27.412  2361  2361 E miui_face: start face unlock  fail:;isSupportFaceUnlock=true;isFaceFeatureEnabled=true;hasEnrolledFaces=false;isFaceUnlockApplyForKeyguard=false;isOwnerUser=true
07-03 21:01:45.436  2361  2361 E miui_face: start face unlock  fail:;isSupportFaceUnlock=true;isFaceFeatureEnabled=true;hasEnrolledFaces=false;isFaceUnlockApplyForKeyguard=false;isOwnerUser=true
07-03 21:04:24.521  2361  2361 E miui_face: start face unlock  fail:;isSupportFaceUnlock=true;isFaceFeatureEnabled=true;hasEnrolledFaces=false;isFaceUnlockApplyForKeyguard=false;isOwnerUser=true
07-03 21:07:03.159  2361  2361 E miui_face: start face unlock  fail:;isSupportFaceUnlock=true;isFaceFeatureEnabled=true;hasEnrolledFaces=false;isFaceUnlockApplyForKeyguard=false;isOwnerUser=true
07-03 21:08:26.715  2361  2361 E miui_face: start face unlock  fail:;isSupportFaceUnlock=true;isFaceFeatureEnabled=true;hasEnrolledFaces=false;isFaceUnlockApplyForKeyguard=false;isOwnerUser=true
07-03 21:16:51.976  2361  2361 E miui_face: start face unlock  fail:;isSupportFaceUnlock=true;isFaceFeatureEnabled=true;hasEnrolledFaces=false;isFaceUnlockApplyForKeyguard=false;isOwnerUser=true
07-03 21:23:57.879  2361  2361 E miui_face: start face unlock  fail:;isSupportFaceUnlock=true;isFaceFeatureEnabled=true;hasEnrolledFaces=false;isFaceUnlockApplyForKeyguard=false;isOwnerUser=true
07-03 21:24:58.311  2361  2361 E miui_face: start face unlock  fail:;isSupportFaceUnlock=true;isFaceFeatureEnabled=true;hasEnrolledFaces=false;isFaceUnlockApplyForKeyguard=false;isOwnerUser=true
07-03 21:25:18.193  2361  2361 E miui_face: start face unlock  fail:;isSupportFaceUnlock=true;isFaceFeatureEnabled=true;hasEnrolledFaces=false;isFaceUnlockApplyForKeyguard=false;isOwnerUser=true
07-03 21:30:14.540  2361  2361 E miui_face: start face unlock  fail:;isSupportFaceUnlock=true;isFaceFeatureEnabled=true;hasEnrolledFaces=false;isFaceUnlockApplyForKeyguard=false;isOwnerUser=true
07-03 21:31:45.308  2361  2361 E miui_face: start face unlock  fail:;isSupportFaceUnlock=true;isFaceFeatureEnabled=true;hasEnrolledFaces=false;isFaceUnlockApplyForKeyguard=false;isOwnerUser=true
07-03 21:34:45.884  2361  2361 E miui_face: start face unlock  fail:;isSupportFaceUnlock=true;isFaceFeatureEnabled=true;hasEnrolledFaces=false;isFaceUnlockApplyForKeyguard=false;isOwnerUser=true
07-03 21:35:53.807  2361  2361 E miui_face: start face unlock  fail:;isSupportFaceUnlock=true;isFaceFeatureEnabled=true;hasEnrolledFaces=false;isFaceUnlockApplyForKeyguard=false;isOwnerUser=true
07-03 21:39:44.067  2361  2361 E miui_face: start face unlock  fail:;isSupportFaceUnlock=true;isFaceFeatureEnabled=true;hasEnrolledFaces=false;isFaceUnlockApplyForKeyguard=false;isOwnerUser=true
07-03 21:41:00.675  2361  2361 E miui_face: start face unlock  fail:;isSupportFaceUnlock=true;isFaceFeatureEnabled=true;hasEnrolledFaces=false;isFaceUnlockApplyForKeyguard=false;isOwnerUser=true
07-03 21:41:36.005  2361  2361 E miui_face: start face unlock  fail:;isSupportFaceUnlock=true;isFaceFeatureEnabled=true;hasEnrolledFaces=false;isFaceUnlockApplyForKeyguard=false;isOwnerUser=true
07-03 21:41:45.013  2361  2361 E miui_face: start face unlock  fail:;isSupportFaceUnlock=true;isFaceFeatureEnabled=true;hasEnrolledFaces=false;isFaceUnlockApplyForKeyguard=false;isOwnerUser=true
07-03 21:41:58.864  2361  2361 E miui_face: start face unlock  fail:;isSupportFaceUnlock=true;isFaceFeatureEnabled=true;hasEnrolledFaces=false;isFaceUnlockApplyForKeyguard=false;isOwnerUser=true
07-03 21:43:20.550  2361  2361 E miui_face: start face unlock  fail:;isSupportFaceUnlock=true;isFaceFeatureEnabled=true;hasEnrolledFaces=false;isFaceUnlockApplyForKeyguard=false;isOwnerUser=true
07-03 21:45:51.533  2361  2361 E miui_face: start face unlock  fail:;isSupportFaceUnlock=true;isFaceFeatureEnabled=true;hasEnrolledFaces=false;isFaceUnlockApplyForKeyguard=false;isOwnerUser=true
07-03 21:49:59.520  2361  2361 E miui_face: start face unlock  fail:;isSupportFaceUnlock=true;isFaceFeatureEnabled=true;hasEnrolledFaces=false;isFaceUnlockApplyForKeyguard=false;isOwnerUser=true
07-03 21:51:58.587  2361  2361 E miui_face: start face unlock  fail:;isSupportFaceUnlock=true;isFaceFeatureEnabled=true;hasEnrolledFaces=false;isFaceUnlockApplyForKeyguard=false;isOwnerUser=true
07-03 21:55:33.502  2361  2361 E miui_face: start face unlock  fail:;isSupportFaceUnlock=true;isFaceFeatureEnabled=true;hasEnrolledFaces=false;isFaceUnlockApplyForKeyguard=false;isOwnerUser=true
07-03 21:55:36.324  2361  2813 E IWirelessSwitch: getWirelessChargingStatus transact failed. java.util.NoSuchElementException
07-03 21:55:36.324  2361  2813 E IWirelessSwitch: Failed calling getWirelessChargingStatus!
07-03 21:55:36.329  2361  2813 E IWirelessSwitch: getWirelessChargingStatus transact failed. java.util.NoSuchElementException
07-03 21:55:36.329  2361  2813 E IWirelessSwitch: Failed calling getWirelessChargingStatus!
07-03 21:55:36.329  2361  2813 E IWirelessSwitch: getWirelessChargingStatus transact failed. java.util.NoSuchElementException
07-03 21:55:36.329  2361  2813 E IWirelessSwitch: Failed calling getWirelessChargingStatus!
07-03 21:55:36.330  2361  2813 E IWirelessSwitch: getWirelessChargingStatus transact failed. java.util.NoSuchElementException
07-03 21:55:36.330  2361  2813 E IWirelessSwitch: Failed calling getWirelessChargingStatus!
07-03 21:55:41.683 27575 27575 E LoadedApk: Unable to instantiate appComponentFactory
07-03 21:55:41.683 27575 27575 E LoadedApk: java.lang.ClassNotFoundException: Didn't find class "androidx.core.app.CoreComponentFactory" on path: DexPathList[[zip file "/data/app/com.miui.cloudservice-DyMAaNPllEQLEzp1mMyBiw==/base.apk"],nativeLibraryDirectories=[/data/app/com.miui.cloudservice-DyMAaNPllEQLEzp1mMyBiw==/lib/arm64, /data/app/com.miui.cloudservice-DyMAaNPllEQLEzp1mMyBiw==/base.apk!/lib/arm64-v8a, /system/priv-app/RtMiCloudSDK/RtMiCloudSDK.apk!/lib/arm64-v8a, /system/lib64, /product/lib64]]
07-03 21:55:41.683 27575 27575 E LoadedApk: 	at dalvik.system.BaseDexClassLoader.findClass(BaseDexClassLoader.java:230)
07-03 21:55:41.683 27575 27575 E LoadedApk: 	at java.lang.ClassLoader.loadClass(ClassLoader.java:379)
07-03 21:55:41.683 27575 27575 E LoadedApk: 	at java.lang.ClassLoader.loadClass(ClassLoader.java:312)
07-03 21:55:41.683 27575 27575 E LoadedApk: 	at android.app.LoadedApk.createAppFactory(LoadedApk.java:258)
07-03 21:55:41.683 27575 27575 E LoadedApk: 	at android.app.LoadedApk.createOrUpdateClassLoaderLocked(LoadedApk.java:857)
07-03 21:55:41.683 27575 27575 E LoadedApk: 	at android.app.LoadedApk.getClassLoader(LoadedApk.java:952)
07-03 21:55:41.683 27575 27575 E LoadedApk: 	at android.app.LoadedApk.getResources(LoadedApk.java:1190)
07-03 21:55:41.683 27575 27575 E LoadedApk: 	at android.app.ContextImpl.createAppContext(ContextImpl.java:2474)
07-03 21:55:41.683 27575 27575 E LoadedApk: 	at android.app.ContextImpl.createAppContext(ContextImpl.java:2466)
07-03 21:55:41.683 27575 27575 E LoadedApk: 	at android.app.ActivityThread.handleBindApplication(ActivityThread.java:6454)
07-03 21:55:41.683 27575 27575 E LoadedApk: 	at android.app.ActivityThread.access$1400(ActivityThread.java:229)
07-03 21:55:41.683 27575 27575 E LoadedApk: 	at android.app.ActivityThread$H.handleMessage(ActivityThread.java:1892)
07-03 21:55:41.683 27575 27575 E LoadedApk: 	at android.os.Handler.dispatchMessage(Handler.java:107)
07-03 21:55:41.683 27575 27575 E LoadedApk: 	at android.os.Looper.loop(Looper.java:224)
07-03 21:55:41.683 27575 27575 E LoadedApk: 	at android.app.ActivityThread.main(ActivityThread.java:7565)
07-03 21:55:41.683 27575 27575 E LoadedApk: 	at java.lang.reflect.Method.invoke(Native Method)
07-03 21:55:41.683 27575 27575 E LoadedApk: 	at com.android.internal.os.RuntimeInit$MethodAndArgsCaller.run(RuntimeInit.java:539)
07-03 21:55:41.683 27575 27575 E LoadedApk: 	at com.android.internal.os.ZygoteInit.main(ZygoteInit.java:950)
07-03 21:55:44.465 28129 28129 E LoadedApk: Unable to instantiate appComponentFactory
07-03 21:55:44.465 28129 28129 E LoadedApk: java.lang.ClassNotFoundException: Didn't find class "androidx.core.app.CoreComponentFactory" on path: DexPathList[[zip file "/data/app/com.miui.cloudservice-DyMAaNPllEQLEzp1mMyBiw==/base.apk"],nativeLibraryDirectories=[/data/app/com.miui.cloudservice-DyMAaNPllEQLEzp1mMyBiw==/lib/arm64, /data/app/com.miui.cloudservice-DyMAaNPllEQLEzp1mMyBiw==/base.apk!/lib/arm64-v8a, /system/priv-app/RtMiCloudSDK/RtMiCloudSDK.apk!/lib/arm64-v8a, /system/lib64, /product/lib64]]
07-03 21:55:44.465 28129 28129 E LoadedApk: 	at dalvik.system.BaseDexClassLoader.findClass(BaseDexClassLoader.java:230)
07-03 21:55:44.465 28129 28129 E LoadedApk: 	at java.lang.ClassLoader.loadClass(ClassLoader.java:379)
07-03 21:55:44.465 28129 28129 E LoadedApk: 	at java.lang.ClassLoader.loadClass(ClassLoader.java:312)
07-03 21:55:44.465 28129 28129 E LoadedApk: 	at android.app.LoadedApk.createAppFactory(LoadedApk.java:258)
07-03 21:55:44.465 28129 28129 E LoadedApk: 	at android.app.LoadedApk.createOrUpdateClassLoaderLocked(LoadedApk.java:857)
07-03 21:55:44.465 28129 28129 E LoadedApk: 	at android.app.LoadedApk.getClassLoader(LoadedApk.java:952)
07-03 21:55:44.465 28129 28129 E LoadedApk: 	at android.app.LoadedApk.getResources(LoadedApk.java:1190)
07-03 21:55:44.465 28129 28129 E LoadedApk: 	at android.app.ContextImpl.createAppContext(ContextImpl.java:2474)
07-03 21:55:44.465 28129 28129 E LoadedApk: 	at android.app.ContextImpl.createAppContext(ContextImpl.java:2466)
07-03 21:55:44.465 28129 28129 E LoadedApk: 	at android.app.ActivityThread.handleBindApplication(ActivityThread.java:6454)
07-03 21:55:44.465 28129 28129 E LoadedApk: 	at android.app.ActivityThread.access$1400(ActivityThread.java:229)
07-03 21:55:44.465 28129 28129 E LoadedApk: 	at android.app.ActivityThread$H.handleMessage(ActivityThread.java:1892)
07-03 21:55:44.465 28129 28129 E LoadedApk: 	at android.os.Handler.dispatchMessage(Handler.java:107)
07-03 21:55:44.465 28129 28129 E LoadedApk: 	at android.os.Looper.loop(Looper.java:224)
07-03 21:55:44.465 28129 28129 E LoadedApk: 	at android.app.ActivityThread.main(ActivityThread.java:7565)
07-03 21:55:44.465 28129 28129 E LoadedApk: 	at java.lang.reflect.Method.invoke(Native Method)
07-03 21:55:44.465 28129 28129 E LoadedApk: 	at com.android.internal.os.RuntimeInit$MethodAndArgsCaller.run(RuntimeInit.java:539)
07-03 21:55:44.465 28129 28129 E LoadedApk: 	at com.android.internal.os.ZygoteInit.main(ZygoteInit.java:950)
07-03 21:55:50.433 28011 28865 E ActivityThread: Failed to find provider info for com.facebook.katana.provider.AttributionIdProvider
07-03 22:38:16.772  2361  2361 E miui_face: start face unlock  fail:;isSupportFaceUnlock=true;isFaceFeatureEnabled=true;hasEnrolledFaces=false;isFaceUnlockApplyForKeyguard=false;isOwnerUser=true
07-03 22:42:53.378  2361  2361 E miui_face: start face unlock  fail:;isSupportFaceUnlock=true;isFaceFeatureEnabled=true;hasEnrolledFaces=false;isFaceUnlockApplyForKeyguard=false;isOwnerUser=true
07-03 22:42:56.299   696  1409 E NetlinkEvent: NetlinkEvent::FindParam(): Parameter 'INTERFACE' not found
07-03 22:42:56.299   696  1409 E NetlinkEvent: NetlinkEvent::FindParam(): Parameter 'STATE' not found
07-03 22:42:56.299   696  1409 E NetlinkEvent: NetlinkEvent::FindParam(): Parameter 'TIME_NS' not found
07-03 22:42:56.299   696  1409 E NetlinkEvent: NetlinkEvent::FindParam(): Parameter 'UID' not found
07-03 22:42:57.345  2361  2361 E miui_face: start face unlock  fail:;isSupportFaceUnlock=true;isFaceFeatureEnabled=true;hasEnrolledFaces=false;isFaceUnlockApplyForKeyguard=false;isOwnerUser=true
07-03 22:43:00.950 30740 31001 E ActivityThread: Failed to find provider info for com.facebook.appmanager.nekodirect
07-03 22:43:03.985 30740 31174 E SystemConfig: SystemConfig is being accessed by a process other than system_server.
07-03 22:43:04.272 30740 31174 E SystemConfig: SystemConfig is being accessed by a process other than system_server.
07-03 22:43:06.979 30740 31269 E SystemConfig: SystemConfig is being accessed by a process other than system_server.
07-03 22:43:06.982 30740 31269 E SystemConfig: SystemConfig is being accessed by a process other than system_server.
07-03 22:43:06.986 30740 31269 E SystemConfig: SystemConfig is being accessed by a process other than system_server.
07-03 22:43:30.027  2361  2813 E IWirelessSwitch: getWirelessChargingStatus transact failed. java.util.NoSuchElementException
07-03 22:43:30.027  2361  2813 E IWirelessSwitch: Failed calling getWirelessChargingStatus!
07-03 22:43:30.028  2361  2813 E IWirelessSwitch: getWirelessChargingStatus transact failed. java.util.NoSuchElementException
07-03 22:43:30.028  2361  2813 E IWirelessSwitch: Failed calling getWirelessChargingStatus!
07-03 22:43:30.029  2361  2813 E IWirelessSwitch: getWirelessChargingStatus transact failed. java.util.NoSuchElementException
07-03 22:43:30.029  2361  2813 E IWirelessSwitch: Failed calling getWirelessChargingStatus!
07-03 22:43:30.030  2361  2813 E IWirelessSwitch: getWirelessChargingStatus transact failed. java.util.NoSuchElementException
07-03 22:43:30.030  2361  2813 E IWirelessSwitch: Failed calling getWirelessChargingStatus!
07-03 22:43:30.610  2361  2813 E IWirelessSwitch: getWirelessChargingStatus transact failed. java.util.NoSuchElementException
07-03 22:43:30.610  2361  2813 E IWirelessSwitch: Failed calling getWirelessChargingStatus!
07-03 22:43:30.635  2361  2813 E IWirelessSwitch: getWirelessChargingStatus transact failed. java.util.NoSuchElementException
07-03 22:43:30.635  2361  2813 E IWirelessSwitch: Failed calling getWirelessChargingStatus!
07-03 22:43:30.636  2361  2813 E IWirelessSwitch: getWirelessChargingStatus transact failed. java.util.NoSuchElementException
07-03 22:43:30.636  2361  2813 E IWirelessSwitch: Failed calling getWirelessChargingStatus!
07-03 22:43:30.637  2361  2813 E IWirelessSwitch: getWirelessChargingStatus transact failed. java.util.NoSuchElementException
07-03 22:43:30.637  2361  2813 E IWirelessSwitch: Failed calling getWirelessChargingStatus!
07-03 22:44:48.083   696  1409 E NetlinkEvent: NetlinkEvent::FindParam(): Parameter 'INTERFACE' not found
07-03 22:44:48.084   696  1409 E NetlinkEvent: NetlinkEvent::FindParam(): Parameter 'STATE' not found
07-03 22:44:48.084   696  1409 E NetlinkEvent: NetlinkEvent::FindParam(): Parameter 'TIME_NS' not found
07-03 22:44:48.084   696  1409 E NetlinkEvent: NetlinkEvent::FindParam(): Parameter 'UID' not found
07-03 22:45:18.811   696  1409 E NetlinkEvent: NetlinkEvent::FindParam(): Parameter 'INTERFACE' not found
07-03 22:45:18.811   696  1409 E NetlinkEvent: NetlinkEvent::FindParam(): Parameter 'STATE' not found
07-03 22:45:18.811   696  1409 E NetlinkEvent: NetlinkEvent::FindParam(): Parameter 'TIME_NS' not found
07-03 22:45:18.811   696  1409 E NetlinkEvent: NetlinkEvent::FindParam(): Parameter 'UID' not found
07-03 22:45:45.079   696  1409 E NetlinkEvent: NetlinkEvent::FindParam(): Parameter 'INTERFACE' not found
07-03 22:45:45.079   696  1409 E NetlinkEvent: NetlinkEvent::FindParam(): Parameter 'STATE' not found
07-03 22:45:45.079   696  1409 E NetlinkEvent: NetlinkEvent::FindParam(): Parameter 'TIME_NS' not found
07-03 22:45:45.079   696  1409 E NetlinkEvent: NetlinkEvent::FindParam(): Parameter 'UID' not found
07-03 22:47:01.817   696  1409 E NetlinkEvent: NetlinkEvent::FindParam(): Parameter 'INTERFACE' not found
07-03 22:47:01.817   696  1409 E NetlinkEvent: NetlinkEvent::FindParam(): Parameter 'STATE' not found
07-03 22:47:01.817   696  1409 E NetlinkEvent: NetlinkEvent::FindParam(): Parameter 'TIME_NS' not found
07-03 22:47:01.817   696  1409 E NetlinkEvent: NetlinkEvent::FindParam(): Parameter 'UID' not found
07-03 22:47:08.573  2361  2361 E miui_face: start face unlock  fail:;isSupportFaceUnlock=true;isFaceFeatureEnabled=true;hasEnrolledFaces=false;isFaceUnlockApplyForKeyguard=false;isOwnerUser=true
07-03 22:47:40.607   696  1409 E NetlinkEvent: NetlinkEvent::FindParam(): Parameter 'INTERFACE' not found
07-03 22:47:40.607   696  1409 E NetlinkEvent: NetlinkEvent::FindParam(): Parameter 'STATE' not found
07-03 22:47:40.607   696  1409 E NetlinkEvent: NetlinkEvent::FindParam(): Parameter 'TIME_NS' not found
07-03 22:47:40.607   696  1409 E NetlinkEvent: NetlinkEvent::FindParam(): Parameter 'UID' not found
07-03 22:47:42.318  2361  2361 E miui_face: start face unlock  fail:;isSupportFaceUnlock=true;isFaceFeatureEnabled=true;hasEnrolledFaces=false;isFaceUnlockApplyForKeyguard=false;isOwnerUser=true
07-03 22:47:57.473  2361  2361 E miui_face: start face unlock  fail:;isSupportFaceUnlock=true;isFaceFeatureEnabled=true;hasEnrolledFaces=false;isFaceUnlockApplyForKeyguard=false;isOwnerUser=true
07-03 22:59:37.947  2361  2361 E miui_face: start face unlock  fail:;isSupportFaceUnlock=true;isFaceFeatureEnabled=true;hasEnrolledFaces=false;isFaceUnlockApplyForKeyguard=false;isOwnerUser=true
07-03 23:00:19.453  2361  2361 E miui_face: start face unlock  fail:;isSupportFaceUnlock=true;isFaceFeatureEnabled=true;hasEnrolledFaces=false;isFaceUnlockApplyForKeyguard=false;isOwnerUser=true
07-03 23:00:58.684  2361  2361 E miui_face: start face unlock  fail:;isSupportFaceUnlock=true;isFaceFeatureEnabled=true;hasEnrolledFaces=false;isFaceUnlockApplyForKeyguard=false;isOwnerUser=true
07-03 23:04:59.152  2361  2361 E miui_face: start face unlock  fail:;isSupportFaceUnlock=true;isFaceFeatureEnabled=true;hasEnrolledFaces=false;isFaceUnlockApplyForKeyguard=false;isOwnerUser=true
07-03 23:05:47.881  2713  2841 E ActivityThread: Failed to find provider info for com.facebook.appmanager.nekodirect
07-03 23:06:00.152  2361  2361 E miui_face: start face unlock  fail:;isSupportFaceUnlock=true;isFaceFeatureEnabled=true;hasEnrolledFaces=false;isFaceUnlockApplyForKeyguard=false;isOwnerUser=true
07-03 23:07:02.515  2361  2361 E miui_face: start face unlock  fail:;isSupportFaceUnlock=true;isFaceFeatureEnabled=true;hasEnrolledFaces=false;isFaceUnlockApplyForKeyguard=false;isOwnerUser=true
07-03 23:07:31.587  2361  2361 E miui_face: start face unlock  fail:;isSupportFaceUnlock=true;isFaceFeatureEnabled=true;hasEnrolledFaces=false;isFaceUnlockApplyForKeyguard=false;isOwnerUser=true
07-03 23:08:40.895  2361  2361 E miui_face: start face unlock  fail:;isSupportFaceUnlock=true;isFaceFeatureEnabled=true;hasEnrolledFaces=false;isFaceUnlockApplyForKeyguard=false;isOwnerUser=true
07-03 23:08:56.180  2361  2361 E miui_face: start face unlock  fail:;isSupportFaceUnlock=true;isFaceFeatureEnabled=true;hasEnrolledFaces=false;isFaceUnlockApplyForKeyguard=false;isOwnerUser=true
07-03 23:11:56.863  2361  2361 E miui_face: start face unlock  fail:;isSupportFaceUnlock=true;isFaceFeatureEnabled=true;hasEnrolledFaces=false;isFaceUnlockApplyForKeyguard=false;isOwnerUser=true
07-03 23:12:30.579  2361  2361 E miui_face: start face unlock  fail:;isSupportFaceUnlock=true;isFaceFeatureEnabled=true;hasEnrolledFaces=false;isFaceUnlockApplyForKeyguard=false;isOwnerUser=true
07-03 23:13:04.251  2361  2361 E miui_face: start face unlock  fail:;isSupportFaceUnlock=true;isFaceFeatureEnabled=true;hasEnrolledFaces=false;isFaceUnlockApplyForKeyguard=false;isOwnerUser=true
07-03 23:13:48.285  2361  2361 E miui_face: start face unlock  fail:;isSupportFaceUnlock=true;isFaceFeatureEnabled=true;hasEnrolledFaces=false;isFaceUnlockApplyForKeyguard=false;isOwnerUser=true
07-03 23:14:31.815  2361  2361 E miui_face: start face unlock  fail:;isSupportFaceUnlock=true;isFaceFeatureEnabled=true;hasEnrolledFaces=false;isFaceUnlockApplyForKeyguard=false;isOwnerUser=true
07-03 23:15:14.622  2361  2361 E miui_face: start face unlock  fail:;isSupportFaceUnlock=true;isFaceFeatureEnabled=true;hasEnrolledFaces=false;isFaceUnlockApplyForKeyguard=false;isOwnerUser=true
07-03 23:15:29.694  2361  2361 E miui_face: start face unlock  fail:;isSupportFaceUnlock=true;isFaceFeatureEnabled=true;hasEnrolledFaces=false;isFaceUnlockApplyForKeyguard=false;isOwnerUser=true
07-03 23:15:53.763  2361  2361 E miui_face: start face unlock  fail:;isSupportFaceUnlock=true;isFaceFeatureEnabled=true;hasEnrolledFaces=false;isFaceUnlockApplyForKeyguard=false;isOwnerUser=true
07-03 23:16:26.708  2361  2361 E miui_face: start face unlock  fail:;isSupportFaceUnlock=true;isFaceFeatureEnabled=true;hasEnrolledFaces=false;isFaceUnlockApplyForKeyguard=false;isOwnerUser=true
07-03 23:16:38.332  2361  2361 E miui_face: start face unlock  fail:;isSupportFaceUnlock=true;isFaceFeatureEnabled=true;hasEnrolledFaces=false;isFaceUnlockApplyForKeyguard=false;isOwnerUser=true
07-03 23:19:49.458  2361  2813 E IWirelessSwitch: getWirelessChargingStatus transact failed. java.util.NoSuchElementException
07-03 23:19:49.458  2361  2813 E IWirelessSwitch: Failed calling getWirelessChargingStatus!
07-03 23:19:49.492  2361  2813 E IWirelessSwitch: getWirelessChargingStatus transact failed. java.util.NoSuchElementException
07-03 23:19:49.492  2361  2813 E IWirelessSwitch: Failed calling getWirelessChargingStatus!
07-03 23:19:49.493  2361  2813 E IWirelessSwitch: getWirelessChargingStatus transact failed. java.util.NoSuchElementException
07-03 23:19:49.493  2361  2813 E IWirelessSwitch: Failed calling getWirelessChargingStatus!
07-03 23:19:49.494  2361  2813 E IWirelessSwitch: getWirelessChargingStatus transact failed. java.util.NoSuchElementException
07-03 23:19:49.494  2361  2813 E IWirelessSwitch: Failed calling getWirelessChargingStatus!
07-03 23:20:12.074  2361  2361 E miui_face: start face unlock  fail:;isSupportFaceUnlock=true;isFaceFeatureEnabled=true;hasEnrolledFaces=false;isFaceUnlockApplyForKeyguard=false;isOwnerUser=true
07-03 23:20:42.050  2361  2361 E miui_face: start face unlock  fail:;isSupportFaceUnlock=true;isFaceFeatureEnabled=true;hasEnrolledFaces=false;isFaceUnlockApplyForKeyguard=false;isOwnerUser=true
07-03 23:21:32.489  2361  2361 E miui_face: start face unlock  fail:;isSupportFaceUnlock=true;isFaceFeatureEnabled=true;hasEnrolledFaces=false;isFaceUnlockApplyForKeyguard=false;isOwnerUser=true
07-03 23:21:41.927  2361  2361 E miui_face: start face unlock  fail:;isSupportFaceUnlock=true;isFaceFeatureEnabled=true;hasEnrolledFaces=false;isFaceUnlockApplyForKeyguard=false;isOwnerUser=true
07-03 23:22:08.103  2361  2361 E miui_face: start face unlock  fail:;isSupportFaceUnlock=true;isFaceFeatureEnabled=true;hasEnrolledFaces=false;isFaceUnlockApplyForKeyguard=false;isOwnerUser=true
07-03 23:23:23.707  2361  2361 E miui_face: start face unlock  fail:;isSupportFaceUnlock=true;isFaceFeatureEnabled=true;hasEnrolledFaces=false;isFaceUnlockApplyForKeyguard=false;isOwnerUser=true
07-03 23:24:17.755  2361  2361 E miui_face: start face unlock  fail:;isSupportFaceUnlock=true;isFaceFeatureEnabled=true;hasEnrolledFaces=false;isFaceUnlockApplyForKeyguard=false;isOwnerUser=true
07-03 23:24:56.245  2361  2361 E miui_face: start face unlock  fail:;isSupportFaceUnlock=true;isFaceFeatureEnabled=true;hasEnrolledFaces=false;isFaceUnlockApplyForKeyguard=false;isOwnerUser=true
07-03 23:25:18.865  2361  2361 E miui_face: start face unlock  fail:;isSupportFaceUnlock=true;isFaceFeatureEnabled=true;hasEnrolledFaces=false;isFaceUnlockApplyForKeyguard=false;isOwnerUser=true
07-03 23:25:41.934  2361  2361 E miui_face: start face unlock  fail:;isSupportFaceUnlock=true;isFaceFeatureEnabled=true;hasEnrolledFaces=false;isFaceUnlockApplyForKeyguard=false;isOwnerUser=true
07-03 23:27:33.373  6515  6515 E LoadedApk: Unable to instantiate appComponentFactory
07-03 23:27:33.373  6515  6515 E LoadedApk: java.lang.ClassNotFoundException: Didn't find class "androidx.core.app.CoreComponentFactory" on path: DexPathList[[zip file "/system/app/Updater/Updater.apk"],nativeLibraryDirectories=[/system/app/Updater/lib/arm64, /system/lib64, /product/lib64, /system/lib64, /product/lib64]]
07-03 23:27:33.373  6515  6515 E LoadedApk: 	at dalvik.system.BaseDexClassLoader.findClass(BaseDexClassLoader.java:230)
07-03 23:27:33.373  6515  6515 E LoadedApk: 	at java.lang.ClassLoader.loadClass(ClassLoader.java:379)
07-03 23:27:33.373  6515  6515 E LoadedApk: 	at java.lang.ClassLoader.loadClass(ClassLoader.java:312)
07-03 23:27:33.373  6515  6515 E LoadedApk: 	at android.app.LoadedApk.createAppFactory(LoadedApk.java:258)
07-03 23:27:33.373  6515  6515 E LoadedApk: 	at android.app.LoadedApk.createOrUpdateClassLoaderLocked(LoadedApk.java:857)
07-03 23:27:33.373  6515  6515 E LoadedApk: 	at android.app.LoadedApk.getClassLoader(LoadedApk.java:952)
07-03 23:27:33.373  6515  6515 E LoadedApk: 	at android.app.LoadedApk.getResources(LoadedApk.java:1190)
07-03 23:27:33.373  6515  6515 E LoadedApk: 	at android.app.ContextImpl.createAppContext(ContextImpl.java:2474)
07-03 23:27:33.373  6515  6515 E LoadedApk: 	at android.app.ContextImpl.createAppContext(ContextImpl.java:2466)
07-03 23:27:33.373  6515  6515 E LoadedApk: 	at android.app.ActivityThread.handleBindApplication(ActivityThread.java:6454)
07-03 23:27:33.373  6515  6515 E LoadedApk: 	at android.app.ActivityThread.access$1400(ActivityThread.java:229)
07-03 23:27:33.373  6515  6515 E LoadedApk: 	at android.app.ActivityThread$H.handleMessage(ActivityThread.java:1892)
07-03 23:27:33.373  6515  6515 E LoadedApk: 	at android.os.Handler.dispatchMessage(Handler.java:107)
07-03 23:27:33.373  6515  6515 E LoadedApk: 	at android.os.Looper.loop(Looper.java:224)
07-03 23:27:33.373  6515  6515 E LoadedApk: 	at android.app.ActivityThread.main(ActivityThread.java:7565)
07-03 23:27:33.373  6515  6515 E LoadedApk: 	at java.lang.reflect.Method.invoke(Native Method)
07-03 23:27:33.373  6515  6515 E LoadedApk: 	at com.android.internal.os.RuntimeInit$MethodAndArgsCaller.run(RuntimeInit.java:539)
07-03 23:27:33.373  6515  6515 E LoadedApk: 	at com.android.internal.os.ZygoteInit.main(ZygoteInit.java:950)
07-03 23:29:23.177  2361  2813 E IWirelessSwitch: getWirelessChargingStatus transact failed. java.util.NoSuchElementException
07-03 23:29:23.178  2361  2813 E IWirelessSwitch: Failed calling getWirelessChargingStatus!
07-03 23:29:23.186  2361  2813 E IWirelessSwitch: getWirelessChargingStatus transact failed. java.util.NoSuchElementException
07-03 23:29:23.186  2361  2813 E IWirelessSwitch: Failed calling getWirelessChargingStatus!
07-03 23:29:23.187  2361  2813 E IWirelessSwitch: getWirelessChargingStatus transact failed. java.util.NoSuchElementException
07-03 23:29:23.187  2361  2813 E IWirelessSwitch: Failed calling getWirelessChargingStatus!
07-03 23:29:23.189  2361  2813 E IWirelessSwitch: getWirelessChargingStatus transact failed. java.util.NoSuchElementException
07-03 23:29:23.189  2361  2813 E IWirelessSwitch: Failed calling getWirelessChargingStatus!
07-03 23:29:26.591  2361  2813 E IWirelessSwitch: getWirelessChargingStatus transact failed. java.util.NoSuchElementException
07-03 23:29:26.591  2361  2813 E IWirelessSwitch: Failed calling getWirelessChargingStatus!
07-03 23:29:26.631  2361  2813 E IWirelessSwitch: getWirelessChargingStatus transact failed. java.util.NoSuchElementException
07-03 23:29:26.631  2361  2813 E IWirelessSwitch: Failed calling getWirelessChargingStatus!
07-03 23:29:26.633  2361  2813 E IWirelessSwitch: getWirelessChargingStatus transact failed. java.util.NoSuchElementException
07-03 23:29:26.633  2361  2813 E IWirelessSwitch: Failed calling getWirelessChargingStatus!
07-03 23:29:26.635  2361  2813 E IWirelessSwitch: getWirelessChargingStatus transact failed. java.util.NoSuchElementException
07-03 23:29:26.635  2361  2813 E IWirelessSwitch: Failed calling getWirelessChargingStatus!
07-03 23:41:29.039  2361  2361 E miui_face: start face unlock  fail:;isSupportFaceUnlock=true;isFaceFeatureEnabled=true;hasEnrolledFaces=false;isFaceUnlockApplyForKeyguard=false;isOwnerUser=true
07-03 23:43:35.516  2361  2361 E miui_face: start face unlock  fail:;isSupportFaceUnlock=true;isFaceFeatureEnabled=true;hasEnrolledFaces=false;isFaceUnlockApplyForKeyguard=false;isOwnerUser=true
07-03 23:44:12.818  2361  2361 E miui_face: start face unlock  fail:;isSupportFaceUnlock=true;isFaceFeatureEnabled=true;hasEnrolledFaces=false;isFaceUnlockApplyForKeyguard=false;isOwnerUser=true
07-03 23:45:38.802  2361  2361 E miui_face: start face unlock  fail:;isSupportFaceUnlock=true;isFaceFeatureEnabled=true;hasEnrolledFaces=false;isFaceUnlockApplyForKeyguard=false;isOwnerUser=true
07-03 23:50:29.128  2361  2361 E miui_face: start face unlock  fail:;isSupportFaceUnlock=true;isFaceFeatureEnabled=true;hasEnrolledFaces=false;isFaceUnlockApplyForKeyguard=false;isOwnerUser=true
07-03 23:50:40.193  2361  2361 E miui_face: start face unlock  fail:;isSupportFaceUnlock=true;isFaceFeatureEnabled=true;hasEnrolledFaces=false;isFaceUnlockApplyForKeyguard=false;isOwnerUser=true
07-03 23:51:56.416  2361  2361 E miui_face: start face unlock  fail:;isSupportFaceUnlock=true;isFaceFeatureEnabled=true;hasEnrolledFaces=false;isFaceUnlockApplyForKeyguard=false;isOwnerUser=true
07-03 23:53:37.325  2361  2361 E miui_face: start face unlock  fail:;isSupportFaceUnlock=true;isFaceFeatureEnabled=true;hasEnrolledFaces=false;isFaceUnlockApplyForKeyguard=false;isOwnerUser=true
07-03 23:54:13.328  2361  2361 E miui_face: start face unlock  fail:;isSupportFaceUnlock=true;isFaceFeatureEnabled=true;hasEnrolledFaces=false;isFaceUnlockApplyForKeyguard=false;isOwnerUser=true
07-03 23:55:42.863  2361  2361 E miui_face: start face unlock  fail:;isSupportFaceUnlock=true;isFaceFeatureEnabled=true;hasEnrolledFaces=false;isFaceUnlockApplyForKeyguard=false;isOwnerUser=true
07-03 23:56:58.351  2361  2361 E miui_face: start face unlock  fail:;isSupportFaceUnlock=true;isFaceFeatureEnabled=true;hasEnrolledFaces=false;isFaceUnlockApplyForKeyguard=false;isOwnerUser=true
07-03 23:57:27.810  2361  2361 E miui_face: start face unlock  fail:;isSupportFaceUnlock=true;isFaceFeatureEnabled=true;hasEnrolledFaces=false;isFaceUnlockApplyForKeyguard=false;isOwnerUser=true
07-03 23:59:29.550  2361  2361 E miui_face: start face unlock  fail:;isSupportFaceUnlock=true;isFaceFeatureEnabled=true;hasEnrolledFaces=false;isFaceUnlockApplyForKeyguard=false;isOwnerUser=true
07-03 23:59:52.210  2361  2361 E miui_face: start face unlock  fail:;isSupportFaceUnlock=true;isFaceFeatureEnabled=true;hasEnrolledFaces=false;isFaceUnlockApplyForKeyguard=false;isOwnerUser=true
07-04 00:00:05.577  2361  2361 E miui_face: start face unlock  fail:;isSupportFaceUnlock=true;isFaceFeatureEnabled=true;hasEnrolledFaces=false;isFaceUnlockApplyForKeyguard=false;isOwnerUser=true
07-04 00:00:44.458  8777  8777 E LoadedApk: Unable to instantiate appComponentFactory
